mode: set
github.com/kamilmucik/question-svc/pkg/config/config.go:10.46,19.16 6 0
github.com/kamilmucik/question-svc/pkg/config/config.go:19.16,21.3 1 0
github.com/kamilmucik/question-svc/pkg/config/config.go:23.2,25.8 2 0
github.com/kamilmucik/question-svc/cmd/main.go:15.13,18.16 2 0
github.com/kamilmucik/question-svc/cmd/main.go:18.16,20.3 1 0
github.com/kamilmucik/question-svc/cmd/main.go:22.2,26.16 3 0
github.com/kamilmucik/question-svc/cmd/main.go:26.16,28.3 1 0
github.com/kamilmucik/question-svc/cmd/main.go:30.2,52.46 11 0
github.com/kamilmucik/question-svc/cmd/main.go:52.46,54.3 1 0
github.com/kamilmucik/question-svc/pkg/model/answer.go:13.41,15.2 1 0
github.com/kamilmucik/question-svc/pkg/model/answer.go:17.40,19.2 1 0
github.com/kamilmucik/question-svc/pkg/model/category.go:14.36,16.2 1 0
github.com/kamilmucik/question-svc/pkg/model/department.go:9.38,11.2 1 0
github.com/kamilmucik/question-svc/pkg/model/question.go:13.45,15.2 1 0
github.com/kamilmucik/question-svc/pkg/model/question.go:17.44,19.2 1 0
github.com/kamilmucik/question-svc/pkg/service/base.go:12.49,14.2 1 0
github.com/kamilmucik/question-svc/pkg/service/base.go:16.58,21.2 2 0
github.com/kamilmucik/question-svc/pkg/service/category.go:17.133,25.16 5 0
github.com/kamilmucik/question-svc/pkg/service/category.go:25.16,30.3 1 0
github.com/kamilmucik/question-svc/pkg/service/category.go:32.2,33.18 2 0
github.com/kamilmucik/question-svc/pkg/service/category.go:33.18,40.3 3 0
github.com/kamilmucik/question-svc/pkg/service/category.go:42.2,45.8 1 0
github.com/kamilmucik/question-svc/pkg/service/category.go:48.142,60.16 7 0
github.com/kamilmucik/question-svc/pkg/service/category.go:60.16,65.3 1 0
github.com/kamilmucik/question-svc/pkg/service/category.go:67.2,68.38 2 0
github.com/kamilmucik/question-svc/pkg/service/category.go:68.38,71.3 2 0
github.com/kamilmucik/question-svc/pkg/service/category.go:73.2,77.8 1 0
github.com/kamilmucik/question-svc/pkg/service/department.go:17.100,22.70 3 0
github.com/kamilmucik/question-svc/pkg/service/department.go:22.70,27.3 1 0
github.com/kamilmucik/question-svc/pkg/service/department.go:29.2,37.8 2 0
github.com/kamilmucik/question-svc/pkg/service/department.go:40.100,46.16 4 0
github.com/kamilmucik/question-svc/pkg/service/department.go:46.16,51.3 1 0
github.com/kamilmucik/question-svc/pkg/service/department.go:53.2,54.18 2 0
github.com/kamilmucik/question-svc/pkg/service/department.go:54.18,59.3 3 0
github.com/kamilmucik/question-svc/pkg/service/department.go:61.2,64.8 1 0
github.com/kamilmucik/question-svc/pkg/service/department.go:67.109,76.16 7 0
github.com/kamilmucik/question-svc/pkg/service/department.go:76.16,81.3 1 0
github.com/kamilmucik/question-svc/pkg/service/department.go:83.2,84.41 2 0
github.com/kamilmucik/question-svc/pkg/service/department.go:84.41,87.3 2 0
github.com/kamilmucik/question-svc/pkg/service/department.go:89.2,93.8 1 0
github.com/kamilmucik/question-svc/pkg/service/question.go:17.132,22.16 4 0
github.com/kamilmucik/question-svc/pkg/service/question.go:22.16,27.3 1 0
github.com/kamilmucik/question-svc/pkg/service/question.go:29.2,29.37 1 0
github.com/kamilmucik/question-svc/pkg/service/question.go:29.37,31.43 2 0
github.com/kamilmucik/question-svc/pkg/service/question.go:31.43,34.4 2 0
github.com/kamilmucik/question-svc/pkg/service/question.go:35.3,35.27 1 0
github.com/kamilmucik/question-svc/pkg/service/question.go:38.2,43.8 2 0
github.com/kamilmucik/question-svc/pkg/service/question.go:46.141,58.16 7 0
github.com/kamilmucik/question-svc/pkg/service/question.go:58.16,63.3 1 0
github.com/kamilmucik/question-svc/pkg/service/question.go:65.2,66.37 2 0
github.com/kamilmucik/question-svc/pkg/service/question.go:66.37,68.43 2 0
github.com/kamilmucik/question-svc/pkg/service/question.go:68.43,71.4 2 0
github.com/kamilmucik/question-svc/pkg/service/question.go:72.3,72.27 1 0
github.com/kamilmucik/question-svc/pkg/service/question.go:75.2,79.8 1 0
github.com/kamilmucik/question-svc/pkg/service/quiz.go:15.125,21.16 5 0
github.com/kamilmucik/question-svc/pkg/service/quiz.go:21.16,26.3 1 0
github.com/kamilmucik/question-svc/pkg/service/quiz.go:28.2,28.37 1 0
github.com/kamilmucik/question-svc/pkg/service/quiz.go:28.37,30.43 2 0
github.com/kamilmucik/question-svc/pkg/service/quiz.go:30.43,33.4 2 0
github.com/kamilmucik/question-svc/pkg/service/quiz.go:34.3,34.27 1 0
github.com/kamilmucik/question-svc/pkg/service/quiz.go:37.2,41.8 1 0
github.com/kamilmucik/question-svc/pkg/db/db.go:15.31,18.16 2 0
github.com/kamilmucik/question-svc/pkg/db/db.go:18.16,20.3 1 0
github.com/kamilmucik/question-svc/pkg/db/db.go:22.2,24.20 2 0
github.com/kamilmucik/question-svc/pkg/pb/category.pb.go:34.36,36.29 2 0
github.com/kamilmucik/question-svc/pkg/pb/category.pb.go:36.29,40.3 3 0
github.com/kamilmucik/question-svc/pkg/pb/category.pb.go:43.44,45.2 1 0
github.com/kamilmucik/question-svc/pkg/pb/category.pb.go:47.42,47.43 0 0
github.com/kamilmucik/question-svc/pkg/pb/category.pb.go:49.64,51.41 2 0
github.com/kamilmucik/question-svc/pkg/pb/category.pb.go:51.41,53.34 2 0
github.com/kamilmucik/question-svc/pkg/pb/category.pb.go:53.34,55.4 1 0
github.com/kamilmucik/question-svc/pkg/pb/category.pb.go:56.3,56.12 1 0
github.com/kamilmucik/question-svc/pkg/pb/category.pb.go:58.2,58.24 1 0
github.com/kamilmucik/question-svc/pkg/pb/category.pb.go:62.55,64.2 1 0
github.com/kamilmucik/question-svc/pkg/pb/category.pb.go:66.42,67.14 1 0
github.com/kamilmucik/question-svc/pkg/pb/category.pb.go:67.14,69.3 1 0
github.com/kamilmucik/question-svc/pkg/pb/category.pb.go:70.2,70.10 1 0
github.com/kamilmucik/question-svc/pkg/pb/category.pb.go:73.45,74.14 1 0
github.com/kamilmucik/question-svc/pkg/pb/category.pb.go:74.14,76.3 1 0
github.com/kamilmucik/question-svc/pkg/pb/category.pb.go:77.2,77.11 1 0
github.com/kamilmucik/question-svc/pkg/pb/category.pb.go:80.52,81.14 1 0
github.com/kamilmucik/question-svc/pkg/pb/category.pb.go:81.14,83.3 1 0
github.com/kamilmucik/question-svc/pkg/pb/category.pb.go:84.2,84.10 1 0
github.com/kamilmucik/question-svc/pkg/pb/category.pb.go:95.44,97.29 2 0
github.com/kamilmucik/question-svc/pkg/pb/category.pb.go:97.29,101.3 3 0
github.com/kamilmucik/question-svc/pkg/pb/category.pb.go:104.52,106.2 1 0
github.com/kamilmucik/question-svc/pkg/pb/category.pb.go:108.50,108.51 0 0
github.com/kamilmucik/question-svc/pkg/pb/category.pb.go:110.72,112.41 2 0
github.com/kamilmucik/question-svc/pkg/pb/category.pb.go:112.41,114.34 2 0
github.com/kamilmucik/question-svc/pkg/pb/category.pb.go:114.34,116.4 1 0
github.com/kamilmucik/question-svc/pkg/pb/category.pb.go:117.3,117.12 1 0
github.com/kamilmucik/question-svc/pkg/pb/category.pb.go:119.2,119.24 1 0
github.com/kamilmucik/question-svc/pkg/pb/category.pb.go:123.63,125.2 1 0
github.com/kamilmucik/question-svc/pkg/pb/category.pb.go:127.50,128.14 1 0
github.com/kamilmucik/question-svc/pkg/pb/category.pb.go:128.14,130.3 1 0
github.com/kamilmucik/question-svc/pkg/pb/category.pb.go:131.2,131.10 1 0
github.com/kamilmucik/question-svc/pkg/pb/category.pb.go:144.45,146.29 2 0
github.com/kamilmucik/question-svc/pkg/pb/category.pb.go:146.29,150.3 3 0
github.com/kamilmucik/question-svc/pkg/pb/category.pb.go:153.53,155.2 1 0
github.com/kamilmucik/question-svc/pkg/pb/category.pb.go:157.51,157.52 0 0
github.com/kamilmucik/question-svc/pkg/pb/category.pb.go:159.73,161.41 2 0
github.com/kamilmucik/question-svc/pkg/pb/category.pb.go:161.41,163.34 2 0
github.com/kamilmucik/question-svc/pkg/pb/category.pb.go:163.34,165.4 1 0
github.com/kamilmucik/question-svc/pkg/pb/category.pb.go:166.3,166.12 1 0
github.com/kamilmucik/question-svc/pkg/pb/category.pb.go:168.2,168.24 1 0
github.com/kamilmucik/question-svc/pkg/pb/category.pb.go:172.64,174.2 1 0
github.com/kamilmucik/question-svc/pkg/pb/category.pb.go:176.55,177.14 1 0
github.com/kamilmucik/question-svc/pkg/pb/category.pb.go:177.14,179.3 1 0
github.com/kamilmucik/question-svc/pkg/pb/category.pb.go:180.2,180.10 1 0
github.com/kamilmucik/question-svc/pkg/pb/category.pb.go:183.55,184.14 1 0
github.com/kamilmucik/question-svc/pkg/pb/category.pb.go:184.14,186.3 1 0
github.com/kamilmucik/question-svc/pkg/pb/category.pb.go:187.2,187.11 1 0
github.com/kamilmucik/question-svc/pkg/pb/category.pb.go:190.67,191.14 1 0
github.com/kamilmucik/question-svc/pkg/pb/category.pb.go:191.14,193.3 1 0
github.com/kamilmucik/question-svc/pkg/pb/category.pb.go:194.2,194.12 1 0
github.com/kamilmucik/question-svc/pkg/pb/category.pb.go:212.44,214.29 2 0
github.com/kamilmucik/question-svc/pkg/pb/category.pb.go:214.29,218.3 3 0
github.com/kamilmucik/question-svc/pkg/pb/category.pb.go:221.52,223.2 1 0
github.com/kamilmucik/question-svc/pkg/pb/category.pb.go:225.50,225.51 0 0
github.com/kamilmucik/question-svc/pkg/pb/category.pb.go:227.72,229.41 2 0
github.com/kamilmucik/question-svc/pkg/pb/category.pb.go:229.41,231.34 2 0
github.com/kamilmucik/question-svc/pkg/pb/category.pb.go:231.34,233.4 1 0
github.com/kamilmucik/question-svc/pkg/pb/category.pb.go:234.3,234.12 1 0
github.com/kamilmucik/question-svc/pkg/pb/category.pb.go:236.2,236.24 1 0
github.com/kamilmucik/question-svc/pkg/pb/category.pb.go:240.63,242.2 1 0
github.com/kamilmucik/question-svc/pkg/pb/category.pb.go:244.50,245.14 1 0
github.com/kamilmucik/question-svc/pkg/pb/category.pb.go:245.14,247.3 1 0
github.com/kamilmucik/question-svc/pkg/pb/category.pb.go:248.2,248.10 1 0
github.com/kamilmucik/question-svc/pkg/pb/category.pb.go:251.53,252.14 1 0
github.com/kamilmucik/question-svc/pkg/pb/category.pb.go:252.14,254.3 1 0
github.com/kamilmucik/question-svc/pkg/pb/category.pb.go:255.2,255.11 1 0
github.com/kamilmucik/question-svc/pkg/pb/category.pb.go:258.60,259.14 1 0
github.com/kamilmucik/question-svc/pkg/pb/category.pb.go:259.14,261.3 1 0
github.com/kamilmucik/question-svc/pkg/pb/category.pb.go:262.2,262.10 1 0
github.com/kamilmucik/question-svc/pkg/pb/category.pb.go:265.53,266.14 1 0
github.com/kamilmucik/question-svc/pkg/pb/category.pb.go:266.14,268.3 1 0
github.com/kamilmucik/question-svc/pkg/pb/category.pb.go:269.2,269.11 1 0
github.com/kamilmucik/question-svc/pkg/pb/category.pb.go:272.57,273.14 1 0
github.com/kamilmucik/question-svc/pkg/pb/category.pb.go:273.14,275.3 1 0
github.com/kamilmucik/question-svc/pkg/pb/category.pb.go:276.2,276.10 1 0
github.com/kamilmucik/question-svc/pkg/pb/category.pb.go:279.61,280.14 1 0
github.com/kamilmucik/question-svc/pkg/pb/category.pb.go:280.14,282.3 1 0
github.com/kamilmucik/question-svc/pkg/pb/category.pb.go:283.2,283.10 1 0
github.com/kamilmucik/question-svc/pkg/pb/category.pb.go:286.64,287.14 1 0
github.com/kamilmucik/question-svc/pkg/pb/category.pb.go:287.14,289.3 1 0
github.com/kamilmucik/question-svc/pkg/pb/category.pb.go:290.2,290.10 1 0
github.com/kamilmucik/question-svc/pkg/pb/category.pb.go:303.47,305.29 2 0
github.com/kamilmucik/question-svc/pkg/pb/category.pb.go:305.29,309.3 3 0
github.com/kamilmucik/question-svc/pkg/pb/category.pb.go:312.55,314.2 1 0
github.com/kamilmucik/question-svc/pkg/pb/category.pb.go:316.53,316.54 0 0
github.com/kamilmucik/question-svc/pkg/pb/category.pb.go:318.75,320.41 2 0
github.com/kamilmucik/question-svc/pkg/pb/category.pb.go:320.41,322.34 2 0
github.com/kamilmucik/question-svc/pkg/pb/category.pb.go:322.34,324.4 1 0
github.com/kamilmucik/question-svc/pkg/pb/category.pb.go:325.3,325.12 1 0
github.com/kamilmucik/question-svc/pkg/pb/category.pb.go:327.2,327.24 1 0
github.com/kamilmucik/question-svc/pkg/pb/category.pb.go:331.66,333.2 1 0
github.com/kamilmucik/question-svc/pkg/pb/category.pb.go:335.63,336.14 1 0
github.com/kamilmucik/question-svc/pkg/pb/category.pb.go:336.14,338.3 1 0
github.com/kamilmucik/question-svc/pkg/pb/category.pb.go:339.2,339.10 1 0
github.com/kamilmucik/question-svc/pkg/pb/category.pb.go:342.62,343.14 1 0
github.com/kamilmucik/question-svc/pkg/pb/category.pb.go:343.14,345.3 1 0
github.com/kamilmucik/question-svc/pkg/pb/category.pb.go:346.2,346.10 1 0
github.com/kamilmucik/question-svc/pkg/pb/category.pb.go:349.59,350.14 1 0
github.com/kamilmucik/question-svc/pkg/pb/category.pb.go:350.14,352.3 1 0
github.com/kamilmucik/question-svc/pkg/pb/category.pb.go:353.2,353.10 1 0
github.com/kamilmucik/question-svc/pkg/pb/category.pb.go:367.48,369.29 2 0
github.com/kamilmucik/question-svc/pkg/pb/category.pb.go:369.29,373.3 3 0
github.com/kamilmucik/question-svc/pkg/pb/category.pb.go:376.56,378.2 1 0
github.com/kamilmucik/question-svc/pkg/pb/category.pb.go:380.54,380.55 0 0
github.com/kamilmucik/question-svc/pkg/pb/category.pb.go:382.76,384.41 2 0
github.com/kamilmucik/question-svc/pkg/pb/category.pb.go:384.41,386.34 2 0
github.com/kamilmucik/question-svc/pkg/pb/category.pb.go:386.34,388.4 1 0
github.com/kamilmucik/question-svc/pkg/pb/category.pb.go:389.3,389.12 1 0
github.com/kamilmucik/question-svc/pkg/pb/category.pb.go:391.2,391.24 1 0
github.com/kamilmucik/question-svc/pkg/pb/category.pb.go:395.67,397.2 1 0
github.com/kamilmucik/question-svc/pkg/pb/category.pb.go:399.58,400.14 1 0
github.com/kamilmucik/question-svc/pkg/pb/category.pb.go:400.14,402.3 1 0
github.com/kamilmucik/question-svc/pkg/pb/category.pb.go:403.2,403.10 1 0
github.com/kamilmucik/question-svc/pkg/pb/category.pb.go:406.58,407.14 1 0
github.com/kamilmucik/question-svc/pkg/pb/category.pb.go:407.14,409.3 1 0
github.com/kamilmucik/question-svc/pkg/pb/category.pb.go:410.2,410.11 1 0
github.com/kamilmucik/question-svc/pkg/pb/category.pb.go:413.61,414.14 1 0
github.com/kamilmucik/question-svc/pkg/pb/category.pb.go:414.14,416.3 1 0
github.com/kamilmucik/question-svc/pkg/pb/category.pb.go:417.2,417.10 1 0
github.com/kamilmucik/question-svc/pkg/pb/category.pb.go:420.78,421.14 1 0
github.com/kamilmucik/question-svc/pkg/pb/category.pb.go:421.14,423.3 1 0
github.com/kamilmucik/question-svc/pkg/pb/category.pb.go:424.2,424.12 1 0
github.com/kamilmucik/question-svc/pkg/pb/category.pb.go:504.54,505.51 1 0
github.com/kamilmucik/question-svc/pkg/pb/category.pb.go:505.51,507.3 1 0
github.com/kamilmucik/question-svc/pkg/pb/category.pb.go:508.2,508.47 1 0
github.com/kamilmucik/question-svc/pkg/pb/category.pb.go:534.13,534.50 1 0
github.com/kamilmucik/question-svc/pkg/pb/category.pb.go:535.40,536.39 1 0
github.com/kamilmucik/question-svc/pkg/pb/category.pb.go:536.39,538.3 1 0
github.com/kamilmucik/question-svc/pkg/pb/category.pb.go:539.2,539.30 1 0
github.com/kamilmucik/question-svc/pkg/pb/category.pb.go:539.30,540.92 1 0
github.com/kamilmucik/question-svc/pkg/pb/category.pb.go:540.92,541.41 1 0
github.com/kamilmucik/question-svc/pkg/pb/category.pb.go:542.11,543.20 1 0
github.com/kamilmucik/question-svc/pkg/pb/category.pb.go:544.11,545.24 1 0
github.com/kamilmucik/question-svc/pkg/pb/category.pb.go:546.11,547.28 1 0
github.com/kamilmucik/question-svc/pkg/pb/category.pb.go:548.12,549.15 1 0
github.com/kamilmucik/question-svc/pkg/pb/category.pb.go:552.3,552.92 1 0
github.com/kamilmucik/question-svc/pkg/pb/category.pb.go:552.92,553.49 1 0
github.com/kamilmucik/question-svc/pkg/pb/category.pb.go:554.11,555.20 1 0
github.com/kamilmucik/question-svc/pkg/pb/category.pb.go:556.11,557.24 1 0
github.com/kamilmucik/question-svc/pkg/pb/category.pb.go:558.11,559.28 1 0
github.com/kamilmucik/question-svc/pkg/pb/category.pb.go:560.12,561.15 1 0
github.com/kamilmucik/question-svc/pkg/pb/category.pb.go:564.3,564.92 1 0
github.com/kamilmucik/question-svc/pkg/pb/category.pb.go:564.92,565.50 1 0
github.com/kamilmucik/question-svc/pkg/pb/category.pb.go:566.11,567.20 1 0
github.com/kamilmucik/question-svc/pkg/pb/category.pb.go:568.11,569.24 1 0
github.com/kamilmucik/question-svc/pkg/pb/category.pb.go:570.11,571.28 1 0
github.com/kamilmucik/question-svc/pkg/pb/category.pb.go:572.12,573.15 1 0
github.com/kamilmucik/question-svc/pkg/pb/category.pb.go:576.3,576.92 1 0
github.com/kamilmucik/question-svc/pkg/pb/category.pb.go:576.92,577.49 1 0
github.com/kamilmucik/question-svc/pkg/pb/category.pb.go:578.11,579.20 1 0
github.com/kamilmucik/question-svc/pkg/pb/category.pb.go:580.11,581.24 1 0
github.com/kamilmucik/question-svc/pkg/pb/category.pb.go:582.11,583.28 1 0
github.com/kamilmucik/question-svc/pkg/pb/category.pb.go:584.12,585.15 1 0
github.com/kamilmucik/question-svc/pkg/pb/category.pb.go:588.3,588.92 1 0
github.com/kamilmucik/question-svc/pkg/pb/category.pb.go:588.92,589.52 1 0
github.com/kamilmucik/question-svc/pkg/pb/category.pb.go:590.11,591.20 1 0
github.com/kamilmucik/question-svc/pkg/pb/category.pb.go:592.11,593.24 1 0
github.com/kamilmucik/question-svc/pkg/pb/category.pb.go:594.11,595.28 1 0
github.com/kamilmucik/question-svc/pkg/pb/category.pb.go:596.12,597.15 1 0
github.com/kamilmucik/question-svc/pkg/pb/category.pb.go:600.3,600.92 1 0
github.com/kamilmucik/question-svc/pkg/pb/category.pb.go:600.92,601.53 1 0
github.com/kamilmucik/question-svc/pkg/pb/category.pb.go:602.11,603.20 1 0
github.com/kamilmucik/question-svc/pkg/pb/category.pb.go:604.11,605.24 1 0
github.com/kamilmucik/question-svc/pkg/pb/category.pb.go:606.11,607.28 1 0
github.com/kamilmucik/question-svc/pkg/pb/category.pb.go:608.12,609.15 1 0
github.com/kamilmucik/question-svc/pkg/pb/category.pb.go:613.2,630.42 6 0
github.com/kamilmucik/question-svc/pkg/pb/category_grpc.pb.go:38.82,40.2 1 0
github.com/kamilmucik/question-svc/pkg/pb/category_grpc.pb.go:42.163,45.16 3 0
github.com/kamilmucik/question-svc/pkg/pb/category_grpc.pb.go:45.16,47.3 1 0
github.com/kamilmucik/question-svc/pkg/pb/category_grpc.pb.go:48.2,48.17 1 0
github.com/kamilmucik/question-svc/pkg/pb/category_grpc.pb.go:51.172,54.16 3 0
github.com/kamilmucik/question-svc/pkg/pb/category_grpc.pb.go:54.16,56.3 1 0
github.com/kamilmucik/question-svc/pkg/pb/category_grpc.pb.go:57.2,57.17 1 0
github.com/kamilmucik/question-svc/pkg/pb/category_grpc.pb.go:72.141,74.2 1 0
github.com/kamilmucik/question-svc/pkg/pb/category_grpc.pb.go:75.150,77.2 1 0
github.com/kamilmucik/question-svc/pkg/pb/category_grpc.pb.go:86.88,88.2 1 0
github.com/kamilmucik/question-svc/pkg/pb/category_grpc.pb.go:90.178,92.32 2 0
github.com/kamilmucik/question-svc/pkg/pb/category_grpc.pb.go:92.32,94.3 1 0
github.com/kamilmucik/question-svc/pkg/pb/category_grpc.pb.go:95.2,95.24 1 0
github.com/kamilmucik/question-svc/pkg/pb/category_grpc.pb.go:95.24,97.3 1 0
github.com/kamilmucik/question-svc/pkg/pb/category_grpc.pb.go:98.2,102.77 2 0
github.com/kamilmucik/question-svc/pkg/pb/category_grpc.pb.go:102.77,104.3 1 0
github.com/kamilmucik/question-svc/pkg/pb/category_grpc.pb.go:105.2,105.44 1 0
github.com/kamilmucik/question-svc/pkg/pb/category_grpc.pb.go:108.181,110.32 2 0
github.com/kamilmucik/question-svc/pkg/pb/category_grpc.pb.go:110.32,112.3 1 0
github.com/kamilmucik/question-svc/pkg/pb/category_grpc.pb.go:113.2,113.24 1 0
github.com/kamilmucik/question-svc/pkg/pb/category_grpc.pb.go:113.24,115.3 1 0
github.com/kamilmucik/question-svc/pkg/pb/category_grpc.pb.go:116.2,120.77 2 0
github.com/kamilmucik/question-svc/pkg/pb/category_grpc.pb.go:120.77,122.3 1 0
github.com/kamilmucik/question-svc/pkg/pb/category_grpc.pb.go:123.2,123.44 1 0
github.com/kamilmucik/question-svc/pkg/pb/department.pb.go:32.31,34.29 2 0
github.com/kamilmucik/question-svc/pkg/pb/department.pb.go:34.29,38.3 3 0
github.com/kamilmucik/question-svc/pkg/pb/department.pb.go:41.39,43.2 1 0
github.com/kamilmucik/question-svc/pkg/pb/department.pb.go:45.37,45.38 0 0
github.com/kamilmucik/question-svc/pkg/pb/department.pb.go:47.59,49.41 2 0
github.com/kamilmucik/question-svc/pkg/pb/department.pb.go:49.41,51.34 2 0
github.com/kamilmucik/question-svc/pkg/pb/department.pb.go:51.34,53.4 1 0
github.com/kamilmucik/question-svc/pkg/pb/department.pb.go:54.3,54.12 1 0
github.com/kamilmucik/question-svc/pkg/pb/department.pb.go:56.2,56.24 1 0
github.com/kamilmucik/question-svc/pkg/pb/department.pb.go:60.50,62.2 1 0
github.com/kamilmucik/question-svc/pkg/pb/department.pb.go:64.37,65.14 1 0
github.com/kamilmucik/question-svc/pkg/pb/department.pb.go:65.14,67.3 1 0
github.com/kamilmucik/question-svc/pkg/pb/department.pb.go:68.2,68.10 1 0
github.com/kamilmucik/question-svc/pkg/pb/department.pb.go:71.40,72.14 1 0
github.com/kamilmucik/question-svc/pkg/pb/department.pb.go:72.14,74.3 1 0
github.com/kamilmucik/question-svc/pkg/pb/department.pb.go:75.2,75.11 1 0
github.com/kamilmucik/question-svc/pkg/pb/department.pb.go:86.34,88.29 2 0
github.com/kamilmucik/question-svc/pkg/pb/department.pb.go:88.29,92.3 3 0
github.com/kamilmucik/question-svc/pkg/pb/department.pb.go:95.42,97.2 1 0
github.com/kamilmucik/question-svc/pkg/pb/department.pb.go:99.40,99.41 0 0
github.com/kamilmucik/question-svc/pkg/pb/department.pb.go:101.62,103.41 2 0
github.com/kamilmucik/question-svc/pkg/pb/department.pb.go:103.41,105.34 2 0
github.com/kamilmucik/question-svc/pkg/pb/department.pb.go:105.34,107.4 1 0
github.com/kamilmucik/question-svc/pkg/pb/department.pb.go:108.3,108.12 1 0
github.com/kamilmucik/question-svc/pkg/pb/department.pb.go:110.2,110.24 1 0
github.com/kamilmucik/question-svc/pkg/pb/department.pb.go:114.53,116.2 1 0
github.com/kamilmucik/question-svc/pkg/pb/department.pb.go:118.40,119.14 1 0
github.com/kamilmucik/question-svc/pkg/pb/department.pb.go:119.14,121.3 1 0
github.com/kamilmucik/question-svc/pkg/pb/department.pb.go:122.2,122.10 1 0
github.com/kamilmucik/question-svc/pkg/pb/department.pb.go:135.35,137.29 2 0
github.com/kamilmucik/question-svc/pkg/pb/department.pb.go:137.29,141.3 3 0
github.com/kamilmucik/question-svc/pkg/pb/department.pb.go:144.43,146.2 1 0
github.com/kamilmucik/question-svc/pkg/pb/department.pb.go:148.41,148.42 0 0
github.com/kamilmucik/question-svc/pkg/pb/department.pb.go:150.63,152.41 2 0
github.com/kamilmucik/question-svc/pkg/pb/department.pb.go:152.41,154.34 2 0
github.com/kamilmucik/question-svc/pkg/pb/department.pb.go:154.34,156.4 1 0
github.com/kamilmucik/question-svc/pkg/pb/department.pb.go:157.3,157.12 1 0
github.com/kamilmucik/question-svc/pkg/pb/department.pb.go:159.2,159.24 1 0
github.com/kamilmucik/question-svc/pkg/pb/department.pb.go:163.54,165.2 1 0
github.com/kamilmucik/question-svc/pkg/pb/department.pb.go:167.45,168.14 1 0
github.com/kamilmucik/question-svc/pkg/pb/department.pb.go:168.14,170.3 1 0
github.com/kamilmucik/question-svc/pkg/pb/department.pb.go:171.2,171.10 1 0
github.com/kamilmucik/question-svc/pkg/pb/department.pb.go:174.45,175.14 1 0
github.com/kamilmucik/question-svc/pkg/pb/department.pb.go:175.14,177.3 1 0
github.com/kamilmucik/question-svc/pkg/pb/department.pb.go:178.2,178.11 1 0
github.com/kamilmucik/question-svc/pkg/pb/department.pb.go:181.50,182.14 1 0
github.com/kamilmucik/question-svc/pkg/pb/department.pb.go:182.14,184.3 1 0
github.com/kamilmucik/question-svc/pkg/pb/department.pb.go:185.2,185.12 1 0
github.com/kamilmucik/question-svc/pkg/pb/department.pb.go:198.28,200.29 2 0
github.com/kamilmucik/question-svc/pkg/pb/department.pb.go:200.29,204.3 3 0
github.com/kamilmucik/question-svc/pkg/pb/department.pb.go:207.36,209.2 1 0
github.com/kamilmucik/question-svc/pkg/pb/department.pb.go:211.34,211.35 0 0
github.com/kamilmucik/question-svc/pkg/pb/department.pb.go:213.56,215.41 2 0
github.com/kamilmucik/question-svc/pkg/pb/department.pb.go:215.41,217.34 2 0
github.com/kamilmucik/question-svc/pkg/pb/department.pb.go:217.34,219.4 1 0
github.com/kamilmucik/question-svc/pkg/pb/department.pb.go:220.3,220.12 1 0
github.com/kamilmucik/question-svc/pkg/pb/department.pb.go:222.2,222.24 1 0
github.com/kamilmucik/question-svc/pkg/pb/department.pb.go:226.47,228.2 1 0
github.com/kamilmucik/question-svc/pkg/pb/department.pb.go:230.34,231.14 1 0
github.com/kamilmucik/question-svc/pkg/pb/department.pb.go:231.14,233.3 1 0
github.com/kamilmucik/question-svc/pkg/pb/department.pb.go:234.2,234.10 1 0
github.com/kamilmucik/question-svc/pkg/pb/department.pb.go:237.37,238.14 1 0
github.com/kamilmucik/question-svc/pkg/pb/department.pb.go:238.14,240.3 1 0
github.com/kamilmucik/question-svc/pkg/pb/department.pb.go:241.2,241.11 1 0
github.com/kamilmucik/question-svc/pkg/pb/department.pb.go:252.34,254.29 2 0
github.com/kamilmucik/question-svc/pkg/pb/department.pb.go:254.29,258.3 3 0
github.com/kamilmucik/question-svc/pkg/pb/department.pb.go:261.42,263.2 1 0
github.com/kamilmucik/question-svc/pkg/pb/department.pb.go:265.40,265.41 0 0
github.com/kamilmucik/question-svc/pkg/pb/department.pb.go:267.62,269.41 2 0
github.com/kamilmucik/question-svc/pkg/pb/department.pb.go:269.41,271.34 2 0
github.com/kamilmucik/question-svc/pkg/pb/department.pb.go:271.34,273.4 1 0
github.com/kamilmucik/question-svc/pkg/pb/department.pb.go:274.3,274.12 1 0
github.com/kamilmucik/question-svc/pkg/pb/department.pb.go:276.2,276.24 1 0
github.com/kamilmucik/question-svc/pkg/pb/department.pb.go:280.53,282.2 1 0
github.com/kamilmucik/question-svc/pkg/pb/department.pb.go:284.40,285.14 1 0
github.com/kamilmucik/question-svc/pkg/pb/department.pb.go:285.14,287.3 1 0
github.com/kamilmucik/question-svc/pkg/pb/department.pb.go:288.2,288.10 1 0
github.com/kamilmucik/question-svc/pkg/pb/department.pb.go:301.35,303.29 2 0
github.com/kamilmucik/question-svc/pkg/pb/department.pb.go:303.29,307.3 3 0
github.com/kamilmucik/question-svc/pkg/pb/department.pb.go:310.43,312.2 1 0
github.com/kamilmucik/question-svc/pkg/pb/department.pb.go:314.41,314.42 0 0
github.com/kamilmucik/question-svc/pkg/pb/department.pb.go:316.63,318.41 2 0
github.com/kamilmucik/question-svc/pkg/pb/department.pb.go:318.41,320.34 2 0
github.com/kamilmucik/question-svc/pkg/pb/department.pb.go:320.34,322.4 1 0
github.com/kamilmucik/question-svc/pkg/pb/department.pb.go:323.3,323.12 1 0
github.com/kamilmucik/question-svc/pkg/pb/department.pb.go:325.2,325.24 1 0
github.com/kamilmucik/question-svc/pkg/pb/department.pb.go:329.54,331.2 1 0
github.com/kamilmucik/question-svc/pkg/pb/department.pb.go:333.45,334.14 1 0
github.com/kamilmucik/question-svc/pkg/pb/department.pb.go:334.14,336.3 1 0
github.com/kamilmucik/question-svc/pkg/pb/department.pb.go:337.2,337.10 1 0
github.com/kamilmucik/question-svc/pkg/pb/department.pb.go:340.45,341.14 1 0
github.com/kamilmucik/question-svc/pkg/pb/department.pb.go:341.14,343.3 1 0
github.com/kamilmucik/question-svc/pkg/pb/department.pb.go:344.2,344.11 1 0
github.com/kamilmucik/question-svc/pkg/pb/department.pb.go:347.49,348.14 1 0
github.com/kamilmucik/question-svc/pkg/pb/department.pb.go:348.14,350.3 1 0
github.com/kamilmucik/question-svc/pkg/pb/department.pb.go:351.2,351.12 1 0
github.com/kamilmucik/question-svc/pkg/pb/department.pb.go:364.34,366.29 2 0
github.com/kamilmucik/question-svc/pkg/pb/department.pb.go:366.29,370.3 3 0
github.com/kamilmucik/question-svc/pkg/pb/department.pb.go:373.42,375.2 1 0
github.com/kamilmucik/question-svc/pkg/pb/department.pb.go:377.40,377.41 0 0
github.com/kamilmucik/question-svc/pkg/pb/department.pb.go:379.62,381.41 2 0
github.com/kamilmucik/question-svc/pkg/pb/department.pb.go:381.41,383.34 2 0
github.com/kamilmucik/question-svc/pkg/pb/department.pb.go:383.34,385.4 1 0
github.com/kamilmucik/question-svc/pkg/pb/department.pb.go:386.3,386.12 1 0
github.com/kamilmucik/question-svc/pkg/pb/department.pb.go:388.2,388.24 1 0
github.com/kamilmucik/question-svc/pkg/pb/department.pb.go:392.53,394.2 1 0
github.com/kamilmucik/question-svc/pkg/pb/department.pb.go:396.40,397.14 1 0
github.com/kamilmucik/question-svc/pkg/pb/department.pb.go:397.14,399.3 1 0
github.com/kamilmucik/question-svc/pkg/pb/department.pb.go:400.2,400.10 1 0
github.com/kamilmucik/question-svc/pkg/pb/department.pb.go:403.43,404.14 1 0
github.com/kamilmucik/question-svc/pkg/pb/department.pb.go:404.14,406.3 1 0
github.com/kamilmucik/question-svc/pkg/pb/department.pb.go:407.2,407.11 1 0
github.com/kamilmucik/question-svc/pkg/pb/department.pb.go:420.37,422.29 2 0
github.com/kamilmucik/question-svc/pkg/pb/department.pb.go:422.29,426.3 3 0
github.com/kamilmucik/question-svc/pkg/pb/department.pb.go:429.45,431.2 1 0
github.com/kamilmucik/question-svc/pkg/pb/department.pb.go:433.43,433.44 0 0
github.com/kamilmucik/question-svc/pkg/pb/department.pb.go:435.65,437.41 2 0
github.com/kamilmucik/question-svc/pkg/pb/department.pb.go:437.41,439.34 2 0
github.com/kamilmucik/question-svc/pkg/pb/department.pb.go:439.34,441.4 1 0
github.com/kamilmucik/question-svc/pkg/pb/department.pb.go:442.3,442.12 1 0
github.com/kamilmucik/question-svc/pkg/pb/department.pb.go:444.2,444.24 1 0
github.com/kamilmucik/question-svc/pkg/pb/department.pb.go:448.56,450.2 1 0
github.com/kamilmucik/question-svc/pkg/pb/department.pb.go:452.47,453.14 1 0
github.com/kamilmucik/question-svc/pkg/pb/department.pb.go:453.14,455.3 1 0
github.com/kamilmucik/question-svc/pkg/pb/department.pb.go:456.2,456.10 1 0
github.com/kamilmucik/question-svc/pkg/pb/department.pb.go:459.52,460.14 1 0
github.com/kamilmucik/question-svc/pkg/pb/department.pb.go:460.14,462.3 1 0
github.com/kamilmucik/question-svc/pkg/pb/department.pb.go:463.2,463.10 1 0
github.com/kamilmucik/question-svc/pkg/pb/department.pb.go:466.49,467.14 1 0
github.com/kamilmucik/question-svc/pkg/pb/department.pb.go:467.14,469.3 1 0
github.com/kamilmucik/question-svc/pkg/pb/department.pb.go:470.2,470.10 1 0
github.com/kamilmucik/question-svc/pkg/pb/department.pb.go:484.38,486.29 2 0
github.com/kamilmucik/question-svc/pkg/pb/department.pb.go:486.29,490.3 3 0
github.com/kamilmucik/question-svc/pkg/pb/department.pb.go:493.46,495.2 1 0
github.com/kamilmucik/question-svc/pkg/pb/department.pb.go:497.44,497.45 0 0
github.com/kamilmucik/question-svc/pkg/pb/department.pb.go:499.66,501.41 2 0
github.com/kamilmucik/question-svc/pkg/pb/department.pb.go:501.41,503.34 2 0
github.com/kamilmucik/question-svc/pkg/pb/department.pb.go:503.34,505.4 1 0
github.com/kamilmucik/question-svc/pkg/pb/department.pb.go:506.3,506.12 1 0
github.com/kamilmucik/question-svc/pkg/pb/department.pb.go:508.2,508.24 1 0
github.com/kamilmucik/question-svc/pkg/pb/department.pb.go:512.57,514.2 1 0
github.com/kamilmucik/question-svc/pkg/pb/department.pb.go:516.48,517.14 1 0
github.com/kamilmucik/question-svc/pkg/pb/department.pb.go:517.14,519.3 1 0
github.com/kamilmucik/question-svc/pkg/pb/department.pb.go:520.2,520.10 1 0
github.com/kamilmucik/question-svc/pkg/pb/department.pb.go:523.48,524.14 1 0
github.com/kamilmucik/question-svc/pkg/pb/department.pb.go:524.14,526.3 1 0
github.com/kamilmucik/question-svc/pkg/pb/department.pb.go:527.2,527.11 1 0
github.com/kamilmucik/question-svc/pkg/pb/department.pb.go:530.51,531.14 1 0
github.com/kamilmucik/question-svc/pkg/pb/department.pb.go:531.14,533.3 1 0
github.com/kamilmucik/question-svc/pkg/pb/department.pb.go:534.2,534.10 1 0
github.com/kamilmucik/question-svc/pkg/pb/department.pb.go:537.58,538.14 1 0
github.com/kamilmucik/question-svc/pkg/pb/department.pb.go:538.14,540.3 1 0
github.com/kamilmucik/question-svc/pkg/pb/department.pb.go:541.2,541.12 1 0
github.com/kamilmucik/question-svc/pkg/pb/department.pb.go:616.56,617.53 1 0
github.com/kamilmucik/question-svc/pkg/pb/department.pb.go:617.53,619.3 1 0
github.com/kamilmucik/question-svc/pkg/pb/department.pb.go:620.2,620.49 1 0
github.com/kamilmucik/question-svc/pkg/pb/department.pb.go:652.13,652.52 1 0
github.com/kamilmucik/question-svc/pkg/pb/department.pb.go:653.42,654.41 1 0
github.com/kamilmucik/question-svc/pkg/pb/department.pb.go:654.41,656.3 1 0
github.com/kamilmucik/question-svc/pkg/pb/department.pb.go:657.2,657.30 1 0
github.com/kamilmucik/question-svc/pkg/pb/department.pb.go:657.30,658.94 1 0
github.com/kamilmucik/question-svc/pkg/pb/department.pb.go:658.94,659.36 1 0
github.com/kamilmucik/question-svc/pkg/pb/department.pb.go:660.11,661.20 1 0
github.com/kamilmucik/question-svc/pkg/pb/department.pb.go:662.11,663.24 1 0
github.com/kamilmucik/question-svc/pkg/pb/department.pb.go:664.11,665.28 1 0
github.com/kamilmucik/question-svc/pkg/pb/department.pb.go:666.12,667.15 1 0
github.com/kamilmucik/question-svc/pkg/pb/department.pb.go:670.3,670.94 1 0
github.com/kamilmucik/question-svc/pkg/pb/department.pb.go:670.94,671.39 1 0
github.com/kamilmucik/question-svc/pkg/pb/department.pb.go:672.11,673.20 1 0
github.com/kamilmucik/question-svc/pkg/pb/department.pb.go:674.11,675.24 1 0
github.com/kamilmucik/question-svc/pkg/pb/department.pb.go:676.11,677.28 1 0
github.com/kamilmucik/question-svc/pkg/pb/department.pb.go:678.12,679.15 1 0
github.com/kamilmucik/question-svc/pkg/pb/department.pb.go:682.3,682.94 1 0
github.com/kamilmucik/question-svc/pkg/pb/department.pb.go:682.94,683.40 1 0
github.com/kamilmucik/question-svc/pkg/pb/department.pb.go:684.11,685.20 1 0
github.com/kamilmucik/question-svc/pkg/pb/department.pb.go:686.11,687.24 1 0
github.com/kamilmucik/question-svc/pkg/pb/department.pb.go:688.11,689.28 1 0
github.com/kamilmucik/question-svc/pkg/pb/department.pb.go:690.12,691.15 1 0
github.com/kamilmucik/question-svc/pkg/pb/department.pb.go:694.3,694.94 1 0
github.com/kamilmucik/question-svc/pkg/pb/department.pb.go:694.94,695.33 1 0
github.com/kamilmucik/question-svc/pkg/pb/department.pb.go:696.11,697.20 1 0
github.com/kamilmucik/question-svc/pkg/pb/department.pb.go:698.11,699.24 1 0
github.com/kamilmucik/question-svc/pkg/pb/department.pb.go:700.11,701.28 1 0
github.com/kamilmucik/question-svc/pkg/pb/department.pb.go:702.12,703.15 1 0
github.com/kamilmucik/question-svc/pkg/pb/department.pb.go:706.3,706.94 1 0
github.com/kamilmucik/question-svc/pkg/pb/department.pb.go:706.94,707.39 1 0
github.com/kamilmucik/question-svc/pkg/pb/department.pb.go:708.11,709.20 1 0
github.com/kamilmucik/question-svc/pkg/pb/department.pb.go:710.11,711.24 1 0
github.com/kamilmucik/question-svc/pkg/pb/department.pb.go:712.11,713.28 1 0
github.com/kamilmucik/question-svc/pkg/pb/department.pb.go:714.12,715.15 1 0
github.com/kamilmucik/question-svc/pkg/pb/department.pb.go:718.3,718.94 1 0
github.com/kamilmucik/question-svc/pkg/pb/department.pb.go:718.94,719.40 1 0
github.com/kamilmucik/question-svc/pkg/pb/department.pb.go:720.11,721.20 1 0
github.com/kamilmucik/question-svc/pkg/pb/department.pb.go:722.11,723.24 1 0
github.com/kamilmucik/question-svc/pkg/pb/department.pb.go:724.11,725.28 1 0
github.com/kamilmucik/question-svc/pkg/pb/department.pb.go:726.12,727.15 1 0
github.com/kamilmucik/question-svc/pkg/pb/department.pb.go:730.3,730.94 1 0
github.com/kamilmucik/question-svc/pkg/pb/department.pb.go:730.94,731.39 1 0
github.com/kamilmucik/question-svc/pkg/pb/department.pb.go:732.11,733.20 1 0
github.com/kamilmucik/question-svc/pkg/pb/department.pb.go:734.11,735.24 1 0
github.com/kamilmucik/question-svc/pkg/pb/department.pb.go:736.11,737.28 1 0
github.com/kamilmucik/question-svc/pkg/pb/department.pb.go:738.12,739.15 1 0
github.com/kamilmucik/question-svc/pkg/pb/department.pb.go:742.3,742.94 1 0
github.com/kamilmucik/question-svc/pkg/pb/department.pb.go:742.94,743.42 1 0
github.com/kamilmucik/question-svc/pkg/pb/department.pb.go:744.11,745.20 1 0
github.com/kamilmucik/question-svc/pkg/pb/department.pb.go:746.11,747.24 1 0
github.com/kamilmucik/question-svc/pkg/pb/department.pb.go:748.11,749.28 1 0
github.com/kamilmucik/question-svc/pkg/pb/department.pb.go:750.12,751.15 1 0
github.com/kamilmucik/question-svc/pkg/pb/department.pb.go:754.3,754.94 1 0
github.com/kamilmucik/question-svc/pkg/pb/department.pb.go:754.94,755.43 1 0
github.com/kamilmucik/question-svc/pkg/pb/department.pb.go:756.11,757.20 1 0
github.com/kamilmucik/question-svc/pkg/pb/department.pb.go:758.11,759.24 1 0
github.com/kamilmucik/question-svc/pkg/pb/department.pb.go:760.11,761.28 1 0
github.com/kamilmucik/question-svc/pkg/pb/department.pb.go:762.12,763.15 1 0
github.com/kamilmucik/question-svc/pkg/pb/department.pb.go:767.2,784.44 6 0
github.com/kamilmucik/question-svc/pkg/pb/department_grpc.pb.go:40.86,42.2 1 0
github.com/kamilmucik/question-svc/pkg/pb/department_grpc.pb.go:44.135,47.16 3 0
github.com/kamilmucik/question-svc/pkg/pb/department_grpc.pb.go:47.16,49.3 1 0
github.com/kamilmucik/question-svc/pkg/pb/department_grpc.pb.go:50.2,50.17 1 0
github.com/kamilmucik/question-svc/pkg/pb/department_grpc.pb.go:53.135,56.16 3 0
github.com/kamilmucik/question-svc/pkg/pb/department_grpc.pb.go:56.16,58.3 1 0
github.com/kamilmucik/question-svc/pkg/pb/department_grpc.pb.go:59.2,59.17 1 0
github.com/kamilmucik/question-svc/pkg/pb/department_grpc.pb.go:62.144,65.16 3 0
github.com/kamilmucik/question-svc/pkg/pb/department_grpc.pb.go:65.16,67.3 1 0
github.com/kamilmucik/question-svc/pkg/pb/department_grpc.pb.go:68.2,68.17 1 0
github.com/kamilmucik/question-svc/pkg/pb/department_grpc.pb.go:84.113,86.2 1 0
github.com/kamilmucik/question-svc/pkg/pb/department_grpc.pb.go:87.113,89.2 1 0
github.com/kamilmucik/question-svc/pkg/pb/department_grpc.pb.go:90.122,92.2 1 0
github.com/kamilmucik/question-svc/pkg/pb/department_grpc.pb.go:101.92,103.2 1 0
github.com/kamilmucik/question-svc/pkg/pb/department_grpc.pb.go:105.170,107.32 2 0
github.com/kamilmucik/question-svc/pkg/pb/department_grpc.pb.go:107.32,109.3 1 0
github.com/kamilmucik/question-svc/pkg/pb/department_grpc.pb.go:110.2,110.24 1 0
github.com/kamilmucik/question-svc/pkg/pb/department_grpc.pb.go:110.24,112.3 1 0
github.com/kamilmucik/question-svc/pkg/pb/department_grpc.pb.go:113.2,117.77 2 0
github.com/kamilmucik/question-svc/pkg/pb/department_grpc.pb.go:117.77,119.3 1 0
github.com/kamilmucik/question-svc/pkg/pb/department_grpc.pb.go:120.2,120.44 1 0
github.com/kamilmucik/question-svc/pkg/pb/department_grpc.pb.go:123.170,125.32 2 0
github.com/kamilmucik/question-svc/pkg/pb/department_grpc.pb.go:125.32,127.3 1 0
github.com/kamilmucik/question-svc/pkg/pb/department_grpc.pb.go:128.2,128.24 1 0
github.com/kamilmucik/question-svc/pkg/pb/department_grpc.pb.go:128.24,130.3 1 0
github.com/kamilmucik/question-svc/pkg/pb/department_grpc.pb.go:131.2,135.77 2 0
github.com/kamilmucik/question-svc/pkg/pb/department_grpc.pb.go:135.77,137.3 1 0
github.com/kamilmucik/question-svc/pkg/pb/department_grpc.pb.go:138.2,138.44 1 0
github.com/kamilmucik/question-svc/pkg/pb/department_grpc.pb.go:141.173,143.32 2 0
github.com/kamilmucik/question-svc/pkg/pb/department_grpc.pb.go:143.32,145.3 1 0
github.com/kamilmucik/question-svc/pkg/pb/department_grpc.pb.go:146.2,146.24 1 0
github.com/kamilmucik/question-svc/pkg/pb/department_grpc.pb.go:146.24,148.3 1 0
github.com/kamilmucik/question-svc/pkg/pb/department_grpc.pb.go:149.2,153.77 2 0
github.com/kamilmucik/question-svc/pkg/pb/department_grpc.pb.go:153.77,155.3 1 0
github.com/kamilmucik/question-svc/pkg/pb/department_grpc.pb.go:156.2,156.44 1 0
github.com/kamilmucik/question-svc/pkg/pb/question.pb.go:33.39,35.29 2 0
github.com/kamilmucik/question-svc/pkg/pb/question.pb.go:35.29,39.3 3 0
github.com/kamilmucik/question-svc/pkg/pb/question.pb.go:42.47,44.2 1 0
github.com/kamilmucik/question-svc/pkg/pb/question.pb.go:46.45,46.46 0 0
github.com/kamilmucik/question-svc/pkg/pb/question.pb.go:48.67,50.41 2 0
github.com/kamilmucik/question-svc/pkg/pb/question.pb.go:50.41,52.34 2 0
github.com/kamilmucik/question-svc/pkg/pb/question.pb.go:52.34,54.4 1 0
github.com/kamilmucik/question-svc/pkg/pb/question.pb.go:55.3,55.12 1 0
github.com/kamilmucik/question-svc/pkg/pb/question.pb.go:57.2,57.24 1 0
github.com/kamilmucik/question-svc/pkg/pb/question.pb.go:61.58,63.2 1 0
github.com/kamilmucik/question-svc/pkg/pb/question.pb.go:65.45,66.14 1 0
github.com/kamilmucik/question-svc/pkg/pb/question.pb.go:66.14,68.3 1 0
github.com/kamilmucik/question-svc/pkg/pb/question.pb.go:69.2,69.10 1 0
github.com/kamilmucik/question-svc/pkg/pb/question.pb.go:72.48,73.14 1 0
github.com/kamilmucik/question-svc/pkg/pb/question.pb.go:73.14,75.3 1 0
github.com/kamilmucik/question-svc/pkg/pb/question.pb.go:76.2,76.11 1 0
github.com/kamilmucik/question-svc/pkg/pb/question.pb.go:87.42,89.29 2 0
github.com/kamilmucik/question-svc/pkg/pb/question.pb.go:89.29,93.3 3 0
github.com/kamilmucik/question-svc/pkg/pb/question.pb.go:96.50,98.2 1 0
github.com/kamilmucik/question-svc/pkg/pb/question.pb.go:100.48,100.49 0 0
github.com/kamilmucik/question-svc/pkg/pb/question.pb.go:102.70,104.41 2 0
github.com/kamilmucik/question-svc/pkg/pb/question.pb.go:104.41,106.34 2 0
github.com/kamilmucik/question-svc/pkg/pb/question.pb.go:106.34,108.4 1 0
github.com/kamilmucik/question-svc/pkg/pb/question.pb.go:109.3,109.12 1 0
github.com/kamilmucik/question-svc/pkg/pb/question.pb.go:111.2,111.24 1 0
github.com/kamilmucik/question-svc/pkg/pb/question.pb.go:115.61,117.2 1 0
github.com/kamilmucik/question-svc/pkg/pb/question.pb.go:119.48,120.14 1 0
github.com/kamilmucik/question-svc/pkg/pb/question.pb.go:120.14,122.3 1 0
github.com/kamilmucik/question-svc/pkg/pb/question.pb.go:123.2,123.10 1 0
github.com/kamilmucik/question-svc/pkg/pb/question.pb.go:136.43,138.29 2 0
github.com/kamilmucik/question-svc/pkg/pb/question.pb.go:138.29,142.3 3 0
github.com/kamilmucik/question-svc/pkg/pb/question.pb.go:145.51,147.2 1 0
github.com/kamilmucik/question-svc/pkg/pb/question.pb.go:149.49,149.50 0 0
github.com/kamilmucik/question-svc/pkg/pb/question.pb.go:151.71,153.41 2 0
github.com/kamilmucik/question-svc/pkg/pb/question.pb.go:153.41,155.34 2 0
github.com/kamilmucik/question-svc/pkg/pb/question.pb.go:155.34,157.4 1 0
github.com/kamilmucik/question-svc/pkg/pb/question.pb.go:158.3,158.12 1 0
github.com/kamilmucik/question-svc/pkg/pb/question.pb.go:160.2,160.24 1 0
github.com/kamilmucik/question-svc/pkg/pb/question.pb.go:164.62,166.2 1 0
github.com/kamilmucik/question-svc/pkg/pb/question.pb.go:168.53,169.14 1 0
github.com/kamilmucik/question-svc/pkg/pb/question.pb.go:169.14,171.3 1 0
github.com/kamilmucik/question-svc/pkg/pb/question.pb.go:172.2,172.10 1 0
github.com/kamilmucik/question-svc/pkg/pb/question.pb.go:175.53,176.14 1 0
github.com/kamilmucik/question-svc/pkg/pb/question.pb.go:176.14,178.3 1 0
github.com/kamilmucik/question-svc/pkg/pb/question.pb.go:179.2,179.11 1 0
github.com/kamilmucik/question-svc/pkg/pb/question.pb.go:182.66,183.14 1 0
github.com/kamilmucik/question-svc/pkg/pb/question.pb.go:183.14,185.3 1 0
github.com/kamilmucik/question-svc/pkg/pb/question.pb.go:186.2,186.12 1 0
github.com/kamilmucik/question-svc/pkg/pb/question.pb.go:202.36,204.29 2 0
github.com/kamilmucik/question-svc/pkg/pb/question.pb.go:204.29,208.3 3 0
github.com/kamilmucik/question-svc/pkg/pb/question.pb.go:211.44,213.2 1 0
github.com/kamilmucik/question-svc/pkg/pb/question.pb.go:215.42,215.43 0 0
github.com/kamilmucik/question-svc/pkg/pb/question.pb.go:217.64,219.41 2 0
github.com/kamilmucik/question-svc/pkg/pb/question.pb.go:219.41,221.34 2 0
github.com/kamilmucik/question-svc/pkg/pb/question.pb.go:221.34,223.4 1 0
github.com/kamilmucik/question-svc/pkg/pb/question.pb.go:224.3,224.12 1 0
github.com/kamilmucik/question-svc/pkg/pb/question.pb.go:226.2,226.24 1 0
github.com/kamilmucik/question-svc/pkg/pb/question.pb.go:230.55,232.2 1 0
github.com/kamilmucik/question-svc/pkg/pb/question.pb.go:234.42,235.14 1 0
github.com/kamilmucik/question-svc/pkg/pb/question.pb.go:235.14,237.3 1 0
github.com/kamilmucik/question-svc/pkg/pb/question.pb.go:238.2,238.10 1 0
github.com/kamilmucik/question-svc/pkg/pb/question.pb.go:241.45,242.14 1 0
github.com/kamilmucik/question-svc/pkg/pb/question.pb.go:242.14,244.3 1 0
github.com/kamilmucik/question-svc/pkg/pb/question.pb.go:245.2,245.11 1 0
github.com/kamilmucik/question-svc/pkg/pb/question.pb.go:248.49,249.14 1 0
github.com/kamilmucik/question-svc/pkg/pb/question.pb.go:249.14,251.3 1 0
github.com/kamilmucik/question-svc/pkg/pb/question.pb.go:252.2,252.11 1 0
github.com/kamilmucik/question-svc/pkg/pb/question.pb.go:255.50,256.14 1 0
github.com/kamilmucik/question-svc/pkg/pb/question.pb.go:256.14,258.3 1 0
github.com/kamilmucik/question-svc/pkg/pb/question.pb.go:259.2,259.10 1 0
github.com/kamilmucik/question-svc/pkg/pb/question.pb.go:262.59,263.14 1 0
github.com/kamilmucik/question-svc/pkg/pb/question.pb.go:263.14,265.3 1 0
github.com/kamilmucik/question-svc/pkg/pb/question.pb.go:266.2,266.12 1 0
github.com/kamilmucik/question-svc/pkg/pb/question.pb.go:280.34,282.29 2 0
github.com/kamilmucik/question-svc/pkg/pb/question.pb.go:282.29,286.3 3 0
github.com/kamilmucik/question-svc/pkg/pb/question.pb.go:289.42,291.2 1 0
github.com/kamilmucik/question-svc/pkg/pb/question.pb.go:293.40,293.41 0 0
github.com/kamilmucik/question-svc/pkg/pb/question.pb.go:295.62,297.41 2 0
github.com/kamilmucik/question-svc/pkg/pb/question.pb.go:297.41,299.34 2 0
github.com/kamilmucik/question-svc/pkg/pb/question.pb.go:299.34,301.4 1 0
github.com/kamilmucik/question-svc/pkg/pb/question.pb.go:302.3,302.12 1 0
github.com/kamilmucik/question-svc/pkg/pb/question.pb.go:304.2,304.24 1 0
github.com/kamilmucik/question-svc/pkg/pb/question.pb.go:308.53,310.2 1 0
github.com/kamilmucik/question-svc/pkg/pb/question.pb.go:312.40,313.14 1 0
github.com/kamilmucik/question-svc/pkg/pb/question.pb.go:313.14,315.3 1 0
github.com/kamilmucik/question-svc/pkg/pb/question.pb.go:316.2,316.10 1 0
github.com/kamilmucik/question-svc/pkg/pb/question.pb.go:319.45,320.14 1 0
github.com/kamilmucik/question-svc/pkg/pb/question.pb.go:320.14,322.3 1 0
github.com/kamilmucik/question-svc/pkg/pb/question.pb.go:323.2,323.11 1 0
github.com/kamilmucik/question-svc/pkg/pb/question.pb.go:326.46,327.14 1 0
github.com/kamilmucik/question-svc/pkg/pb/question.pb.go:327.14,329.3 1 0
github.com/kamilmucik/question-svc/pkg/pb/question.pb.go:330.2,330.11 1 0
github.com/kamilmucik/question-svc/pkg/pb/question.pb.go:333.48,334.14 1 0
github.com/kamilmucik/question-svc/pkg/pb/question.pb.go:334.14,336.3 1 0
github.com/kamilmucik/question-svc/pkg/pb/question.pb.go:337.2,337.10 1 0
github.com/kamilmucik/question-svc/pkg/pb/question.pb.go:348.43,350.29 2 0
github.com/kamilmucik/question-svc/pkg/pb/question.pb.go:350.29,354.3 3 0
github.com/kamilmucik/question-svc/pkg/pb/question.pb.go:357.51,359.2 1 0
github.com/kamilmucik/question-svc/pkg/pb/question.pb.go:361.49,361.50 0 0
github.com/kamilmucik/question-svc/pkg/pb/question.pb.go:363.71,365.41 2 0
github.com/kamilmucik/question-svc/pkg/pb/question.pb.go:365.41,367.34 2 0
github.com/kamilmucik/question-svc/pkg/pb/question.pb.go:367.34,369.4 1 0
github.com/kamilmucik/question-svc/pkg/pb/question.pb.go:370.3,370.12 1 0
github.com/kamilmucik/question-svc/pkg/pb/question.pb.go:372.2,372.24 1 0
github.com/kamilmucik/question-svc/pkg/pb/question.pb.go:376.62,378.2 1 0
github.com/kamilmucik/question-svc/pkg/pb/question.pb.go:380.53,381.14 1 0
github.com/kamilmucik/question-svc/pkg/pb/question.pb.go:381.14,383.3 1 0
github.com/kamilmucik/question-svc/pkg/pb/question.pb.go:384.2,384.11 1 0
github.com/kamilmucik/question-svc/pkg/pb/question.pb.go:397.44,399.29 2 0
github.com/kamilmucik/question-svc/pkg/pb/question.pb.go:399.29,403.3 3 0
github.com/kamilmucik/question-svc/pkg/pb/question.pb.go:406.52,408.2 1 0
github.com/kamilmucik/question-svc/pkg/pb/question.pb.go:410.50,410.51 0 0
github.com/kamilmucik/question-svc/pkg/pb/question.pb.go:412.72,414.41 2 0
github.com/kamilmucik/question-svc/pkg/pb/question.pb.go:414.41,416.34 2 0
github.com/kamilmucik/question-svc/pkg/pb/question.pb.go:416.34,418.4 1 0
github.com/kamilmucik/question-svc/pkg/pb/question.pb.go:419.3,419.12 1 0
github.com/kamilmucik/question-svc/pkg/pb/question.pb.go:421.2,421.24 1 0
github.com/kamilmucik/question-svc/pkg/pb/question.pb.go:425.63,427.2 1 0
github.com/kamilmucik/question-svc/pkg/pb/question.pb.go:429.54,430.14 1 0
github.com/kamilmucik/question-svc/pkg/pb/question.pb.go:430.14,432.3 1 0
github.com/kamilmucik/question-svc/pkg/pb/question.pb.go:433.2,433.10 1 0
github.com/kamilmucik/question-svc/pkg/pb/question.pb.go:436.54,437.14 1 0
github.com/kamilmucik/question-svc/pkg/pb/question.pb.go:437.14,439.3 1 0
github.com/kamilmucik/question-svc/pkg/pb/question.pb.go:440.2,440.11 1 0
github.com/kamilmucik/question-svc/pkg/pb/question.pb.go:443.66,444.14 1 0
github.com/kamilmucik/question-svc/pkg/pb/question.pb.go:444.14,446.3 1 0
github.com/kamilmucik/question-svc/pkg/pb/question.pb.go:447.2,447.12 1 0
github.com/kamilmucik/question-svc/pkg/pb/question.pb.go:462.43,464.29 2 0
github.com/kamilmucik/question-svc/pkg/pb/question.pb.go:464.29,468.3 3 0
github.com/kamilmucik/question-svc/pkg/pb/question.pb.go:471.51,473.2 1 0
github.com/kamilmucik/question-svc/pkg/pb/question.pb.go:475.49,475.50 0 0
github.com/kamilmucik/question-svc/pkg/pb/question.pb.go:477.71,479.41 2 0
github.com/kamilmucik/question-svc/pkg/pb/question.pb.go:479.41,481.34 2 0
github.com/kamilmucik/question-svc/pkg/pb/question.pb.go:481.34,483.4 1 0
github.com/kamilmucik/question-svc/pkg/pb/question.pb.go:484.3,484.12 1 0
github.com/kamilmucik/question-svc/pkg/pb/question.pb.go:486.2,486.24 1 0
github.com/kamilmucik/question-svc/pkg/pb/question.pb.go:490.62,492.2 1 0
github.com/kamilmucik/question-svc/pkg/pb/question.pb.go:494.49,495.14 1 0
github.com/kamilmucik/question-svc/pkg/pb/question.pb.go:495.14,497.3 1 0
github.com/kamilmucik/question-svc/pkg/pb/question.pb.go:498.2,498.10 1 0
github.com/kamilmucik/question-svc/pkg/pb/question.pb.go:501.52,502.14 1 0
github.com/kamilmucik/question-svc/pkg/pb/question.pb.go:502.14,504.3 1 0
github.com/kamilmucik/question-svc/pkg/pb/question.pb.go:505.2,505.11 1 0
github.com/kamilmucik/question-svc/pkg/pb/question.pb.go:508.57,509.14 1 0
github.com/kamilmucik/question-svc/pkg/pb/question.pb.go:509.14,511.3 1 0
github.com/kamilmucik/question-svc/pkg/pb/question.pb.go:512.2,512.10 1 0
github.com/kamilmucik/question-svc/pkg/pb/question.pb.go:515.66,516.14 1 0
github.com/kamilmucik/question-svc/pkg/pb/question.pb.go:516.14,518.3 1 0
github.com/kamilmucik/question-svc/pkg/pb/question.pb.go:519.2,519.12 1 0
github.com/kamilmucik/question-svc/pkg/pb/question.pb.go:532.46,534.29 2 0
github.com/kamilmucik/question-svc/pkg/pb/question.pb.go:534.29,538.3 3 0
github.com/kamilmucik/question-svc/pkg/pb/question.pb.go:541.54,543.2 1 0
github.com/kamilmucik/question-svc/pkg/pb/question.pb.go:545.52,545.53 0 0
github.com/kamilmucik/question-svc/pkg/pb/question.pb.go:547.74,549.41 2 0
github.com/kamilmucik/question-svc/pkg/pb/question.pb.go:549.41,551.34 2 0
github.com/kamilmucik/question-svc/pkg/pb/question.pb.go:551.34,553.4 1 0
github.com/kamilmucik/question-svc/pkg/pb/question.pb.go:554.3,554.12 1 0
github.com/kamilmucik/question-svc/pkg/pb/question.pb.go:556.2,556.24 1 0
github.com/kamilmucik/question-svc/pkg/pb/question.pb.go:560.65,562.2 1 0
github.com/kamilmucik/question-svc/pkg/pb/question.pb.go:564.60,565.14 1 0
github.com/kamilmucik/question-svc/pkg/pb/question.pb.go:565.14,567.3 1 0
github.com/kamilmucik/question-svc/pkg/pb/question.pb.go:568.2,568.10 1 0
github.com/kamilmucik/question-svc/pkg/pb/question.pb.go:571.61,572.14 1 0
github.com/kamilmucik/question-svc/pkg/pb/question.pb.go:572.14,574.3 1 0
github.com/kamilmucik/question-svc/pkg/pb/question.pb.go:575.2,575.10 1 0
github.com/kamilmucik/question-svc/pkg/pb/question.pb.go:578.58,579.14 1 0
github.com/kamilmucik/question-svc/pkg/pb/question.pb.go:579.14,581.3 1 0
github.com/kamilmucik/question-svc/pkg/pb/question.pb.go:582.2,582.10 1 0
github.com/kamilmucik/question-svc/pkg/pb/question.pb.go:596.47,598.29 2 0
github.com/kamilmucik/question-svc/pkg/pb/question.pb.go:598.29,602.3 3 0
github.com/kamilmucik/question-svc/pkg/pb/question.pb.go:605.55,607.2 1 0
github.com/kamilmucik/question-svc/pkg/pb/question.pb.go:609.53,609.54 0 0
github.com/kamilmucik/question-svc/pkg/pb/question.pb.go:611.75,613.41 2 0
github.com/kamilmucik/question-svc/pkg/pb/question.pb.go:613.41,615.34 2 0
github.com/kamilmucik/question-svc/pkg/pb/question.pb.go:615.34,617.4 1 0
github.com/kamilmucik/question-svc/pkg/pb/question.pb.go:618.3,618.12 1 0
github.com/kamilmucik/question-svc/pkg/pb/question.pb.go:620.2,620.24 1 0
github.com/kamilmucik/question-svc/pkg/pb/question.pb.go:624.66,626.2 1 0
github.com/kamilmucik/question-svc/pkg/pb/question.pb.go:628.57,629.14 1 0
github.com/kamilmucik/question-svc/pkg/pb/question.pb.go:629.14,631.3 1 0
github.com/kamilmucik/question-svc/pkg/pb/question.pb.go:632.2,632.10 1 0
github.com/kamilmucik/question-svc/pkg/pb/question.pb.go:635.57,636.14 1 0
github.com/kamilmucik/question-svc/pkg/pb/question.pb.go:636.14,638.3 1 0
github.com/kamilmucik/question-svc/pkg/pb/question.pb.go:639.2,639.11 1 0
github.com/kamilmucik/question-svc/pkg/pb/question.pb.go:642.60,643.14 1 0
github.com/kamilmucik/question-svc/pkg/pb/question.pb.go:643.14,645.3 1 0
github.com/kamilmucik/question-svc/pkg/pb/question.pb.go:646.2,646.10 1 0
github.com/kamilmucik/question-svc/pkg/pb/question.pb.go:649.69,650.14 1 0
github.com/kamilmucik/question-svc/pkg/pb/question.pb.go:650.14,652.3 1 0
github.com/kamilmucik/question-svc/pkg/pb/question.pb.go:653.2,653.12 1 0
github.com/kamilmucik/question-svc/pkg/pb/question.pb.go:753.54,754.51 1 0
github.com/kamilmucik/question-svc/pkg/pb/question.pb.go:754.51,756.3 1 0
github.com/kamilmucik/question-svc/pkg/pb/question.pb.go:757.2,757.47 1 0
github.com/kamilmucik/question-svc/pkg/pb/question.pb.go:790.13,790.50 1 0
github.com/kamilmucik/question-svc/pkg/pb/question.pb.go:791.40,792.39 1 0
github.com/kamilmucik/question-svc/pkg/pb/question.pb.go:792.39,794.3 1 0
github.com/kamilmucik/question-svc/pkg/pb/question.pb.go:795.2,795.30 1 0
github.com/kamilmucik/question-svc/pkg/pb/question.pb.go:795.30,796.92 1 0
github.com/kamilmucik/question-svc/pkg/pb/question.pb.go:796.92,797.44 1 0
github.com/kamilmucik/question-svc/pkg/pb/question.pb.go:798.11,799.20 1 0
github.com/kamilmucik/question-svc/pkg/pb/question.pb.go:800.11,801.24 1 0
github.com/kamilmucik/question-svc/pkg/pb/question.pb.go:802.11,803.28 1 0
github.com/kamilmucik/question-svc/pkg/pb/question.pb.go:804.12,805.15 1 0
github.com/kamilmucik/question-svc/pkg/pb/question.pb.go:808.3,808.92 1 0
github.com/kamilmucik/question-svc/pkg/pb/question.pb.go:808.92,809.47 1 0
github.com/kamilmucik/question-svc/pkg/pb/question.pb.go:810.11,811.20 1 0
github.com/kamilmucik/question-svc/pkg/pb/question.pb.go:812.11,813.24 1 0
github.com/kamilmucik/question-svc/pkg/pb/question.pb.go:814.11,815.28 1 0
github.com/kamilmucik/question-svc/pkg/pb/question.pb.go:816.12,817.15 1 0
github.com/kamilmucik/question-svc/pkg/pb/question.pb.go:820.3,820.92 1 0
github.com/kamilmucik/question-svc/pkg/pb/question.pb.go:820.92,821.48 1 0
github.com/kamilmucik/question-svc/pkg/pb/question.pb.go:822.11,823.20 1 0
github.com/kamilmucik/question-svc/pkg/pb/question.pb.go:824.11,825.24 1 0
github.com/kamilmucik/question-svc/pkg/pb/question.pb.go:826.11,827.28 1 0
github.com/kamilmucik/question-svc/pkg/pb/question.pb.go:828.12,829.15 1 0
github.com/kamilmucik/question-svc/pkg/pb/question.pb.go:832.3,832.92 1 0
github.com/kamilmucik/question-svc/pkg/pb/question.pb.go:832.92,833.41 1 0
github.com/kamilmucik/question-svc/pkg/pb/question.pb.go:834.11,835.20 1 0
github.com/kamilmucik/question-svc/pkg/pb/question.pb.go:836.11,837.24 1 0
github.com/kamilmucik/question-svc/pkg/pb/question.pb.go:838.11,839.28 1 0
github.com/kamilmucik/question-svc/pkg/pb/question.pb.go:840.12,841.15 1 0
github.com/kamilmucik/question-svc/pkg/pb/question.pb.go:844.3,844.92 1 0
github.com/kamilmucik/question-svc/pkg/pb/question.pb.go:844.92,845.39 1 0
github.com/kamilmucik/question-svc/pkg/pb/question.pb.go:846.11,847.20 1 0
github.com/kamilmucik/question-svc/pkg/pb/question.pb.go:848.11,849.24 1 0
github.com/kamilmucik/question-svc/pkg/pb/question.pb.go:850.11,851.28 1 0
github.com/kamilmucik/question-svc/pkg/pb/question.pb.go:852.12,853.15 1 0
github.com/kamilmucik/question-svc/pkg/pb/question.pb.go:856.3,856.92 1 0
github.com/kamilmucik/question-svc/pkg/pb/question.pb.go:856.92,857.48 1 0
github.com/kamilmucik/question-svc/pkg/pb/question.pb.go:858.11,859.20 1 0
github.com/kamilmucik/question-svc/pkg/pb/question.pb.go:860.11,861.24 1 0
github.com/kamilmucik/question-svc/pkg/pb/question.pb.go:862.11,863.28 1 0
github.com/kamilmucik/question-svc/pkg/pb/question.pb.go:864.12,865.15 1 0
github.com/kamilmucik/question-svc/pkg/pb/question.pb.go:868.3,868.92 1 0
github.com/kamilmucik/question-svc/pkg/pb/question.pb.go:868.92,869.49 1 0
github.com/kamilmucik/question-svc/pkg/pb/question.pb.go:870.11,871.20 1 0
github.com/kamilmucik/question-svc/pkg/pb/question.pb.go:872.11,873.24 1 0
github.com/kamilmucik/question-svc/pkg/pb/question.pb.go:874.11,875.28 1 0
github.com/kamilmucik/question-svc/pkg/pb/question.pb.go:876.12,877.15 1 0
github.com/kamilmucik/question-svc/pkg/pb/question.pb.go:880.3,880.92 1 0
github.com/kamilmucik/question-svc/pkg/pb/question.pb.go:880.92,881.48 1 0
github.com/kamilmucik/question-svc/pkg/pb/question.pb.go:882.11,883.20 1 0
github.com/kamilmucik/question-svc/pkg/pb/question.pb.go:884.11,885.24 1 0
github.com/kamilmucik/question-svc/pkg/pb/question.pb.go:886.11,887.28 1 0
github.com/kamilmucik/question-svc/pkg/pb/question.pb.go:888.12,889.15 1 0
github.com/kamilmucik/question-svc/pkg/pb/question.pb.go:892.3,892.92 1 0
github.com/kamilmucik/question-svc/pkg/pb/question.pb.go:892.92,893.51 1 0
github.com/kamilmucik/question-svc/pkg/pb/question.pb.go:894.11,895.20 1 0
github.com/kamilmucik/question-svc/pkg/pb/question.pb.go:896.11,897.24 1 0
github.com/kamilmucik/question-svc/pkg/pb/question.pb.go:898.11,899.28 1 0
github.com/kamilmucik/question-svc/pkg/pb/question.pb.go:900.12,901.15 1 0
github.com/kamilmucik/question-svc/pkg/pb/question.pb.go:904.3,904.92 1 0
github.com/kamilmucik/question-svc/pkg/pb/question.pb.go:904.92,905.52 1 0
github.com/kamilmucik/question-svc/pkg/pb/question.pb.go:906.11,907.20 1 0
github.com/kamilmucik/question-svc/pkg/pb/question.pb.go:908.11,909.24 1 0
github.com/kamilmucik/question-svc/pkg/pb/question.pb.go:910.11,911.28 1 0
github.com/kamilmucik/question-svc/pkg/pb/question.pb.go:912.12,913.15 1 0
github.com/kamilmucik/question-svc/pkg/pb/question.pb.go:917.2,934.42 6 0
github.com/kamilmucik/question-svc/pkg/pb/question_grpc.pb.go:38.82,40.2 1 0
github.com/kamilmucik/question-svc/pkg/pb/question_grpc.pb.go:42.160,45.16 3 0
github.com/kamilmucik/question-svc/pkg/pb/question_grpc.pb.go:45.16,47.3 1 0
github.com/kamilmucik/question-svc/pkg/pb/question_grpc.pb.go:48.2,48.17 1 0
github.com/kamilmucik/question-svc/pkg/pb/question_grpc.pb.go:51.169,54.16 3 0
github.com/kamilmucik/question-svc/pkg/pb/question_grpc.pb.go:54.16,56.3 1 0
github.com/kamilmucik/question-svc/pkg/pb/question_grpc.pb.go:57.2,57.17 1 0
github.com/kamilmucik/question-svc/pkg/pb/question_grpc.pb.go:72.138,74.2 1 0
github.com/kamilmucik/question-svc/pkg/pb/question_grpc.pb.go:75.147,77.2 1 0
github.com/kamilmucik/question-svc/pkg/pb/question_grpc.pb.go:86.88,88.2 1 0
github.com/kamilmucik/question-svc/pkg/pb/question_grpc.pb.go:90.177,92.32 2 0
github.com/kamilmucik/question-svc/pkg/pb/question_grpc.pb.go:92.32,94.3 1 0
github.com/kamilmucik/question-svc/pkg/pb/question_grpc.pb.go:95.2,95.24 1 0
github.com/kamilmucik/question-svc/pkg/pb/question_grpc.pb.go:95.24,97.3 1 0
github.com/kamilmucik/question-svc/pkg/pb/question_grpc.pb.go:98.2,102.77 2 0
github.com/kamilmucik/question-svc/pkg/pb/question_grpc.pb.go:102.77,104.3 1 0
github.com/kamilmucik/question-svc/pkg/pb/question_grpc.pb.go:105.2,105.44 1 0
github.com/kamilmucik/question-svc/pkg/pb/question_grpc.pb.go:108.180,110.32 2 0
github.com/kamilmucik/question-svc/pkg/pb/question_grpc.pb.go:110.32,112.3 1 0
github.com/kamilmucik/question-svc/pkg/pb/question_grpc.pb.go:113.2,113.24 1 0
github.com/kamilmucik/question-svc/pkg/pb/question_grpc.pb.go:113.24,115.3 1 0
github.com/kamilmucik/question-svc/pkg/pb/question_grpc.pb.go:116.2,120.77 2 0
github.com/kamilmucik/question-svc/pkg/pb/question_grpc.pb.go:120.77,122.3 1 0
github.com/kamilmucik/question-svc/pkg/pb/question_grpc.pb.go:123.2,123.44 1 0
github.com/kamilmucik/question-svc/pkg/pb/quiz.pb.go:35.38,37.29 2 0
github.com/kamilmucik/question-svc/pkg/pb/quiz.pb.go:37.29,41.3 3 0
github.com/kamilmucik/question-svc/pkg/pb/quiz.pb.go:44.46,46.2 1 0
github.com/kamilmucik/question-svc/pkg/pb/quiz.pb.go:48.44,48.45 0 0
github.com/kamilmucik/question-svc/pkg/pb/quiz.pb.go:50.66,52.41 2 0
github.com/kamilmucik/question-svc/pkg/pb/quiz.pb.go:52.41,54.34 2 0
github.com/kamilmucik/question-svc/pkg/pb/quiz.pb.go:54.34,56.4 1 0
github.com/kamilmucik/question-svc/pkg/pb/quiz.pb.go:57.3,57.12 1 0
github.com/kamilmucik/question-svc/pkg/pb/quiz.pb.go:59.2,59.24 1 0
github.com/kamilmucik/question-svc/pkg/pb/quiz.pb.go:63.57,65.2 1 0
github.com/kamilmucik/question-svc/pkg/pb/quiz.pb.go:67.44,68.14 1 0
github.com/kamilmucik/question-svc/pkg/pb/quiz.pb.go:68.14,70.3 1 0
github.com/kamilmucik/question-svc/pkg/pb/quiz.pb.go:71.2,71.10 1 0
github.com/kamilmucik/question-svc/pkg/pb/quiz.pb.go:74.49,75.14 1 0
github.com/kamilmucik/question-svc/pkg/pb/quiz.pb.go:75.14,77.3 1 0
github.com/kamilmucik/question-svc/pkg/pb/quiz.pb.go:78.2,78.11 1 0
github.com/kamilmucik/question-svc/pkg/pb/quiz.pb.go:81.50,82.14 1 0
github.com/kamilmucik/question-svc/pkg/pb/quiz.pb.go:82.14,84.3 1 0
github.com/kamilmucik/question-svc/pkg/pb/quiz.pb.go:85.2,85.11 1 0
github.com/kamilmucik/question-svc/pkg/pb/quiz.pb.go:88.54,89.14 1 0
github.com/kamilmucik/question-svc/pkg/pb/quiz.pb.go:89.14,91.3 1 0
github.com/kamilmucik/question-svc/pkg/pb/quiz.pb.go:92.2,92.10 1 0
github.com/kamilmucik/question-svc/pkg/pb/quiz.pb.go:107.38,109.29 2 0
github.com/kamilmucik/question-svc/pkg/pb/quiz.pb.go:109.29,113.3 3 0
github.com/kamilmucik/question-svc/pkg/pb/quiz.pb.go:116.46,118.2 1 0
github.com/kamilmucik/question-svc/pkg/pb/quiz.pb.go:120.44,120.45 0 0
github.com/kamilmucik/question-svc/pkg/pb/quiz.pb.go:122.66,124.41 2 0
github.com/kamilmucik/question-svc/pkg/pb/quiz.pb.go:124.41,126.34 2 0
github.com/kamilmucik/question-svc/pkg/pb/quiz.pb.go:126.34,128.4 1 0
github.com/kamilmucik/question-svc/pkg/pb/quiz.pb.go:129.3,129.12 1 0
github.com/kamilmucik/question-svc/pkg/pb/quiz.pb.go:131.2,131.24 1 0
github.com/kamilmucik/question-svc/pkg/pb/quiz.pb.go:135.57,137.2 1 0
github.com/kamilmucik/question-svc/pkg/pb/quiz.pb.go:139.44,140.14 1 0
github.com/kamilmucik/question-svc/pkg/pb/quiz.pb.go:140.14,142.3 1 0
github.com/kamilmucik/question-svc/pkg/pb/quiz.pb.go:143.2,143.10 1 0
github.com/kamilmucik/question-svc/pkg/pb/quiz.pb.go:146.47,147.14 1 0
github.com/kamilmucik/question-svc/pkg/pb/quiz.pb.go:147.14,149.3 1 0
github.com/kamilmucik/question-svc/pkg/pb/quiz.pb.go:150.2,150.11 1 0
github.com/kamilmucik/question-svc/pkg/pb/quiz.pb.go:153.51,154.14 1 0
github.com/kamilmucik/question-svc/pkg/pb/quiz.pb.go:154.14,156.3 1 0
github.com/kamilmucik/question-svc/pkg/pb/quiz.pb.go:157.2,157.11 1 0
github.com/kamilmucik/question-svc/pkg/pb/quiz.pb.go:160.52,161.14 1 0
github.com/kamilmucik/question-svc/pkg/pb/quiz.pb.go:161.14,163.3 1 0
github.com/kamilmucik/question-svc/pkg/pb/quiz.pb.go:164.2,164.10 1 0
github.com/kamilmucik/question-svc/pkg/pb/quiz.pb.go:167.65,168.14 1 0
github.com/kamilmucik/question-svc/pkg/pb/quiz.pb.go:168.14,170.3 1 0
github.com/kamilmucik/question-svc/pkg/pb/quiz.pb.go:171.2,171.12 1 0
github.com/kamilmucik/question-svc/pkg/pb/quiz.pb.go:184.41,186.29 2 0
github.com/kamilmucik/question-svc/pkg/pb/quiz.pb.go:186.29,190.3 3 0
github.com/kamilmucik/question-svc/pkg/pb/quiz.pb.go:193.49,195.2 1 0
github.com/kamilmucik/question-svc/pkg/pb/quiz.pb.go:197.47,197.48 0 0
github.com/kamilmucik/question-svc/pkg/pb/quiz.pb.go:199.69,201.41 2 0
github.com/kamilmucik/question-svc/pkg/pb/quiz.pb.go:201.41,203.34 2 0
github.com/kamilmucik/question-svc/pkg/pb/quiz.pb.go:203.34,205.4 1 0
github.com/kamilmucik/question-svc/pkg/pb/quiz.pb.go:206.3,206.12 1 0
github.com/kamilmucik/question-svc/pkg/pb/quiz.pb.go:208.2,208.24 1 0
github.com/kamilmucik/question-svc/pkg/pb/quiz.pb.go:212.60,214.2 1 0
github.com/kamilmucik/question-svc/pkg/pb/quiz.pb.go:216.55,217.14 1 0
github.com/kamilmucik/question-svc/pkg/pb/quiz.pb.go:217.14,219.3 1 0
github.com/kamilmucik/question-svc/pkg/pb/quiz.pb.go:220.2,220.10 1 0
github.com/kamilmucik/question-svc/pkg/pb/quiz.pb.go:223.56,224.14 1 0
github.com/kamilmucik/question-svc/pkg/pb/quiz.pb.go:224.14,226.3 1 0
github.com/kamilmucik/question-svc/pkg/pb/quiz.pb.go:227.2,227.10 1 0
github.com/kamilmucik/question-svc/pkg/pb/quiz.pb.go:230.53,231.14 1 0
github.com/kamilmucik/question-svc/pkg/pb/quiz.pb.go:231.14,233.3 1 0
github.com/kamilmucik/question-svc/pkg/pb/quiz.pb.go:234.2,234.10 1 0
github.com/kamilmucik/question-svc/pkg/pb/quiz.pb.go:248.42,250.29 2 0
github.com/kamilmucik/question-svc/pkg/pb/quiz.pb.go:250.29,254.3 3 0
github.com/kamilmucik/question-svc/pkg/pb/quiz.pb.go:257.50,259.2 1 0
github.com/kamilmucik/question-svc/pkg/pb/quiz.pb.go:261.48,261.49 0 0
github.com/kamilmucik/question-svc/pkg/pb/quiz.pb.go:263.70,265.41 2 0
github.com/kamilmucik/question-svc/pkg/pb/quiz.pb.go:265.41,267.34 2 0
github.com/kamilmucik/question-svc/pkg/pb/quiz.pb.go:267.34,269.4 1 0
github.com/kamilmucik/question-svc/pkg/pb/quiz.pb.go:270.3,270.12 1 0
github.com/kamilmucik/question-svc/pkg/pb/quiz.pb.go:272.2,272.24 1 0
github.com/kamilmucik/question-svc/pkg/pb/quiz.pb.go:276.61,278.2 1 0
github.com/kamilmucik/question-svc/pkg/pb/quiz.pb.go:280.52,281.14 1 0
github.com/kamilmucik/question-svc/pkg/pb/quiz.pb.go:281.14,283.3 1 0
github.com/kamilmucik/question-svc/pkg/pb/quiz.pb.go:284.2,284.10 1 0
github.com/kamilmucik/question-svc/pkg/pb/quiz.pb.go:287.52,288.14 1 0
github.com/kamilmucik/question-svc/pkg/pb/quiz.pb.go:288.14,290.3 1 0
github.com/kamilmucik/question-svc/pkg/pb/quiz.pb.go:291.2,291.11 1 0
github.com/kamilmucik/question-svc/pkg/pb/quiz.pb.go:294.55,295.14 1 0
github.com/kamilmucik/question-svc/pkg/pb/quiz.pb.go:295.14,297.3 1 0
github.com/kamilmucik/question-svc/pkg/pb/quiz.pb.go:298.2,298.10 1 0
github.com/kamilmucik/question-svc/pkg/pb/quiz.pb.go:301.66,302.14 1 0
github.com/kamilmucik/question-svc/pkg/pb/quiz.pb.go:302.14,304.3 1 0
github.com/kamilmucik/question-svc/pkg/pb/quiz.pb.go:305.2,305.12 1 0
github.com/kamilmucik/question-svc/pkg/pb/quiz.pb.go:362.50,363.47 1 0
github.com/kamilmucik/question-svc/pkg/pb/quiz.pb.go:363.47,365.3 1 0
github.com/kamilmucik/question-svc/pkg/pb/quiz.pb.go:366.2,366.43 1 0
github.com/kamilmucik/question-svc/pkg/pb/quiz.pb.go:388.13,388.46 1 0
github.com/kamilmucik/question-svc/pkg/pb/quiz.pb.go:389.36,390.35 1 0
github.com/kamilmucik/question-svc/pkg/pb/quiz.pb.go:390.35,392.3 1 0
github.com/kamilmucik/question-svc/pkg/pb/quiz.pb.go:393.2,393.30 1 0
github.com/kamilmucik/question-svc/pkg/pb/quiz.pb.go:393.30,394.88 1 0
github.com/kamilmucik/question-svc/pkg/pb/quiz.pb.go:394.88,395.43 1 0
github.com/kamilmucik/question-svc/pkg/pb/quiz.pb.go:396.11,397.20 1 0
github.com/kamilmucik/question-svc/pkg/pb/quiz.pb.go:398.11,399.24 1 0
github.com/kamilmucik/question-svc/pkg/pb/quiz.pb.go:400.11,401.28 1 0
github.com/kamilmucik/question-svc/pkg/pb/quiz.pb.go:402.12,403.15 1 0
github.com/kamilmucik/question-svc/pkg/pb/quiz.pb.go:406.3,406.88 1 0
github.com/kamilmucik/question-svc/pkg/pb/quiz.pb.go:406.88,407.43 1 0
github.com/kamilmucik/question-svc/pkg/pb/quiz.pb.go:408.11,409.20 1 0
github.com/kamilmucik/question-svc/pkg/pb/quiz.pb.go:410.11,411.24 1 0
github.com/kamilmucik/question-svc/pkg/pb/quiz.pb.go:412.11,413.28 1 0
github.com/kamilmucik/question-svc/pkg/pb/quiz.pb.go:414.12,415.15 1 0
github.com/kamilmucik/question-svc/pkg/pb/quiz.pb.go:418.3,418.88 1 0
github.com/kamilmucik/question-svc/pkg/pb/quiz.pb.go:418.88,419.46 1 0
github.com/kamilmucik/question-svc/pkg/pb/quiz.pb.go:420.11,421.20 1 0
github.com/kamilmucik/question-svc/pkg/pb/quiz.pb.go:422.11,423.24 1 0
github.com/kamilmucik/question-svc/pkg/pb/quiz.pb.go:424.11,425.28 1 0
github.com/kamilmucik/question-svc/pkg/pb/quiz.pb.go:426.12,427.15 1 0
github.com/kamilmucik/question-svc/pkg/pb/quiz.pb.go:430.3,430.88 1 0
github.com/kamilmucik/question-svc/pkg/pb/quiz.pb.go:430.88,431.47 1 0
github.com/kamilmucik/question-svc/pkg/pb/quiz.pb.go:432.11,433.20 1 0
github.com/kamilmucik/question-svc/pkg/pb/quiz.pb.go:434.11,435.24 1 0
github.com/kamilmucik/question-svc/pkg/pb/quiz.pb.go:436.11,437.28 1 0
github.com/kamilmucik/question-svc/pkg/pb/quiz.pb.go:438.12,439.15 1 0
github.com/kamilmucik/question-svc/pkg/pb/quiz.pb.go:443.2,460.38 6 0
github.com/kamilmucik/question-svc/pkg/pb/quiz_grpc.pb.go:36.74,38.2 1 0
github.com/kamilmucik/question-svc/pkg/pb/quiz_grpc.pb.go:40.150,43.16 3 0
github.com/kamilmucik/question-svc/pkg/pb/quiz_grpc.pb.go:43.16,45.3 1 0
github.com/kamilmucik/question-svc/pkg/pb/quiz_grpc.pb.go:46.2,46.17 1 0
github.com/kamilmucik/question-svc/pkg/pb/quiz_grpc.pb.go:60.128,62.2 1 0
github.com/kamilmucik/question-svc/pkg/pb/quiz_grpc.pb.go:71.80,73.2 1 0
github.com/kamilmucik/question-svc/pkg/pb/quiz_grpc.pb.go:75.171,77.32 2 0
github.com/kamilmucik/question-svc/pkg/pb/quiz_grpc.pb.go:77.32,79.3 1 0
github.com/kamilmucik/question-svc/pkg/pb/quiz_grpc.pb.go:80.2,80.24 1 0
github.com/kamilmucik/question-svc/pkg/pb/quiz_grpc.pb.go:80.24,82.3 1 0
github.com/kamilmucik/question-svc/pkg/pb/quiz_grpc.pb.go:83.2,87.77 2 0
github.com/kamilmucik/question-svc/pkg/pb/quiz_grpc.pb.go:87.77,89.3 1 0
github.com/kamilmucik/question-svc/pkg/pb/quiz_grpc.pb.go:90.2,90.44 1 0
