mode: set
github.com/kamilmucik/auth-svc/cmd/main.go:16.13,19.16 2 0
github.com/kamilmucik/auth-svc/cmd/main.go:19.16,21.3 1 0
github.com/kamilmucik/auth-svc/cmd/main.go:23.2,33.16 4 0
github.com/kamilmucik/auth-svc/cmd/main.go:33.16,35.3 1 0
github.com/kamilmucik/auth-svc/cmd/main.go:37.2,48.46 5 0
github.com/kamilmucik/auth-svc/cmd/main.go:48.46,50.3 1 0
github.com/kamilmucik/auth-svc/pkg/config/config.go:11.46,20.16 6 0
github.com/kamilmucik/auth-svc/pkg/config/config.go:20.16,22.3 1 0
github.com/kamilmucik/auth-svc/pkg/config/config.go:24.2,26.8 2 0
github.com/kamilmucik/auth-svc/pkg/db/db.go:15.31,18.16 2 0
github.com/kamilmucik/auth-svc/pkg/db/db.go:18.16,20.3 1 0
github.com/kamilmucik/auth-svc/pkg/db/db.go:22.2,24.20 2 0
github.com/kamilmucik/auth-svc/pkg/service/auth.go:18.103,21.93 2 0
github.com/kamilmucik/auth-svc/pkg/service/auth.go:21.93,26.3 1 0
github.com/kamilmucik/auth-svc/pkg/service/auth.go:28.2,35.8 4 0
github.com/kamilmucik/auth-svc/pkg/service/auth.go:38.94,41.93 2 0
github.com/kamilmucik/auth-svc/pkg/service/auth.go:41.93,46.3 1 0
github.com/kamilmucik/auth-svc/pkg/service/auth.go:48.2,50.12 2 0
github.com/kamilmucik/auth-svc/pkg/service/auth.go:50.12,55.3 1 0
github.com/kamilmucik/auth-svc/pkg/service/auth.go:57.2,62.8 2 0
github.com/kamilmucik/auth-svc/pkg/service/auth.go:65.103,68.16 2 0
github.com/kamilmucik/auth-svc/pkg/service/auth.go:68.16,73.3 1 0
github.com/kamilmucik/auth-svc/pkg/service/auth.go:75.2,77.96 2 0
github.com/kamilmucik/auth-svc/pkg/service/auth.go:77.96,82.3 1 0
github.com/kamilmucik/auth-svc/pkg/service/auth.go:84.2,87.8 1 0
github.com/kamilmucik/auth-svc/pkg/pb/auth.pb.go:32.35,34.29 2 0
github.com/kamilmucik/auth-svc/pkg/pb/auth.pb.go:34.29,38.3 3 0
github.com/kamilmucik/auth-svc/pkg/pb/auth.pb.go:41.43,43.2 1 0
github.com/kamilmucik/auth-svc/pkg/pb/auth.pb.go:45.41,45.42 0 0
github.com/kamilmucik/auth-svc/pkg/pb/auth.pb.go:47.63,49.41 2 0
github.com/kamilmucik/auth-svc/pkg/pb/auth.pb.go:49.41,51.34 2 0
github.com/kamilmucik/auth-svc/pkg/pb/auth.pb.go:51.34,53.4 1 0
github.com/kamilmucik/auth-svc/pkg/pb/auth.pb.go:54.3,54.12 1 0
github.com/kamilmucik/auth-svc/pkg/pb/auth.pb.go:56.2,56.24 1 0
github.com/kamilmucik/auth-svc/pkg/pb/auth.pb.go:60.54,62.2 1 0
github.com/kamilmucik/auth-svc/pkg/pb/auth.pb.go:64.45,65.14 1 0
github.com/kamilmucik/auth-svc/pkg/pb/auth.pb.go:65.14,67.3 1 0
github.com/kamilmucik/auth-svc/pkg/pb/auth.pb.go:68.2,68.11 1 0
github.com/kamilmucik/auth-svc/pkg/pb/auth.pb.go:71.48,72.14 1 0
github.com/kamilmucik/auth-svc/pkg/pb/auth.pb.go:72.14,74.3 1 0
github.com/kamilmucik/auth-svc/pkg/pb/auth.pb.go:75.2,75.11 1 0
github.com/kamilmucik/auth-svc/pkg/pb/auth.pb.go:87.36,89.29 2 0
github.com/kamilmucik/auth-svc/pkg/pb/auth.pb.go:89.29,93.3 3 0
github.com/kamilmucik/auth-svc/pkg/pb/auth.pb.go:96.44,98.2 1 0
github.com/kamilmucik/auth-svc/pkg/pb/auth.pb.go:100.42,100.43 0 0
github.com/kamilmucik/auth-svc/pkg/pb/auth.pb.go:102.64,104.41 2 0
github.com/kamilmucik/auth-svc/pkg/pb/auth.pb.go:104.41,106.34 2 0
github.com/kamilmucik/auth-svc/pkg/pb/auth.pb.go:106.34,108.4 1 0
github.com/kamilmucik/auth-svc/pkg/pb/auth.pb.go:109.3,109.12 1 0
github.com/kamilmucik/auth-svc/pkg/pb/auth.pb.go:111.2,111.24 1 0
github.com/kamilmucik/auth-svc/pkg/pb/auth.pb.go:115.55,117.2 1 0
github.com/kamilmucik/auth-svc/pkg/pb/auth.pb.go:119.46,120.14 1 0
github.com/kamilmucik/auth-svc/pkg/pb/auth.pb.go:120.14,122.3 1 0
github.com/kamilmucik/auth-svc/pkg/pb/auth.pb.go:123.2,123.10 1 0
github.com/kamilmucik/auth-svc/pkg/pb/auth.pb.go:126.46,127.14 1 0
github.com/kamilmucik/auth-svc/pkg/pb/auth.pb.go:127.14,129.3 1 0
github.com/kamilmucik/auth-svc/pkg/pb/auth.pb.go:130.2,130.11 1 0
github.com/kamilmucik/auth-svc/pkg/pb/auth.pb.go:142.32,144.29 2 0
github.com/kamilmucik/auth-svc/pkg/pb/auth.pb.go:144.29,148.3 3 0
github.com/kamilmucik/auth-svc/pkg/pb/auth.pb.go:151.40,153.2 1 0
github.com/kamilmucik/auth-svc/pkg/pb/auth.pb.go:155.38,155.39 0 0
github.com/kamilmucik/auth-svc/pkg/pb/auth.pb.go:157.60,159.41 2 0
github.com/kamilmucik/auth-svc/pkg/pb/auth.pb.go:159.41,161.34 2 0
github.com/kamilmucik/auth-svc/pkg/pb/auth.pb.go:161.34,163.4 1 0
github.com/kamilmucik/auth-svc/pkg/pb/auth.pb.go:164.3,164.12 1 0
github.com/kamilmucik/auth-svc/pkg/pb/auth.pb.go:166.2,166.24 1 0
github.com/kamilmucik/auth-svc/pkg/pb/auth.pb.go:170.51,172.2 1 0
github.com/kamilmucik/auth-svc/pkg/pb/auth.pb.go:174.42,175.14 1 0
github.com/kamilmucik/auth-svc/pkg/pb/auth.pb.go:175.14,177.3 1 0
github.com/kamilmucik/auth-svc/pkg/pb/auth.pb.go:178.2,178.11 1 0
github.com/kamilmucik/auth-svc/pkg/pb/auth.pb.go:181.45,182.14 1 0
github.com/kamilmucik/auth-svc/pkg/pb/auth.pb.go:182.14,184.3 1 0
github.com/kamilmucik/auth-svc/pkg/pb/auth.pb.go:185.2,185.11 1 0
github.com/kamilmucik/auth-svc/pkg/pb/auth.pb.go:198.33,200.29 2 0
github.com/kamilmucik/auth-svc/pkg/pb/auth.pb.go:200.29,204.3 3 0
github.com/kamilmucik/auth-svc/pkg/pb/auth.pb.go:207.41,209.2 1 0
github.com/kamilmucik/auth-svc/pkg/pb/auth.pb.go:211.39,211.40 0 0
github.com/kamilmucik/auth-svc/pkg/pb/auth.pb.go:213.61,215.41 2 0
github.com/kamilmucik/auth-svc/pkg/pb/auth.pb.go:215.41,217.34 2 0
github.com/kamilmucik/auth-svc/pkg/pb/auth.pb.go:217.34,219.4 1 0
github.com/kamilmucik/auth-svc/pkg/pb/auth.pb.go:220.3,220.12 1 0
github.com/kamilmucik/auth-svc/pkg/pb/auth.pb.go:222.2,222.24 1 0
github.com/kamilmucik/auth-svc/pkg/pb/auth.pb.go:226.52,228.2 1 0
github.com/kamilmucik/auth-svc/pkg/pb/auth.pb.go:230.43,231.14 1 0
github.com/kamilmucik/auth-svc/pkg/pb/auth.pb.go:231.14,233.3 1 0
github.com/kamilmucik/auth-svc/pkg/pb/auth.pb.go:234.2,234.10 1 0
github.com/kamilmucik/auth-svc/pkg/pb/auth.pb.go:237.43,238.14 1 0
github.com/kamilmucik/auth-svc/pkg/pb/auth.pb.go:238.14,240.3 1 0
github.com/kamilmucik/auth-svc/pkg/pb/auth.pb.go:241.2,241.11 1 0
github.com/kamilmucik/auth-svc/pkg/pb/auth.pb.go:244.43,245.14 1 0
github.com/kamilmucik/auth-svc/pkg/pb/auth.pb.go:245.14,247.3 1 0
github.com/kamilmucik/auth-svc/pkg/pb/auth.pb.go:248.2,248.11 1 0
github.com/kamilmucik/auth-svc/pkg/pb/auth.pb.go:259.35,261.29 2 0
github.com/kamilmucik/auth-svc/pkg/pb/auth.pb.go:261.29,265.3 3 0
github.com/kamilmucik/auth-svc/pkg/pb/auth.pb.go:268.43,270.2 1 0
github.com/kamilmucik/auth-svc/pkg/pb/auth.pb.go:272.41,272.42 0 0
github.com/kamilmucik/auth-svc/pkg/pb/auth.pb.go:274.63,276.41 2 0
github.com/kamilmucik/auth-svc/pkg/pb/auth.pb.go:276.41,278.34 2 0
github.com/kamilmucik/auth-svc/pkg/pb/auth.pb.go:278.34,280.4 1 0
github.com/kamilmucik/auth-svc/pkg/pb/auth.pb.go:281.3,281.12 1 0
github.com/kamilmucik/auth-svc/pkg/pb/auth.pb.go:283.2,283.24 1 0
github.com/kamilmucik/auth-svc/pkg/pb/auth.pb.go:287.54,289.2 1 0
github.com/kamilmucik/auth-svc/pkg/pb/auth.pb.go:291.45,292.14 1 0
github.com/kamilmucik/auth-svc/pkg/pb/auth.pb.go:292.14,294.3 1 0
github.com/kamilmucik/auth-svc/pkg/pb/auth.pb.go:295.2,295.11 1 0
github.com/kamilmucik/auth-svc/pkg/pb/auth.pb.go:308.36,310.29 2 0
github.com/kamilmucik/auth-svc/pkg/pb/auth.pb.go:310.29,314.3 3 0
github.com/kamilmucik/auth-svc/pkg/pb/auth.pb.go:317.44,319.2 1 0
github.com/kamilmucik/auth-svc/pkg/pb/auth.pb.go:321.42,321.43 0 0
github.com/kamilmucik/auth-svc/pkg/pb/auth.pb.go:323.64,325.41 2 0
github.com/kamilmucik/auth-svc/pkg/pb/auth.pb.go:325.41,327.34 2 0
github.com/kamilmucik/auth-svc/pkg/pb/auth.pb.go:327.34,329.4 1 0
github.com/kamilmucik/auth-svc/pkg/pb/auth.pb.go:330.3,330.12 1 0
github.com/kamilmucik/auth-svc/pkg/pb/auth.pb.go:332.2,332.24 1 0
github.com/kamilmucik/auth-svc/pkg/pb/auth.pb.go:336.55,338.2 1 0
github.com/kamilmucik/auth-svc/pkg/pb/auth.pb.go:340.46,341.14 1 0
github.com/kamilmucik/auth-svc/pkg/pb/auth.pb.go:341.14,343.3 1 0
github.com/kamilmucik/auth-svc/pkg/pb/auth.pb.go:344.2,344.10 1 0
github.com/kamilmucik/auth-svc/pkg/pb/auth.pb.go:347.46,348.14 1 0
github.com/kamilmucik/auth-svc/pkg/pb/auth.pb.go:348.14,350.3 1 0
github.com/kamilmucik/auth-svc/pkg/pb/auth.pb.go:351.2,351.11 1 0
github.com/kamilmucik/auth-svc/pkg/pb/auth.pb.go:354.46,355.14 1 0
github.com/kamilmucik/auth-svc/pkg/pb/auth.pb.go:355.14,357.3 1 0
github.com/kamilmucik/auth-svc/pkg/pb/auth.pb.go:358.2,358.10 1 0
github.com/kamilmucik/auth-svc/pkg/pb/auth.pb.go:412.50,413.47 1 0
github.com/kamilmucik/auth-svc/pkg/pb/auth.pb.go:413.47,415.3 1 0
github.com/kamilmucik/auth-svc/pkg/pb/auth.pb.go:416.2,416.43 1 0
github.com/kamilmucik/auth-svc/pkg/pb/auth.pb.go:442.13,442.46 1 0
github.com/kamilmucik/auth-svc/pkg/pb/auth.pb.go:443.36,444.35 1 0
github.com/kamilmucik/auth-svc/pkg/pb/auth.pb.go:444.35,446.3 1 0
github.com/kamilmucik/auth-svc/pkg/pb/auth.pb.go:447.2,447.30 1 0
github.com/kamilmucik/auth-svc/pkg/pb/auth.pb.go:447.30,448.88 1 0
github.com/kamilmucik/auth-svc/pkg/pb/auth.pb.go:448.88,449.40 1 0
github.com/kamilmucik/auth-svc/pkg/pb/auth.pb.go:450.11,451.20 1 0
github.com/kamilmucik/auth-svc/pkg/pb/auth.pb.go:452.11,453.24 1 0
github.com/kamilmucik/auth-svc/pkg/pb/auth.pb.go:454.11,455.28 1 0
github.com/kamilmucik/auth-svc/pkg/pb/auth.pb.go:456.12,457.15 1 0
github.com/kamilmucik/auth-svc/pkg/pb/auth.pb.go:460.3,460.88 1 0
github.com/kamilmucik/auth-svc/pkg/pb/auth.pb.go:460.88,461.41 1 0
github.com/kamilmucik/auth-svc/pkg/pb/auth.pb.go:462.11,463.20 1 0
github.com/kamilmucik/auth-svc/pkg/pb/auth.pb.go:464.11,465.24 1 0
github.com/kamilmucik/auth-svc/pkg/pb/auth.pb.go:466.11,467.28 1 0
github.com/kamilmucik/auth-svc/pkg/pb/auth.pb.go:468.12,469.15 1 0
github.com/kamilmucik/auth-svc/pkg/pb/auth.pb.go:472.3,472.88 1 0
github.com/kamilmucik/auth-svc/pkg/pb/auth.pb.go:472.88,473.37 1 0
github.com/kamilmucik/auth-svc/pkg/pb/auth.pb.go:474.11,475.20 1 0
github.com/kamilmucik/auth-svc/pkg/pb/auth.pb.go:476.11,477.24 1 0
github.com/kamilmucik/auth-svc/pkg/pb/auth.pb.go:478.11,479.28 1 0
github.com/kamilmucik/auth-svc/pkg/pb/auth.pb.go:480.12,481.15 1 0
github.com/kamilmucik/auth-svc/pkg/pb/auth.pb.go:484.3,484.88 1 0
github.com/kamilmucik/auth-svc/pkg/pb/auth.pb.go:484.88,485.38 1 0
github.com/kamilmucik/auth-svc/pkg/pb/auth.pb.go:486.11,487.20 1 0
github.com/kamilmucik/auth-svc/pkg/pb/auth.pb.go:488.11,489.24 1 0
github.com/kamilmucik/auth-svc/pkg/pb/auth.pb.go:490.11,491.28 1 0
github.com/kamilmucik/auth-svc/pkg/pb/auth.pb.go:492.12,493.15 1 0
github.com/kamilmucik/auth-svc/pkg/pb/auth.pb.go:496.3,496.88 1 0
github.com/kamilmucik/auth-svc/pkg/pb/auth.pb.go:496.88,497.40 1 0
github.com/kamilmucik/auth-svc/pkg/pb/auth.pb.go:498.11,499.20 1 0
github.com/kamilmucik/auth-svc/pkg/pb/auth.pb.go:500.11,501.24 1 0
github.com/kamilmucik/auth-svc/pkg/pb/auth.pb.go:502.11,503.28 1 0
github.com/kamilmucik/auth-svc/pkg/pb/auth.pb.go:504.12,505.15 1 0
github.com/kamilmucik/auth-svc/pkg/pb/auth.pb.go:508.3,508.88 1 0
github.com/kamilmucik/auth-svc/pkg/pb/auth.pb.go:508.88,509.41 1 0
github.com/kamilmucik/auth-svc/pkg/pb/auth.pb.go:510.11,511.20 1 0
github.com/kamilmucik/auth-svc/pkg/pb/auth.pb.go:512.11,513.24 1 0
github.com/kamilmucik/auth-svc/pkg/pb/auth.pb.go:514.11,515.28 1 0
github.com/kamilmucik/auth-svc/pkg/pb/auth.pb.go:516.12,517.15 1 0
github.com/kamilmucik/auth-svc/pkg/pb/auth.pb.go:521.2,538.38 6 0
github.com/kamilmucik/auth-svc/pkg/pb/auth_grpc.pb.go:40.74,42.2 1 0
github.com/kamilmucik/auth-svc/pkg/pb/auth_grpc.pb.go:44.132,47.16 3 0
github.com/kamilmucik/auth-svc/pkg/pb/auth_grpc.pb.go:47.16,49.3 1 0
github.com/kamilmucik/auth-svc/pkg/pb/auth_grpc.pb.go:50.2,50.17 1 0
github.com/kamilmucik/auth-svc/pkg/pb/auth_grpc.pb.go:53.123,56.16 3 0
github.com/kamilmucik/auth-svc/pkg/pb/auth_grpc.pb.go:56.16,58.3 1 0
github.com/kamilmucik/auth-svc/pkg/pb/auth_grpc.pb.go:59.2,59.17 1 0
github.com/kamilmucik/auth-svc/pkg/pb/auth_grpc.pb.go:62.132,65.16 3 0
github.com/kamilmucik/auth-svc/pkg/pb/auth_grpc.pb.go:65.16,67.3 1 0
github.com/kamilmucik/auth-svc/pkg/pb/auth_grpc.pb.go:68.2,68.17 1 0
github.com/kamilmucik/auth-svc/pkg/pb/auth_grpc.pb.go:84.110,86.2 1 0
github.com/kamilmucik/auth-svc/pkg/pb/auth_grpc.pb.go:87.101,89.2 1 0
github.com/kamilmucik/auth-svc/pkg/pb/auth_grpc.pb.go:90.110,92.2 1 0
github.com/kamilmucik/auth-svc/pkg/pb/auth_grpc.pb.go:101.80,103.2 1 0
github.com/kamilmucik/auth-svc/pkg/pb/auth_grpc.pb.go:105.165,107.32 2 0
github.com/kamilmucik/auth-svc/pkg/pb/auth_grpc.pb.go:107.32,109.3 1 0
github.com/kamilmucik/auth-svc/pkg/pb/auth_grpc.pb.go:110.2,110.24 1 0
github.com/kamilmucik/auth-svc/pkg/pb/auth_grpc.pb.go:110.24,112.3 1 0
github.com/kamilmucik/auth-svc/pkg/pb/auth_grpc.pb.go:113.2,117.77 2 0
github.com/kamilmucik/auth-svc/pkg/pb/auth_grpc.pb.go:117.77,119.3 1 0
github.com/kamilmucik/auth-svc/pkg/pb/auth_grpc.pb.go:120.2,120.44 1 0
github.com/kamilmucik/auth-svc/pkg/pb/auth_grpc.pb.go:123.162,125.32 2 0
github.com/kamilmucik/auth-svc/pkg/pb/auth_grpc.pb.go:125.32,127.3 1 0
github.com/kamilmucik/auth-svc/pkg/pb/auth_grpc.pb.go:128.2,128.24 1 0
github.com/kamilmucik/auth-svc/pkg/pb/auth_grpc.pb.go:128.24,130.3 1 0
github.com/kamilmucik/auth-svc/pkg/pb/auth_grpc.pb.go:131.2,135.77 2 0
github.com/kamilmucik/auth-svc/pkg/pb/auth_grpc.pb.go:135.77,137.3 1 0
github.com/kamilmucik/auth-svc/pkg/pb/auth_grpc.pb.go:138.2,138.44 1 0
github.com/kamilmucik/auth-svc/pkg/pb/auth_grpc.pb.go:141.165,143.32 2 0
github.com/kamilmucik/auth-svc/pkg/pb/auth_grpc.pb.go:143.32,145.3 1 0
github.com/kamilmucik/auth-svc/pkg/pb/auth_grpc.pb.go:146.2,146.24 1 0
github.com/kamilmucik/auth-svc/pkg/pb/auth_grpc.pb.go:146.24,148.3 1 0
github.com/kamilmucik/auth-svc/pkg/pb/auth_grpc.pb.go:149.2,153.77 2 0
github.com/kamilmucik/auth-svc/pkg/pb/auth_grpc.pb.go:153.77,155.3 1 0
github.com/kamilmucik/auth-svc/pkg/pb/auth_grpc.pb.go:156.2,156.44 1 0
github.com/kamilmucik/auth-svc/pkg/utils/hash.go:5.43,9.2 2 1
github.com/kamilmucik/auth-svc/pkg/utils/hash.go:11.59,15.2 2 1
github.com/kamilmucik/auth-svc/pkg/utils/jwt.go:26.85,41.16 4 0
github.com/kamilmucik/auth-svc/pkg/utils/jwt.go:41.16,43.3 1 0
github.com/kamilmucik/auth-svc/pkg/utils/jwt.go:45.2,45.25 1 0
github.com/kamilmucik/auth-svc/pkg/utils/jwt.go:51.87,56.53 1 0
github.com/kamilmucik/auth-svc/pkg/utils/jwt.go:56.53,58.10 1 0
github.com/kamilmucik/auth-svc/pkg/utils/jwt.go:61.5,61.19 1 0
github.com/kamilmucik/auth-svc/pkg/utils/jwt.go:61.19,63.6 1 0
github.com/kamilmucik/auth-svc/pkg/utils/jwt.go:66.5,68.12 2 0
github.com/kamilmucik/auth-svc/pkg/utils/jwt.go:68.12,70.6 1 0
github.com/kamilmucik/auth-svc/pkg/utils/jwt.go:73.5,73.53 1 0
github.com/kamilmucik/auth-svc/pkg/utils/jwt.go:73.53,75.6 1 0
github.com/kamilmucik/auth-svc/pkg/utils/jwt.go:77.5,77.23 1 0
