mode: set
github.com/kamilmucik/api-gateway/cmd/main.go:16.13,19.16 2 0
github.com/kamilmucik/api-gateway/cmd/main.go:19.16,21.3 1 0
github.com/kamilmucik/api-gateway/cmd/main.go:23.2,61.15 8 0
github.com/kamilmucik/api-gateway/pkg/auth/client.go:15.63,19.16 2 0
github.com/kamilmucik/api-gateway/pkg/auth/client.go:19.16,21.3 1 0
github.com/kamilmucik/api-gateway/pkg/auth/client.go:23.2,23.36 1 0
github.com/kamilmucik/api-gateway/pkg/auth/middleware.go:16.66,18.2 1 0
github.com/kamilmucik/api-gateway/pkg/auth/middleware.go:20.63,23.25 2 0
github.com/kamilmucik/api-gateway/pkg/auth/middleware.go:23.25,26.3 2 0
github.com/kamilmucik/api-gateway/pkg/auth/middleware.go:28.2,30.20 2 0
github.com/kamilmucik/api-gateway/pkg/auth/middleware.go:30.20,33.3 2 0
github.com/kamilmucik/api-gateway/pkg/auth/middleware.go:35.2,39.47 2 0
github.com/kamilmucik/api-gateway/pkg/auth/middleware.go:39.47,42.3 2 0
github.com/kamilmucik/api-gateway/pkg/auth/middleware.go:44.2,46.12 2 0
github.com/kamilmucik/api-gateway/pkg/auth/routes.go:9.69,19.2 5 0
github.com/kamilmucik/api-gateway/pkg/auth/routes.go:21.54,23.2 1 0
github.com/kamilmucik/api-gateway/pkg/auth/routes.go:25.51,27.2 1 0
github.com/kamilmucik/api-gateway/pkg/auth/pb/auth.pb.go:32.35,34.29 2 0
github.com/kamilmucik/api-gateway/pkg/auth/pb/auth.pb.go:34.29,38.3 3 0
github.com/kamilmucik/api-gateway/pkg/auth/pb/auth.pb.go:41.43,43.2 1 0
github.com/kamilmucik/api-gateway/pkg/auth/pb/auth.pb.go:45.41,45.42 0 0
github.com/kamilmucik/api-gateway/pkg/auth/pb/auth.pb.go:47.63,49.41 2 0
github.com/kamilmucik/api-gateway/pkg/auth/pb/auth.pb.go:49.41,51.34 2 0
github.com/kamilmucik/api-gateway/pkg/auth/pb/auth.pb.go:51.34,53.4 1 0
github.com/kamilmucik/api-gateway/pkg/auth/pb/auth.pb.go:54.3,54.12 1 0
github.com/kamilmucik/api-gateway/pkg/auth/pb/auth.pb.go:56.2,56.24 1 0
github.com/kamilmucik/api-gateway/pkg/auth/pb/auth.pb.go:60.54,62.2 1 0
github.com/kamilmucik/api-gateway/pkg/auth/pb/auth.pb.go:64.45,65.14 1 0
github.com/kamilmucik/api-gateway/pkg/auth/pb/auth.pb.go:65.14,67.3 1 0
github.com/kamilmucik/api-gateway/pkg/auth/pb/auth.pb.go:68.2,68.11 1 0
github.com/kamilmucik/api-gateway/pkg/auth/pb/auth.pb.go:71.48,72.14 1 0
github.com/kamilmucik/api-gateway/pkg/auth/pb/auth.pb.go:72.14,74.3 1 0
github.com/kamilmucik/api-gateway/pkg/auth/pb/auth.pb.go:75.2,75.11 1 0
github.com/kamilmucik/api-gateway/pkg/auth/pb/auth.pb.go:87.36,89.29 2 0
github.com/kamilmucik/api-gateway/pkg/auth/pb/auth.pb.go:89.29,93.3 3 0
github.com/kamilmucik/api-gateway/pkg/auth/pb/auth.pb.go:96.44,98.2 1 0
github.com/kamilmucik/api-gateway/pkg/auth/pb/auth.pb.go:100.42,100.43 0 0
github.com/kamilmucik/api-gateway/pkg/auth/pb/auth.pb.go:102.64,104.41 2 0
github.com/kamilmucik/api-gateway/pkg/auth/pb/auth.pb.go:104.41,106.34 2 0
github.com/kamilmucik/api-gateway/pkg/auth/pb/auth.pb.go:106.34,108.4 1 0
github.com/kamilmucik/api-gateway/pkg/auth/pb/auth.pb.go:109.3,109.12 1 0
github.com/kamilmucik/api-gateway/pkg/auth/pb/auth.pb.go:111.2,111.24 1 0
github.com/kamilmucik/api-gateway/pkg/auth/pb/auth.pb.go:115.55,117.2 1 0
github.com/kamilmucik/api-gateway/pkg/auth/pb/auth.pb.go:119.46,120.14 1 0
github.com/kamilmucik/api-gateway/pkg/auth/pb/auth.pb.go:120.14,122.3 1 0
github.com/kamilmucik/api-gateway/pkg/auth/pb/auth.pb.go:123.2,123.10 1 0
github.com/kamilmucik/api-gateway/pkg/auth/pb/auth.pb.go:126.46,127.14 1 0
github.com/kamilmucik/api-gateway/pkg/auth/pb/auth.pb.go:127.14,129.3 1 0
github.com/kamilmucik/api-gateway/pkg/auth/pb/auth.pb.go:130.2,130.11 1 0
github.com/kamilmucik/api-gateway/pkg/auth/pb/auth.pb.go:142.32,144.29 2 0
github.com/kamilmucik/api-gateway/pkg/auth/pb/auth.pb.go:144.29,148.3 3 0
github.com/kamilmucik/api-gateway/pkg/auth/pb/auth.pb.go:151.40,153.2 1 0
github.com/kamilmucik/api-gateway/pkg/auth/pb/auth.pb.go:155.38,155.39 0 0
github.com/kamilmucik/api-gateway/pkg/auth/pb/auth.pb.go:157.60,159.41 2 0
github.com/kamilmucik/api-gateway/pkg/auth/pb/auth.pb.go:159.41,161.34 2 0
github.com/kamilmucik/api-gateway/pkg/auth/pb/auth.pb.go:161.34,163.4 1 0
github.com/kamilmucik/api-gateway/pkg/auth/pb/auth.pb.go:164.3,164.12 1 0
github.com/kamilmucik/api-gateway/pkg/auth/pb/auth.pb.go:166.2,166.24 1 0
github.com/kamilmucik/api-gateway/pkg/auth/pb/auth.pb.go:170.51,172.2 1 0
github.com/kamilmucik/api-gateway/pkg/auth/pb/auth.pb.go:174.42,175.14 1 0
github.com/kamilmucik/api-gateway/pkg/auth/pb/auth.pb.go:175.14,177.3 1 0
github.com/kamilmucik/api-gateway/pkg/auth/pb/auth.pb.go:178.2,178.11 1 0
github.com/kamilmucik/api-gateway/pkg/auth/pb/auth.pb.go:181.45,182.14 1 0
github.com/kamilmucik/api-gateway/pkg/auth/pb/auth.pb.go:182.14,184.3 1 0
github.com/kamilmucik/api-gateway/pkg/auth/pb/auth.pb.go:185.2,185.11 1 0
github.com/kamilmucik/api-gateway/pkg/auth/pb/auth.pb.go:198.33,200.29 2 0
github.com/kamilmucik/api-gateway/pkg/auth/pb/auth.pb.go:200.29,204.3 3 0
github.com/kamilmucik/api-gateway/pkg/auth/pb/auth.pb.go:207.41,209.2 1 0
github.com/kamilmucik/api-gateway/pkg/auth/pb/auth.pb.go:211.39,211.40 0 0
github.com/kamilmucik/api-gateway/pkg/auth/pb/auth.pb.go:213.61,215.41 2 0
github.com/kamilmucik/api-gateway/pkg/auth/pb/auth.pb.go:215.41,217.34 2 0
github.com/kamilmucik/api-gateway/pkg/auth/pb/auth.pb.go:217.34,219.4 1 0
github.com/kamilmucik/api-gateway/pkg/auth/pb/auth.pb.go:220.3,220.12 1 0
github.com/kamilmucik/api-gateway/pkg/auth/pb/auth.pb.go:222.2,222.24 1 0
github.com/kamilmucik/api-gateway/pkg/auth/pb/auth.pb.go:226.52,228.2 1 0
github.com/kamilmucik/api-gateway/pkg/auth/pb/auth.pb.go:230.43,231.14 1 0
github.com/kamilmucik/api-gateway/pkg/auth/pb/auth.pb.go:231.14,233.3 1 0
github.com/kamilmucik/api-gateway/pkg/auth/pb/auth.pb.go:234.2,234.10 1 0
github.com/kamilmucik/api-gateway/pkg/auth/pb/auth.pb.go:237.43,238.14 1 0
github.com/kamilmucik/api-gateway/pkg/auth/pb/auth.pb.go:238.14,240.3 1 0
github.com/kamilmucik/api-gateway/pkg/auth/pb/auth.pb.go:241.2,241.11 1 0
github.com/kamilmucik/api-gateway/pkg/auth/pb/auth.pb.go:244.43,245.14 1 0
github.com/kamilmucik/api-gateway/pkg/auth/pb/auth.pb.go:245.14,247.3 1 0
github.com/kamilmucik/api-gateway/pkg/auth/pb/auth.pb.go:248.2,248.11 1 0
github.com/kamilmucik/api-gateway/pkg/auth/pb/auth.pb.go:259.35,261.29 2 0
github.com/kamilmucik/api-gateway/pkg/auth/pb/auth.pb.go:261.29,265.3 3 0
github.com/kamilmucik/api-gateway/pkg/auth/pb/auth.pb.go:268.43,270.2 1 0
github.com/kamilmucik/api-gateway/pkg/auth/pb/auth.pb.go:272.41,272.42 0 0
github.com/kamilmucik/api-gateway/pkg/auth/pb/auth.pb.go:274.63,276.41 2 0
github.com/kamilmucik/api-gateway/pkg/auth/pb/auth.pb.go:276.41,278.34 2 0
github.com/kamilmucik/api-gateway/pkg/auth/pb/auth.pb.go:278.34,280.4 1 0
github.com/kamilmucik/api-gateway/pkg/auth/pb/auth.pb.go:281.3,281.12 1 0
github.com/kamilmucik/api-gateway/pkg/auth/pb/auth.pb.go:283.2,283.24 1 0
github.com/kamilmucik/api-gateway/pkg/auth/pb/auth.pb.go:287.54,289.2 1 0
github.com/kamilmucik/api-gateway/pkg/auth/pb/auth.pb.go:291.45,292.14 1 0
github.com/kamilmucik/api-gateway/pkg/auth/pb/auth.pb.go:292.14,294.3 1 0
github.com/kamilmucik/api-gateway/pkg/auth/pb/auth.pb.go:295.2,295.11 1 0
github.com/kamilmucik/api-gateway/pkg/auth/pb/auth.pb.go:308.36,310.29 2 0
github.com/kamilmucik/api-gateway/pkg/auth/pb/auth.pb.go:310.29,314.3 3 0
github.com/kamilmucik/api-gateway/pkg/auth/pb/auth.pb.go:317.44,319.2 1 0
github.com/kamilmucik/api-gateway/pkg/auth/pb/auth.pb.go:321.42,321.43 0 0
github.com/kamilmucik/api-gateway/pkg/auth/pb/auth.pb.go:323.64,325.41 2 0
github.com/kamilmucik/api-gateway/pkg/auth/pb/auth.pb.go:325.41,327.34 2 0
github.com/kamilmucik/api-gateway/pkg/auth/pb/auth.pb.go:327.34,329.4 1 0
github.com/kamilmucik/api-gateway/pkg/auth/pb/auth.pb.go:330.3,330.12 1 0
github.com/kamilmucik/api-gateway/pkg/auth/pb/auth.pb.go:332.2,332.24 1 0
github.com/kamilmucik/api-gateway/pkg/auth/pb/auth.pb.go:336.55,338.2 1 0
github.com/kamilmucik/api-gateway/pkg/auth/pb/auth.pb.go:340.46,341.14 1 0
github.com/kamilmucik/api-gateway/pkg/auth/pb/auth.pb.go:341.14,343.3 1 0
github.com/kamilmucik/api-gateway/pkg/auth/pb/auth.pb.go:344.2,344.10 1 0
github.com/kamilmucik/api-gateway/pkg/auth/pb/auth.pb.go:347.46,348.14 1 0
github.com/kamilmucik/api-gateway/pkg/auth/pb/auth.pb.go:348.14,350.3 1 0
github.com/kamilmucik/api-gateway/pkg/auth/pb/auth.pb.go:351.2,351.11 1 0
github.com/kamilmucik/api-gateway/pkg/auth/pb/auth.pb.go:354.46,355.14 1 0
github.com/kamilmucik/api-gateway/pkg/auth/pb/auth.pb.go:355.14,357.3 1 0
github.com/kamilmucik/api-gateway/pkg/auth/pb/auth.pb.go:358.2,358.10 1 0
github.com/kamilmucik/api-gateway/pkg/auth/pb/auth.pb.go:413.55,414.52 1 0
github.com/kamilmucik/api-gateway/pkg/auth/pb/auth.pb.go:414.52,416.3 1 0
github.com/kamilmucik/api-gateway/pkg/auth/pb/auth.pb.go:417.2,417.48 1 0
github.com/kamilmucik/api-gateway/pkg/auth/pb/auth.pb.go:443.13,443.51 1 0
github.com/kamilmucik/api-gateway/pkg/auth/pb/auth.pb.go:444.41,445.40 1 0
github.com/kamilmucik/api-gateway/pkg/auth/pb/auth.pb.go:445.40,447.3 1 0
github.com/kamilmucik/api-gateway/pkg/auth/pb/auth.pb.go:448.2,448.30 1 0
github.com/kamilmucik/api-gateway/pkg/auth/pb/auth.pb.go:448.30,449.93 1 0
github.com/kamilmucik/api-gateway/pkg/auth/pb/auth.pb.go:449.93,450.40 1 0
github.com/kamilmucik/api-gateway/pkg/auth/pb/auth.pb.go:451.11,452.20 1 0
github.com/kamilmucik/api-gateway/pkg/auth/pb/auth.pb.go:453.11,454.24 1 0
github.com/kamilmucik/api-gateway/pkg/auth/pb/auth.pb.go:455.11,456.28 1 0
github.com/kamilmucik/api-gateway/pkg/auth/pb/auth.pb.go:457.12,458.15 1 0
github.com/kamilmucik/api-gateway/pkg/auth/pb/auth.pb.go:461.3,461.93 1 0
github.com/kamilmucik/api-gateway/pkg/auth/pb/auth.pb.go:461.93,462.41 1 0
github.com/kamilmucik/api-gateway/pkg/auth/pb/auth.pb.go:463.11,464.20 1 0
github.com/kamilmucik/api-gateway/pkg/auth/pb/auth.pb.go:465.11,466.24 1 0
github.com/kamilmucik/api-gateway/pkg/auth/pb/auth.pb.go:467.11,468.28 1 0
github.com/kamilmucik/api-gateway/pkg/auth/pb/auth.pb.go:469.12,470.15 1 0
github.com/kamilmucik/api-gateway/pkg/auth/pb/auth.pb.go:473.3,473.93 1 0
github.com/kamilmucik/api-gateway/pkg/auth/pb/auth.pb.go:473.93,474.37 1 0
github.com/kamilmucik/api-gateway/pkg/auth/pb/auth.pb.go:475.11,476.20 1 0
github.com/kamilmucik/api-gateway/pkg/auth/pb/auth.pb.go:477.11,478.24 1 0
github.com/kamilmucik/api-gateway/pkg/auth/pb/auth.pb.go:479.11,480.28 1 0
github.com/kamilmucik/api-gateway/pkg/auth/pb/auth.pb.go:481.12,482.15 1 0
github.com/kamilmucik/api-gateway/pkg/auth/pb/auth.pb.go:485.3,485.93 1 0
github.com/kamilmucik/api-gateway/pkg/auth/pb/auth.pb.go:485.93,486.38 1 0
github.com/kamilmucik/api-gateway/pkg/auth/pb/auth.pb.go:487.11,488.20 1 0
github.com/kamilmucik/api-gateway/pkg/auth/pb/auth.pb.go:489.11,490.24 1 0
github.com/kamilmucik/api-gateway/pkg/auth/pb/auth.pb.go:491.11,492.28 1 0
github.com/kamilmucik/api-gateway/pkg/auth/pb/auth.pb.go:493.12,494.15 1 0
github.com/kamilmucik/api-gateway/pkg/auth/pb/auth.pb.go:497.3,497.93 1 0
github.com/kamilmucik/api-gateway/pkg/auth/pb/auth.pb.go:497.93,498.40 1 0
github.com/kamilmucik/api-gateway/pkg/auth/pb/auth.pb.go:499.11,500.20 1 0
github.com/kamilmucik/api-gateway/pkg/auth/pb/auth.pb.go:501.11,502.24 1 0
github.com/kamilmucik/api-gateway/pkg/auth/pb/auth.pb.go:503.11,504.28 1 0
github.com/kamilmucik/api-gateway/pkg/auth/pb/auth.pb.go:505.12,506.15 1 0
github.com/kamilmucik/api-gateway/pkg/auth/pb/auth.pb.go:509.3,509.93 1 0
github.com/kamilmucik/api-gateway/pkg/auth/pb/auth.pb.go:509.93,510.41 1 0
github.com/kamilmucik/api-gateway/pkg/auth/pb/auth.pb.go:511.11,512.20 1 0
github.com/kamilmucik/api-gateway/pkg/auth/pb/auth.pb.go:513.11,514.24 1 0
github.com/kamilmucik/api-gateway/pkg/auth/pb/auth.pb.go:515.11,516.28 1 0
github.com/kamilmucik/api-gateway/pkg/auth/pb/auth.pb.go:517.12,518.15 1 0
github.com/kamilmucik/api-gateway/pkg/auth/pb/auth.pb.go:522.2,539.43 6 0
github.com/kamilmucik/api-gateway/pkg/auth/pb/auth_grpc.pb.go:40.74,42.2 1 0
github.com/kamilmucik/api-gateway/pkg/auth/pb/auth_grpc.pb.go:44.132,47.16 3 0
github.com/kamilmucik/api-gateway/pkg/auth/pb/auth_grpc.pb.go:47.16,49.3 1 0
github.com/kamilmucik/api-gateway/pkg/auth/pb/auth_grpc.pb.go:50.2,50.17 1 0
github.com/kamilmucik/api-gateway/pkg/auth/pb/auth_grpc.pb.go:53.123,56.16 3 0
github.com/kamilmucik/api-gateway/pkg/auth/pb/auth_grpc.pb.go:56.16,58.3 1 0
github.com/kamilmucik/api-gateway/pkg/auth/pb/auth_grpc.pb.go:59.2,59.17 1 0
github.com/kamilmucik/api-gateway/pkg/auth/pb/auth_grpc.pb.go:62.132,65.16 3 0
github.com/kamilmucik/api-gateway/pkg/auth/pb/auth_grpc.pb.go:65.16,67.3 1 0
github.com/kamilmucik/api-gateway/pkg/auth/pb/auth_grpc.pb.go:68.2,68.17 1 0
github.com/kamilmucik/api-gateway/pkg/auth/pb/auth_grpc.pb.go:84.110,86.2 1 0
github.com/kamilmucik/api-gateway/pkg/auth/pb/auth_grpc.pb.go:87.101,89.2 1 0
github.com/kamilmucik/api-gateway/pkg/auth/pb/auth_grpc.pb.go:90.110,92.2 1 0
github.com/kamilmucik/api-gateway/pkg/auth/pb/auth_grpc.pb.go:101.80,103.2 1 0
github.com/kamilmucik/api-gateway/pkg/auth/pb/auth_grpc.pb.go:105.165,107.32 2 0
github.com/kamilmucik/api-gateway/pkg/auth/pb/auth_grpc.pb.go:107.32,109.3 1 0
github.com/kamilmucik/api-gateway/pkg/auth/pb/auth_grpc.pb.go:110.2,110.24 1 0
github.com/kamilmucik/api-gateway/pkg/auth/pb/auth_grpc.pb.go:110.24,112.3 1 0
github.com/kamilmucik/api-gateway/pkg/auth/pb/auth_grpc.pb.go:113.2,117.77 2 0
github.com/kamilmucik/api-gateway/pkg/auth/pb/auth_grpc.pb.go:117.77,119.3 1 0
github.com/kamilmucik/api-gateway/pkg/auth/pb/auth_grpc.pb.go:120.2,120.44 1 0
github.com/kamilmucik/api-gateway/pkg/auth/pb/auth_grpc.pb.go:123.162,125.32 2 0
github.com/kamilmucik/api-gateway/pkg/auth/pb/auth_grpc.pb.go:125.32,127.3 1 0
github.com/kamilmucik/api-gateway/pkg/auth/pb/auth_grpc.pb.go:128.2,128.24 1 0
github.com/kamilmucik/api-gateway/pkg/auth/pb/auth_grpc.pb.go:128.24,130.3 1 0
github.com/kamilmucik/api-gateway/pkg/auth/pb/auth_grpc.pb.go:131.2,135.77 2 0
github.com/kamilmucik/api-gateway/pkg/auth/pb/auth_grpc.pb.go:135.77,137.3 1 0
github.com/kamilmucik/api-gateway/pkg/auth/pb/auth_grpc.pb.go:138.2,138.44 1 0
github.com/kamilmucik/api-gateway/pkg/auth/pb/auth_grpc.pb.go:141.165,143.32 2 0
github.com/kamilmucik/api-gateway/pkg/auth/pb/auth_grpc.pb.go:143.32,145.3 1 0
github.com/kamilmucik/api-gateway/pkg/auth/pb/auth_grpc.pb.go:146.2,146.24 1 0
github.com/kamilmucik/api-gateway/pkg/auth/pb/auth_grpc.pb.go:146.24,148.3 1 0
github.com/kamilmucik/api-gateway/pkg/auth/pb/auth_grpc.pb.go:149.2,153.77 2 0
github.com/kamilmucik/api-gateway/pkg/auth/pb/auth_grpc.pb.go:153.77,155.3 1 0
github.com/kamilmucik/api-gateway/pkg/auth/pb/auth_grpc.pb.go:156.2,156.44 1 0
github.com/kamilmucik/api-gateway/pkg/auth/routes/login.go:16.54,19.41 2 0
github.com/kamilmucik/api-gateway/pkg/auth/routes/login.go:19.41,22.3 2 0
github.com/kamilmucik/api-gateway/pkg/auth/routes/login.go:24.2,29.16 2 0
github.com/kamilmucik/api-gateway/pkg/auth/routes/login.go:29.16,32.3 2 0
github.com/kamilmucik/api-gateway/pkg/auth/routes/login.go:34.2,34.36 1 0
github.com/kamilmucik/api-gateway/pkg/auth/routes/register.go:16.57,19.44 2 0
github.com/kamilmucik/api-gateway/pkg/auth/routes/register.go:19.44,22.3 2 0
github.com/kamilmucik/api-gateway/pkg/auth/routes/register.go:24.2,29.16 2 0
github.com/kamilmucik/api-gateway/pkg/auth/routes/register.go:29.16,32.3 2 0
github.com/kamilmucik/api-gateway/pkg/auth/routes/register.go:34.2,34.33 1 0
github.com/kamilmucik/api-gateway/pkg/category/pb/category.pb.go:33.39,35.29 2 0
github.com/kamilmucik/api-gateway/pkg/category/pb/category.pb.go:35.29,39.3 3 0
github.com/kamilmucik/api-gateway/pkg/category/pb/category.pb.go:42.47,44.2 1 0
github.com/kamilmucik/api-gateway/pkg/category/pb/category.pb.go:46.45,46.46 0 0
github.com/kamilmucik/api-gateway/pkg/category/pb/category.pb.go:48.67,50.41 2 0
github.com/kamilmucik/api-gateway/pkg/category/pb/category.pb.go:50.41,52.34 2 0
github.com/kamilmucik/api-gateway/pkg/category/pb/category.pb.go:52.34,54.4 1 0
github.com/kamilmucik/api-gateway/pkg/category/pb/category.pb.go:55.3,55.12 1 0
github.com/kamilmucik/api-gateway/pkg/category/pb/category.pb.go:57.2,57.24 1 0
github.com/kamilmucik/api-gateway/pkg/category/pb/category.pb.go:61.58,63.2 1 0
github.com/kamilmucik/api-gateway/pkg/category/pb/category.pb.go:65.45,66.14 1 0
github.com/kamilmucik/api-gateway/pkg/category/pb/category.pb.go:66.14,68.3 1 0
github.com/kamilmucik/api-gateway/pkg/category/pb/category.pb.go:69.2,69.10 1 0
github.com/kamilmucik/api-gateway/pkg/category/pb/category.pb.go:72.48,73.14 1 0
github.com/kamilmucik/api-gateway/pkg/category/pb/category.pb.go:73.14,75.3 1 0
github.com/kamilmucik/api-gateway/pkg/category/pb/category.pb.go:76.2,76.11 1 0
github.com/kamilmucik/api-gateway/pkg/category/pb/category.pb.go:87.42,89.29 2 0
github.com/kamilmucik/api-gateway/pkg/category/pb/category.pb.go:89.29,93.3 3 0
github.com/kamilmucik/api-gateway/pkg/category/pb/category.pb.go:96.50,98.2 1 0
github.com/kamilmucik/api-gateway/pkg/category/pb/category.pb.go:100.48,100.49 0 0
github.com/kamilmucik/api-gateway/pkg/category/pb/category.pb.go:102.70,104.41 2 0
github.com/kamilmucik/api-gateway/pkg/category/pb/category.pb.go:104.41,106.34 2 0
github.com/kamilmucik/api-gateway/pkg/category/pb/category.pb.go:106.34,108.4 1 0
github.com/kamilmucik/api-gateway/pkg/category/pb/category.pb.go:109.3,109.12 1 0
github.com/kamilmucik/api-gateway/pkg/category/pb/category.pb.go:111.2,111.24 1 0
github.com/kamilmucik/api-gateway/pkg/category/pb/category.pb.go:115.61,117.2 1 0
github.com/kamilmucik/api-gateway/pkg/category/pb/category.pb.go:119.48,120.14 1 0
github.com/kamilmucik/api-gateway/pkg/category/pb/category.pb.go:120.14,122.3 1 0
github.com/kamilmucik/api-gateway/pkg/category/pb/category.pb.go:123.2,123.10 1 0
github.com/kamilmucik/api-gateway/pkg/category/pb/category.pb.go:136.43,138.29 2 0
github.com/kamilmucik/api-gateway/pkg/category/pb/category.pb.go:138.29,142.3 3 0
github.com/kamilmucik/api-gateway/pkg/category/pb/category.pb.go:145.51,147.2 1 0
github.com/kamilmucik/api-gateway/pkg/category/pb/category.pb.go:149.49,149.50 0 0
github.com/kamilmucik/api-gateway/pkg/category/pb/category.pb.go:151.71,153.41 2 0
github.com/kamilmucik/api-gateway/pkg/category/pb/category.pb.go:153.41,155.34 2 0
github.com/kamilmucik/api-gateway/pkg/category/pb/category.pb.go:155.34,157.4 1 0
github.com/kamilmucik/api-gateway/pkg/category/pb/category.pb.go:158.3,158.12 1 0
github.com/kamilmucik/api-gateway/pkg/category/pb/category.pb.go:160.2,160.24 1 0
github.com/kamilmucik/api-gateway/pkg/category/pb/category.pb.go:164.62,166.2 1 0
github.com/kamilmucik/api-gateway/pkg/category/pb/category.pb.go:168.53,169.14 1 0
github.com/kamilmucik/api-gateway/pkg/category/pb/category.pb.go:169.14,171.3 1 0
github.com/kamilmucik/api-gateway/pkg/category/pb/category.pb.go:172.2,172.10 1 0
github.com/kamilmucik/api-gateway/pkg/category/pb/category.pb.go:175.53,176.14 1 0
github.com/kamilmucik/api-gateway/pkg/category/pb/category.pb.go:176.14,178.3 1 0
github.com/kamilmucik/api-gateway/pkg/category/pb/category.pb.go:179.2,179.11 1 0
github.com/kamilmucik/api-gateway/pkg/category/pb/category.pb.go:182.66,183.14 1 0
github.com/kamilmucik/api-gateway/pkg/category/pb/category.pb.go:183.14,185.3 1 0
github.com/kamilmucik/api-gateway/pkg/category/pb/category.pb.go:186.2,186.12 1 0
github.com/kamilmucik/api-gateway/pkg/category/pb/category.pb.go:199.36,201.29 2 0
github.com/kamilmucik/api-gateway/pkg/category/pb/category.pb.go:201.29,205.3 3 0
github.com/kamilmucik/api-gateway/pkg/category/pb/category.pb.go:208.44,210.2 1 0
github.com/kamilmucik/api-gateway/pkg/category/pb/category.pb.go:212.42,212.43 0 0
github.com/kamilmucik/api-gateway/pkg/category/pb/category.pb.go:214.64,216.41 2 0
github.com/kamilmucik/api-gateway/pkg/category/pb/category.pb.go:216.41,218.34 2 0
github.com/kamilmucik/api-gateway/pkg/category/pb/category.pb.go:218.34,220.4 1 0
github.com/kamilmucik/api-gateway/pkg/category/pb/category.pb.go:221.3,221.12 1 0
github.com/kamilmucik/api-gateway/pkg/category/pb/category.pb.go:223.2,223.24 1 0
github.com/kamilmucik/api-gateway/pkg/category/pb/category.pb.go:227.55,229.2 1 0
github.com/kamilmucik/api-gateway/pkg/category/pb/category.pb.go:231.42,232.14 1 0
github.com/kamilmucik/api-gateway/pkg/category/pb/category.pb.go:232.14,234.3 1 0
github.com/kamilmucik/api-gateway/pkg/category/pb/category.pb.go:235.2,235.10 1 0
github.com/kamilmucik/api-gateway/pkg/category/pb/category.pb.go:238.45,239.14 1 0
github.com/kamilmucik/api-gateway/pkg/category/pb/category.pb.go:239.14,241.3 1 0
github.com/kamilmucik/api-gateway/pkg/category/pb/category.pb.go:242.2,242.11 1 0
github.com/kamilmucik/api-gateway/pkg/category/pb/category.pb.go:253.44,255.29 2 0
github.com/kamilmucik/api-gateway/pkg/category/pb/category.pb.go:255.29,259.3 3 0
github.com/kamilmucik/api-gateway/pkg/category/pb/category.pb.go:262.52,264.2 1 0
github.com/kamilmucik/api-gateway/pkg/category/pb/category.pb.go:266.50,266.51 0 0
github.com/kamilmucik/api-gateway/pkg/category/pb/category.pb.go:268.72,270.41 2 0
github.com/kamilmucik/api-gateway/pkg/category/pb/category.pb.go:270.41,272.34 2 0
github.com/kamilmucik/api-gateway/pkg/category/pb/category.pb.go:272.34,274.4 1 0
github.com/kamilmucik/api-gateway/pkg/category/pb/category.pb.go:275.3,275.12 1 0
github.com/kamilmucik/api-gateway/pkg/category/pb/category.pb.go:277.2,277.24 1 0
github.com/kamilmucik/api-gateway/pkg/category/pb/category.pb.go:281.63,283.2 1 0
github.com/kamilmucik/api-gateway/pkg/category/pb/category.pb.go:285.50,286.14 1 0
github.com/kamilmucik/api-gateway/pkg/category/pb/category.pb.go:286.14,288.3 1 0
github.com/kamilmucik/api-gateway/pkg/category/pb/category.pb.go:289.2,289.10 1 0
github.com/kamilmucik/api-gateway/pkg/category/pb/category.pb.go:302.45,304.29 2 0
github.com/kamilmucik/api-gateway/pkg/category/pb/category.pb.go:304.29,308.3 3 0
github.com/kamilmucik/api-gateway/pkg/category/pb/category.pb.go:311.53,313.2 1 0
github.com/kamilmucik/api-gateway/pkg/category/pb/category.pb.go:315.51,315.52 0 0
github.com/kamilmucik/api-gateway/pkg/category/pb/category.pb.go:317.73,319.41 2 0
github.com/kamilmucik/api-gateway/pkg/category/pb/category.pb.go:319.41,321.34 2 0
github.com/kamilmucik/api-gateway/pkg/category/pb/category.pb.go:321.34,323.4 1 0
github.com/kamilmucik/api-gateway/pkg/category/pb/category.pb.go:324.3,324.12 1 0
github.com/kamilmucik/api-gateway/pkg/category/pb/category.pb.go:326.2,326.24 1 0
github.com/kamilmucik/api-gateway/pkg/category/pb/category.pb.go:330.64,332.2 1 0
github.com/kamilmucik/api-gateway/pkg/category/pb/category.pb.go:334.55,335.14 1 0
github.com/kamilmucik/api-gateway/pkg/category/pb/category.pb.go:335.14,337.3 1 0
github.com/kamilmucik/api-gateway/pkg/category/pb/category.pb.go:338.2,338.10 1 0
github.com/kamilmucik/api-gateway/pkg/category/pb/category.pb.go:341.55,342.14 1 0
github.com/kamilmucik/api-gateway/pkg/category/pb/category.pb.go:342.14,344.3 1 0
github.com/kamilmucik/api-gateway/pkg/category/pb/category.pb.go:345.2,345.11 1 0
github.com/kamilmucik/api-gateway/pkg/category/pb/category.pb.go:348.67,349.14 1 0
github.com/kamilmucik/api-gateway/pkg/category/pb/category.pb.go:349.14,351.3 1 0
github.com/kamilmucik/api-gateway/pkg/category/pb/category.pb.go:352.2,352.12 1 0
github.com/kamilmucik/api-gateway/pkg/category/pb/category.pb.go:370.44,372.29 2 0
github.com/kamilmucik/api-gateway/pkg/category/pb/category.pb.go:372.29,376.3 3 0
github.com/kamilmucik/api-gateway/pkg/category/pb/category.pb.go:379.52,381.2 1 0
github.com/kamilmucik/api-gateway/pkg/category/pb/category.pb.go:383.50,383.51 0 0
github.com/kamilmucik/api-gateway/pkg/category/pb/category.pb.go:385.72,387.41 2 0
github.com/kamilmucik/api-gateway/pkg/category/pb/category.pb.go:387.41,389.34 2 0
github.com/kamilmucik/api-gateway/pkg/category/pb/category.pb.go:389.34,391.4 1 0
github.com/kamilmucik/api-gateway/pkg/category/pb/category.pb.go:392.3,392.12 1 0
github.com/kamilmucik/api-gateway/pkg/category/pb/category.pb.go:394.2,394.24 1 0
github.com/kamilmucik/api-gateway/pkg/category/pb/category.pb.go:398.63,400.2 1 0
github.com/kamilmucik/api-gateway/pkg/category/pb/category.pb.go:402.50,403.14 1 0
github.com/kamilmucik/api-gateway/pkg/category/pb/category.pb.go:403.14,405.3 1 0
github.com/kamilmucik/api-gateway/pkg/category/pb/category.pb.go:406.2,406.10 1 0
github.com/kamilmucik/api-gateway/pkg/category/pb/category.pb.go:409.53,410.14 1 0
github.com/kamilmucik/api-gateway/pkg/category/pb/category.pb.go:410.14,412.3 1 0
github.com/kamilmucik/api-gateway/pkg/category/pb/category.pb.go:413.2,413.11 1 0
github.com/kamilmucik/api-gateway/pkg/category/pb/category.pb.go:416.60,417.14 1 0
github.com/kamilmucik/api-gateway/pkg/category/pb/category.pb.go:417.14,419.3 1 0
github.com/kamilmucik/api-gateway/pkg/category/pb/category.pb.go:420.2,420.10 1 0
github.com/kamilmucik/api-gateway/pkg/category/pb/category.pb.go:423.53,424.14 1 0
github.com/kamilmucik/api-gateway/pkg/category/pb/category.pb.go:424.14,426.3 1 0
github.com/kamilmucik/api-gateway/pkg/category/pb/category.pb.go:427.2,427.11 1 0
github.com/kamilmucik/api-gateway/pkg/category/pb/category.pb.go:430.57,431.14 1 0
github.com/kamilmucik/api-gateway/pkg/category/pb/category.pb.go:431.14,433.3 1 0
github.com/kamilmucik/api-gateway/pkg/category/pb/category.pb.go:434.2,434.10 1 0
github.com/kamilmucik/api-gateway/pkg/category/pb/category.pb.go:437.61,438.14 1 0
github.com/kamilmucik/api-gateway/pkg/category/pb/category.pb.go:438.14,440.3 1 0
github.com/kamilmucik/api-gateway/pkg/category/pb/category.pb.go:441.2,441.10 1 0
github.com/kamilmucik/api-gateway/pkg/category/pb/category.pb.go:444.64,445.14 1 0
github.com/kamilmucik/api-gateway/pkg/category/pb/category.pb.go:445.14,447.3 1 0
github.com/kamilmucik/api-gateway/pkg/category/pb/category.pb.go:448.2,448.10 1 0
github.com/kamilmucik/api-gateway/pkg/category/pb/category.pb.go:461.47,463.29 2 0
github.com/kamilmucik/api-gateway/pkg/category/pb/category.pb.go:463.29,467.3 3 0
github.com/kamilmucik/api-gateway/pkg/category/pb/category.pb.go:470.55,472.2 1 0
github.com/kamilmucik/api-gateway/pkg/category/pb/category.pb.go:474.53,474.54 0 0
github.com/kamilmucik/api-gateway/pkg/category/pb/category.pb.go:476.75,478.41 2 0
github.com/kamilmucik/api-gateway/pkg/category/pb/category.pb.go:478.41,480.34 2 0
github.com/kamilmucik/api-gateway/pkg/category/pb/category.pb.go:480.34,482.4 1 0
github.com/kamilmucik/api-gateway/pkg/category/pb/category.pb.go:483.3,483.12 1 0
github.com/kamilmucik/api-gateway/pkg/category/pb/category.pb.go:485.2,485.24 1 0
github.com/kamilmucik/api-gateway/pkg/category/pb/category.pb.go:489.66,491.2 1 0
github.com/kamilmucik/api-gateway/pkg/category/pb/category.pb.go:493.63,494.14 1 0
github.com/kamilmucik/api-gateway/pkg/category/pb/category.pb.go:494.14,496.3 1 0
github.com/kamilmucik/api-gateway/pkg/category/pb/category.pb.go:497.2,497.10 1 0
github.com/kamilmucik/api-gateway/pkg/category/pb/category.pb.go:500.62,501.14 1 0
github.com/kamilmucik/api-gateway/pkg/category/pb/category.pb.go:501.14,503.3 1 0
github.com/kamilmucik/api-gateway/pkg/category/pb/category.pb.go:504.2,504.10 1 0
github.com/kamilmucik/api-gateway/pkg/category/pb/category.pb.go:507.59,508.14 1 0
github.com/kamilmucik/api-gateway/pkg/category/pb/category.pb.go:508.14,510.3 1 0
github.com/kamilmucik/api-gateway/pkg/category/pb/category.pb.go:511.2,511.10 1 0
github.com/kamilmucik/api-gateway/pkg/category/pb/category.pb.go:525.48,527.29 2 0
github.com/kamilmucik/api-gateway/pkg/category/pb/category.pb.go:527.29,531.3 3 0
github.com/kamilmucik/api-gateway/pkg/category/pb/category.pb.go:534.56,536.2 1 0
github.com/kamilmucik/api-gateway/pkg/category/pb/category.pb.go:538.54,538.55 0 0
github.com/kamilmucik/api-gateway/pkg/category/pb/category.pb.go:540.76,542.41 2 0
github.com/kamilmucik/api-gateway/pkg/category/pb/category.pb.go:542.41,544.34 2 0
github.com/kamilmucik/api-gateway/pkg/category/pb/category.pb.go:544.34,546.4 1 0
github.com/kamilmucik/api-gateway/pkg/category/pb/category.pb.go:547.3,547.12 1 0
github.com/kamilmucik/api-gateway/pkg/category/pb/category.pb.go:549.2,549.24 1 0
github.com/kamilmucik/api-gateway/pkg/category/pb/category.pb.go:553.67,555.2 1 0
github.com/kamilmucik/api-gateway/pkg/category/pb/category.pb.go:557.58,558.14 1 0
github.com/kamilmucik/api-gateway/pkg/category/pb/category.pb.go:558.14,560.3 1 0
github.com/kamilmucik/api-gateway/pkg/category/pb/category.pb.go:561.2,561.10 1 0
github.com/kamilmucik/api-gateway/pkg/category/pb/category.pb.go:564.58,565.14 1 0
github.com/kamilmucik/api-gateway/pkg/category/pb/category.pb.go:565.14,567.3 1 0
github.com/kamilmucik/api-gateway/pkg/category/pb/category.pb.go:568.2,568.11 1 0
github.com/kamilmucik/api-gateway/pkg/category/pb/category.pb.go:571.61,572.14 1 0
github.com/kamilmucik/api-gateway/pkg/category/pb/category.pb.go:572.14,574.3 1 0
github.com/kamilmucik/api-gateway/pkg/category/pb/category.pb.go:575.2,575.10 1 0
github.com/kamilmucik/api-gateway/pkg/category/pb/category.pb.go:578.78,579.14 1 0
github.com/kamilmucik/api-gateway/pkg/category/pb/category.pb.go:579.14,581.3 1 0
github.com/kamilmucik/api-gateway/pkg/category/pb/category.pb.go:582.2,582.12 1 0
github.com/kamilmucik/api-gateway/pkg/category/pb/category.pb.go:681.63,682.60 1 0
github.com/kamilmucik/api-gateway/pkg/category/pb/category.pb.go:682.60,684.3 1 0
github.com/kamilmucik/api-gateway/pkg/category/pb/category.pb.go:685.2,685.56 1 0
github.com/kamilmucik/api-gateway/pkg/category/pb/category.pb.go:717.13,717.59 1 0
github.com/kamilmucik/api-gateway/pkg/category/pb/category.pb.go:718.49,719.48 1 0
github.com/kamilmucik/api-gateway/pkg/category/pb/category.pb.go:719.48,721.3 1 0
github.com/kamilmucik/api-gateway/pkg/category/pb/category.pb.go:722.2,722.30 1 0
github.com/kamilmucik/api-gateway/pkg/category/pb/category.pb.go:722.30,723.101 1 0
github.com/kamilmucik/api-gateway/pkg/category/pb/category.pb.go:723.101,724.44 1 0
github.com/kamilmucik/api-gateway/pkg/category/pb/category.pb.go:725.11,726.20 1 0
github.com/kamilmucik/api-gateway/pkg/category/pb/category.pb.go:727.11,728.24 1 0
github.com/kamilmucik/api-gateway/pkg/category/pb/category.pb.go:729.11,730.28 1 0
github.com/kamilmucik/api-gateway/pkg/category/pb/category.pb.go:731.12,732.15 1 0
github.com/kamilmucik/api-gateway/pkg/category/pb/category.pb.go:735.3,735.101 1 0
github.com/kamilmucik/api-gateway/pkg/category/pb/category.pb.go:735.101,736.47 1 0
github.com/kamilmucik/api-gateway/pkg/category/pb/category.pb.go:737.11,738.20 1 0
github.com/kamilmucik/api-gateway/pkg/category/pb/category.pb.go:739.11,740.24 1 0
github.com/kamilmucik/api-gateway/pkg/category/pb/category.pb.go:741.11,742.28 1 0
github.com/kamilmucik/api-gateway/pkg/category/pb/category.pb.go:743.12,744.15 1 0
github.com/kamilmucik/api-gateway/pkg/category/pb/category.pb.go:747.3,747.101 1 0
github.com/kamilmucik/api-gateway/pkg/category/pb/category.pb.go:747.101,748.48 1 0
github.com/kamilmucik/api-gateway/pkg/category/pb/category.pb.go:749.11,750.20 1 0
github.com/kamilmucik/api-gateway/pkg/category/pb/category.pb.go:751.11,752.24 1 0
github.com/kamilmucik/api-gateway/pkg/category/pb/category.pb.go:753.11,754.28 1 0
github.com/kamilmucik/api-gateway/pkg/category/pb/category.pb.go:755.12,756.15 1 0
github.com/kamilmucik/api-gateway/pkg/category/pb/category.pb.go:759.3,759.101 1 0
github.com/kamilmucik/api-gateway/pkg/category/pb/category.pb.go:759.101,760.41 1 0
github.com/kamilmucik/api-gateway/pkg/category/pb/category.pb.go:761.11,762.20 1 0
github.com/kamilmucik/api-gateway/pkg/category/pb/category.pb.go:763.11,764.24 1 0
github.com/kamilmucik/api-gateway/pkg/category/pb/category.pb.go:765.11,766.28 1 0
github.com/kamilmucik/api-gateway/pkg/category/pb/category.pb.go:767.12,768.15 1 0
github.com/kamilmucik/api-gateway/pkg/category/pb/category.pb.go:771.3,771.101 1 0
github.com/kamilmucik/api-gateway/pkg/category/pb/category.pb.go:771.101,772.49 1 0
github.com/kamilmucik/api-gateway/pkg/category/pb/category.pb.go:773.11,774.20 1 0
github.com/kamilmucik/api-gateway/pkg/category/pb/category.pb.go:775.11,776.24 1 0
github.com/kamilmucik/api-gateway/pkg/category/pb/category.pb.go:777.11,778.28 1 0
github.com/kamilmucik/api-gateway/pkg/category/pb/category.pb.go:779.12,780.15 1 0
github.com/kamilmucik/api-gateway/pkg/category/pb/category.pb.go:783.3,783.101 1 0
github.com/kamilmucik/api-gateway/pkg/category/pb/category.pb.go:783.101,784.50 1 0
github.com/kamilmucik/api-gateway/pkg/category/pb/category.pb.go:785.11,786.20 1 0
github.com/kamilmucik/api-gateway/pkg/category/pb/category.pb.go:787.11,788.24 1 0
github.com/kamilmucik/api-gateway/pkg/category/pb/category.pb.go:789.11,790.28 1 0
github.com/kamilmucik/api-gateway/pkg/category/pb/category.pb.go:791.12,792.15 1 0
github.com/kamilmucik/api-gateway/pkg/category/pb/category.pb.go:795.3,795.101 1 0
github.com/kamilmucik/api-gateway/pkg/category/pb/category.pb.go:795.101,796.49 1 0
github.com/kamilmucik/api-gateway/pkg/category/pb/category.pb.go:797.11,798.20 1 0
github.com/kamilmucik/api-gateway/pkg/category/pb/category.pb.go:799.11,800.24 1 0
github.com/kamilmucik/api-gateway/pkg/category/pb/category.pb.go:801.11,802.28 1 0
github.com/kamilmucik/api-gateway/pkg/category/pb/category.pb.go:803.12,804.15 1 0
github.com/kamilmucik/api-gateway/pkg/category/pb/category.pb.go:807.3,807.101 1 0
github.com/kamilmucik/api-gateway/pkg/category/pb/category.pb.go:807.101,808.52 1 0
github.com/kamilmucik/api-gateway/pkg/category/pb/category.pb.go:809.11,810.20 1 0
github.com/kamilmucik/api-gateway/pkg/category/pb/category.pb.go:811.11,812.24 1 0
github.com/kamilmucik/api-gateway/pkg/category/pb/category.pb.go:813.11,814.28 1 0
github.com/kamilmucik/api-gateway/pkg/category/pb/category.pb.go:815.12,816.15 1 0
github.com/kamilmucik/api-gateway/pkg/category/pb/category.pb.go:819.3,819.101 1 0
github.com/kamilmucik/api-gateway/pkg/category/pb/category.pb.go:819.101,820.53 1 0
github.com/kamilmucik/api-gateway/pkg/category/pb/category.pb.go:821.11,822.20 1 0
github.com/kamilmucik/api-gateway/pkg/category/pb/category.pb.go:823.11,824.24 1 0
github.com/kamilmucik/api-gateway/pkg/category/pb/category.pb.go:825.11,826.28 1 0
github.com/kamilmucik/api-gateway/pkg/category/pb/category.pb.go:827.12,828.15 1 0
github.com/kamilmucik/api-gateway/pkg/category/pb/category.pb.go:832.2,849.51 6 0
github.com/kamilmucik/api-gateway/pkg/category/pb/category_grpc.pb.go:40.82,42.2 1 0
github.com/kamilmucik/api-gateway/pkg/category/pb/category_grpc.pb.go:44.157,47.16 3 0
github.com/kamilmucik/api-gateway/pkg/category/pb/category_grpc.pb.go:47.16,49.3 1 0
github.com/kamilmucik/api-gateway/pkg/category/pb/category_grpc.pb.go:50.2,50.17 1 0
github.com/kamilmucik/api-gateway/pkg/category/pb/category_grpc.pb.go:53.163,56.16 3 0
github.com/kamilmucik/api-gateway/pkg/category/pb/category_grpc.pb.go:56.16,58.3 1 0
github.com/kamilmucik/api-gateway/pkg/category/pb/category_grpc.pb.go:59.2,59.17 1 0
github.com/kamilmucik/api-gateway/pkg/category/pb/category_grpc.pb.go:62.172,65.16 3 0
github.com/kamilmucik/api-gateway/pkg/category/pb/category_grpc.pb.go:65.16,67.3 1 0
github.com/kamilmucik/api-gateway/pkg/category/pb/category_grpc.pb.go:68.2,68.17 1 0
github.com/kamilmucik/api-gateway/pkg/category/pb/category_grpc.pb.go:84.135,86.2 1 0
github.com/kamilmucik/api-gateway/pkg/category/pb/category_grpc.pb.go:87.141,89.2 1 0
github.com/kamilmucik/api-gateway/pkg/category/pb/category_grpc.pb.go:90.150,92.2 1 0
github.com/kamilmucik/api-gateway/pkg/category/pb/category_grpc.pb.go:101.88,103.2 1 0
github.com/kamilmucik/api-gateway/pkg/category/pb/category_grpc.pb.go:105.176,107.32 2 0
github.com/kamilmucik/api-gateway/pkg/category/pb/category_grpc.pb.go:107.32,109.3 1 0
github.com/kamilmucik/api-gateway/pkg/category/pb/category_grpc.pb.go:110.2,110.24 1 0
github.com/kamilmucik/api-gateway/pkg/category/pb/category_grpc.pb.go:110.24,112.3 1 0
github.com/kamilmucik/api-gateway/pkg/category/pb/category_grpc.pb.go:113.2,117.77 2 0
github.com/kamilmucik/api-gateway/pkg/category/pb/category_grpc.pb.go:117.77,119.3 1 0
github.com/kamilmucik/api-gateway/pkg/category/pb/category_grpc.pb.go:120.2,120.44 1 0
github.com/kamilmucik/api-gateway/pkg/category/pb/category_grpc.pb.go:123.178,125.32 2 0
github.com/kamilmucik/api-gateway/pkg/category/pb/category_grpc.pb.go:125.32,127.3 1 0
github.com/kamilmucik/api-gateway/pkg/category/pb/category_grpc.pb.go:128.2,128.24 1 0
github.com/kamilmucik/api-gateway/pkg/category/pb/category_grpc.pb.go:128.24,130.3 1 0
github.com/kamilmucik/api-gateway/pkg/category/pb/category_grpc.pb.go:131.2,135.77 2 0
github.com/kamilmucik/api-gateway/pkg/category/pb/category_grpc.pb.go:135.77,137.3 1 0
github.com/kamilmucik/api-gateway/pkg/category/pb/category_grpc.pb.go:138.2,138.44 1 0
github.com/kamilmucik/api-gateway/pkg/category/pb/category_grpc.pb.go:141.181,143.32 2 0
github.com/kamilmucik/api-gateway/pkg/category/pb/category_grpc.pb.go:143.32,145.3 1 0
github.com/kamilmucik/api-gateway/pkg/category/pb/category_grpc.pb.go:146.2,146.24 1 0
github.com/kamilmucik/api-gateway/pkg/category/pb/category_grpc.pb.go:146.24,148.3 1 0
github.com/kamilmucik/api-gateway/pkg/category/pb/category_grpc.pb.go:149.2,153.77 2 0
github.com/kamilmucik/api-gateway/pkg/category/pb/category_grpc.pb.go:153.77,155.3 1 0
github.com/kamilmucik/api-gateway/pkg/category/pb/category_grpc.pb.go:156.2,156.44 1 0
github.com/kamilmucik/api-gateway/pkg/category/client.go:15.67,19.16 2 0
github.com/kamilmucik/api-gateway/pkg/category/client.go:19.16,21.3 1 0
github.com/kamilmucik/api-gateway/pkg/category/client.go:23.2,23.40 1 0
github.com/kamilmucik/api-gateway/pkg/category/routes.go:10.83,22.2 3 0
github.com/kamilmucik/api-gateway/pkg/category/routes.go:27.63,29.2 1 0
github.com/kamilmucik/api-gateway/pkg/category/routes.go:30.66,32.2 1 0
github.com/kamilmucik/api-gateway/pkg/category/routes/find_all.go:12.70,19.16 3 0
github.com/kamilmucik/api-gateway/pkg/category/routes/find_all.go:19.16,22.3 2 0
github.com/kamilmucik/api-gateway/pkg/category/routes/find_all.go:24.2,24.36 1 0
github.com/kamilmucik/api-gateway/pkg/category/routes/find_pagged.go:12.73,23.16 5 0
github.com/kamilmucik/api-gateway/pkg/category/routes/find_pagged.go:23.16,26.3 2 0
github.com/kamilmucik/api-gateway/pkg/category/routes/find_pagged.go:28.2,28.31 1 0
github.com/kamilmucik/api-gateway/pkg/question/client.go:15.67,19.16 2 0
github.com/kamilmucik/api-gateway/pkg/question/client.go:19.16,21.3 1 0
github.com/kamilmucik/api-gateway/pkg/question/client.go:23.2,23.40 1 0
github.com/kamilmucik/api-gateway/pkg/question/routes.go:10.83,23.2 7 0
github.com/kamilmucik/api-gateway/pkg/question/routes.go:28.62,30.2 1 0
github.com/kamilmucik/api-gateway/pkg/question/routes.go:31.65,33.2 1 0
github.com/kamilmucik/api-gateway/pkg/question/pb/question.pb.go:33.39,35.29 2 0
github.com/kamilmucik/api-gateway/pkg/question/pb/question.pb.go:35.29,39.3 3 0
github.com/kamilmucik/api-gateway/pkg/question/pb/question.pb.go:42.47,44.2 1 0
github.com/kamilmucik/api-gateway/pkg/question/pb/question.pb.go:46.45,46.46 0 0
github.com/kamilmucik/api-gateway/pkg/question/pb/question.pb.go:48.67,50.41 2 0
github.com/kamilmucik/api-gateway/pkg/question/pb/question.pb.go:50.41,52.34 2 0
github.com/kamilmucik/api-gateway/pkg/question/pb/question.pb.go:52.34,54.4 1 0
github.com/kamilmucik/api-gateway/pkg/question/pb/question.pb.go:55.3,55.12 1 0
github.com/kamilmucik/api-gateway/pkg/question/pb/question.pb.go:57.2,57.24 1 0
github.com/kamilmucik/api-gateway/pkg/question/pb/question.pb.go:61.58,63.2 1 0
github.com/kamilmucik/api-gateway/pkg/question/pb/question.pb.go:65.45,66.14 1 0
github.com/kamilmucik/api-gateway/pkg/question/pb/question.pb.go:66.14,68.3 1 0
github.com/kamilmucik/api-gateway/pkg/question/pb/question.pb.go:69.2,69.10 1 0
github.com/kamilmucik/api-gateway/pkg/question/pb/question.pb.go:72.48,73.14 1 0
github.com/kamilmucik/api-gateway/pkg/question/pb/question.pb.go:73.14,75.3 1 0
github.com/kamilmucik/api-gateway/pkg/question/pb/question.pb.go:76.2,76.11 1 0
github.com/kamilmucik/api-gateway/pkg/question/pb/question.pb.go:87.42,89.29 2 0
github.com/kamilmucik/api-gateway/pkg/question/pb/question.pb.go:89.29,93.3 3 0
github.com/kamilmucik/api-gateway/pkg/question/pb/question.pb.go:96.50,98.2 1 0
github.com/kamilmucik/api-gateway/pkg/question/pb/question.pb.go:100.48,100.49 0 0
github.com/kamilmucik/api-gateway/pkg/question/pb/question.pb.go:102.70,104.41 2 0
github.com/kamilmucik/api-gateway/pkg/question/pb/question.pb.go:104.41,106.34 2 0
github.com/kamilmucik/api-gateway/pkg/question/pb/question.pb.go:106.34,108.4 1 0
github.com/kamilmucik/api-gateway/pkg/question/pb/question.pb.go:109.3,109.12 1 0
github.com/kamilmucik/api-gateway/pkg/question/pb/question.pb.go:111.2,111.24 1 0
github.com/kamilmucik/api-gateway/pkg/question/pb/question.pb.go:115.61,117.2 1 0
github.com/kamilmucik/api-gateway/pkg/question/pb/question.pb.go:119.48,120.14 1 0
github.com/kamilmucik/api-gateway/pkg/question/pb/question.pb.go:120.14,122.3 1 0
github.com/kamilmucik/api-gateway/pkg/question/pb/question.pb.go:123.2,123.10 1 0
github.com/kamilmucik/api-gateway/pkg/question/pb/question.pb.go:136.43,138.29 2 0
github.com/kamilmucik/api-gateway/pkg/question/pb/question.pb.go:138.29,142.3 3 0
github.com/kamilmucik/api-gateway/pkg/question/pb/question.pb.go:145.51,147.2 1 0
github.com/kamilmucik/api-gateway/pkg/question/pb/question.pb.go:149.49,149.50 0 0
github.com/kamilmucik/api-gateway/pkg/question/pb/question.pb.go:151.71,153.41 2 0
github.com/kamilmucik/api-gateway/pkg/question/pb/question.pb.go:153.41,155.34 2 0
github.com/kamilmucik/api-gateway/pkg/question/pb/question.pb.go:155.34,157.4 1 0
github.com/kamilmucik/api-gateway/pkg/question/pb/question.pb.go:158.3,158.12 1 0
github.com/kamilmucik/api-gateway/pkg/question/pb/question.pb.go:160.2,160.24 1 0
github.com/kamilmucik/api-gateway/pkg/question/pb/question.pb.go:164.62,166.2 1 0
github.com/kamilmucik/api-gateway/pkg/question/pb/question.pb.go:168.53,169.14 1 0
github.com/kamilmucik/api-gateway/pkg/question/pb/question.pb.go:169.14,171.3 1 0
github.com/kamilmucik/api-gateway/pkg/question/pb/question.pb.go:172.2,172.10 1 0
github.com/kamilmucik/api-gateway/pkg/question/pb/question.pb.go:175.53,176.14 1 0
github.com/kamilmucik/api-gateway/pkg/question/pb/question.pb.go:176.14,178.3 1 0
github.com/kamilmucik/api-gateway/pkg/question/pb/question.pb.go:179.2,179.11 1 0
github.com/kamilmucik/api-gateway/pkg/question/pb/question.pb.go:182.66,183.14 1 0
github.com/kamilmucik/api-gateway/pkg/question/pb/question.pb.go:183.14,185.3 1 0
github.com/kamilmucik/api-gateway/pkg/question/pb/question.pb.go:186.2,186.12 1 0
github.com/kamilmucik/api-gateway/pkg/question/pb/question.pb.go:202.36,204.29 2 0
github.com/kamilmucik/api-gateway/pkg/question/pb/question.pb.go:204.29,208.3 3 0
github.com/kamilmucik/api-gateway/pkg/question/pb/question.pb.go:211.44,213.2 1 0
github.com/kamilmucik/api-gateway/pkg/question/pb/question.pb.go:215.42,215.43 0 0
github.com/kamilmucik/api-gateway/pkg/question/pb/question.pb.go:217.64,219.41 2 0
github.com/kamilmucik/api-gateway/pkg/question/pb/question.pb.go:219.41,221.34 2 0
github.com/kamilmucik/api-gateway/pkg/question/pb/question.pb.go:221.34,223.4 1 0
github.com/kamilmucik/api-gateway/pkg/question/pb/question.pb.go:224.3,224.12 1 0
github.com/kamilmucik/api-gateway/pkg/question/pb/question.pb.go:226.2,226.24 1 0
github.com/kamilmucik/api-gateway/pkg/question/pb/question.pb.go:230.55,232.2 1 0
github.com/kamilmucik/api-gateway/pkg/question/pb/question.pb.go:234.42,235.14 1 0
github.com/kamilmucik/api-gateway/pkg/question/pb/question.pb.go:235.14,237.3 1 0
github.com/kamilmucik/api-gateway/pkg/question/pb/question.pb.go:238.2,238.10 1 0
github.com/kamilmucik/api-gateway/pkg/question/pb/question.pb.go:241.45,242.14 1 0
github.com/kamilmucik/api-gateway/pkg/question/pb/question.pb.go:242.14,244.3 1 0
github.com/kamilmucik/api-gateway/pkg/question/pb/question.pb.go:245.2,245.11 1 0
github.com/kamilmucik/api-gateway/pkg/question/pb/question.pb.go:248.49,249.14 1 0
github.com/kamilmucik/api-gateway/pkg/question/pb/question.pb.go:249.14,251.3 1 0
github.com/kamilmucik/api-gateway/pkg/question/pb/question.pb.go:252.2,252.11 1 0
github.com/kamilmucik/api-gateway/pkg/question/pb/question.pb.go:255.52,256.14 1 0
github.com/kamilmucik/api-gateway/pkg/question/pb/question.pb.go:256.14,258.3 1 0
github.com/kamilmucik/api-gateway/pkg/question/pb/question.pb.go:259.2,259.10 1 0
github.com/kamilmucik/api-gateway/pkg/question/pb/question.pb.go:262.59,263.14 1 0
github.com/kamilmucik/api-gateway/pkg/question/pb/question.pb.go:263.14,265.3 1 0
github.com/kamilmucik/api-gateway/pkg/question/pb/question.pb.go:266.2,266.12 1 0
github.com/kamilmucik/api-gateway/pkg/question/pb/question.pb.go:280.34,282.29 2 0
github.com/kamilmucik/api-gateway/pkg/question/pb/question.pb.go:282.29,286.3 3 0
github.com/kamilmucik/api-gateway/pkg/question/pb/question.pb.go:289.42,291.2 1 0
github.com/kamilmucik/api-gateway/pkg/question/pb/question.pb.go:293.40,293.41 0 0
github.com/kamilmucik/api-gateway/pkg/question/pb/question.pb.go:295.62,297.41 2 0
github.com/kamilmucik/api-gateway/pkg/question/pb/question.pb.go:297.41,299.34 2 0
github.com/kamilmucik/api-gateway/pkg/question/pb/question.pb.go:299.34,301.4 1 0
github.com/kamilmucik/api-gateway/pkg/question/pb/question.pb.go:302.3,302.12 1 0
github.com/kamilmucik/api-gateway/pkg/question/pb/question.pb.go:304.2,304.24 1 0
github.com/kamilmucik/api-gateway/pkg/question/pb/question.pb.go:308.53,310.2 1 0
github.com/kamilmucik/api-gateway/pkg/question/pb/question.pb.go:312.40,313.14 1 0
github.com/kamilmucik/api-gateway/pkg/question/pb/question.pb.go:313.14,315.3 1 0
github.com/kamilmucik/api-gateway/pkg/question/pb/question.pb.go:316.2,316.10 1 0
github.com/kamilmucik/api-gateway/pkg/question/pb/question.pb.go:319.45,320.14 1 0
github.com/kamilmucik/api-gateway/pkg/question/pb/question.pb.go:320.14,322.3 1 0
github.com/kamilmucik/api-gateway/pkg/question/pb/question.pb.go:323.2,323.11 1 0
github.com/kamilmucik/api-gateway/pkg/question/pb/question.pb.go:326.46,327.14 1 0
github.com/kamilmucik/api-gateway/pkg/question/pb/question.pb.go:327.14,329.3 1 0
github.com/kamilmucik/api-gateway/pkg/question/pb/question.pb.go:330.2,330.11 1 0
github.com/kamilmucik/api-gateway/pkg/question/pb/question.pb.go:333.50,334.14 1 0
github.com/kamilmucik/api-gateway/pkg/question/pb/question.pb.go:334.14,336.3 1 0
github.com/kamilmucik/api-gateway/pkg/question/pb/question.pb.go:337.2,337.10 1 0
github.com/kamilmucik/api-gateway/pkg/question/pb/question.pb.go:348.43,350.29 2 0
github.com/kamilmucik/api-gateway/pkg/question/pb/question.pb.go:350.29,354.3 3 0
github.com/kamilmucik/api-gateway/pkg/question/pb/question.pb.go:357.51,359.2 1 0
github.com/kamilmucik/api-gateway/pkg/question/pb/question.pb.go:361.49,361.50 0 0
github.com/kamilmucik/api-gateway/pkg/question/pb/question.pb.go:363.71,365.41 2 0
github.com/kamilmucik/api-gateway/pkg/question/pb/question.pb.go:365.41,367.34 2 0
github.com/kamilmucik/api-gateway/pkg/question/pb/question.pb.go:367.34,369.4 1 0
github.com/kamilmucik/api-gateway/pkg/question/pb/question.pb.go:370.3,370.12 1 0
github.com/kamilmucik/api-gateway/pkg/question/pb/question.pb.go:372.2,372.24 1 0
github.com/kamilmucik/api-gateway/pkg/question/pb/question.pb.go:376.62,378.2 1 0
github.com/kamilmucik/api-gateway/pkg/question/pb/question.pb.go:380.53,381.14 1 0
github.com/kamilmucik/api-gateway/pkg/question/pb/question.pb.go:381.14,383.3 1 0
github.com/kamilmucik/api-gateway/pkg/question/pb/question.pb.go:384.2,384.11 1 0
github.com/kamilmucik/api-gateway/pkg/question/pb/question.pb.go:397.44,399.29 2 0
github.com/kamilmucik/api-gateway/pkg/question/pb/question.pb.go:399.29,403.3 3 0
github.com/kamilmucik/api-gateway/pkg/question/pb/question.pb.go:406.52,408.2 1 0
github.com/kamilmucik/api-gateway/pkg/question/pb/question.pb.go:410.50,410.51 0 0
github.com/kamilmucik/api-gateway/pkg/question/pb/question.pb.go:412.72,414.41 2 0
github.com/kamilmucik/api-gateway/pkg/question/pb/question.pb.go:414.41,416.34 2 0
github.com/kamilmucik/api-gateway/pkg/question/pb/question.pb.go:416.34,418.4 1 0
github.com/kamilmucik/api-gateway/pkg/question/pb/question.pb.go:419.3,419.12 1 0
github.com/kamilmucik/api-gateway/pkg/question/pb/question.pb.go:421.2,421.24 1 0
github.com/kamilmucik/api-gateway/pkg/question/pb/question.pb.go:425.63,427.2 1 0
github.com/kamilmucik/api-gateway/pkg/question/pb/question.pb.go:429.54,430.14 1 0
github.com/kamilmucik/api-gateway/pkg/question/pb/question.pb.go:430.14,432.3 1 0
github.com/kamilmucik/api-gateway/pkg/question/pb/question.pb.go:433.2,433.10 1 0
github.com/kamilmucik/api-gateway/pkg/question/pb/question.pb.go:436.54,437.14 1 0
github.com/kamilmucik/api-gateway/pkg/question/pb/question.pb.go:437.14,439.3 1 0
github.com/kamilmucik/api-gateway/pkg/question/pb/question.pb.go:440.2,440.11 1 0
github.com/kamilmucik/api-gateway/pkg/question/pb/question.pb.go:443.66,444.14 1 0
github.com/kamilmucik/api-gateway/pkg/question/pb/question.pb.go:444.14,446.3 1 0
github.com/kamilmucik/api-gateway/pkg/question/pb/question.pb.go:447.2,447.12 1 0
github.com/kamilmucik/api-gateway/pkg/question/pb/question.pb.go:462.43,464.29 2 0
github.com/kamilmucik/api-gateway/pkg/question/pb/question.pb.go:464.29,468.3 3 0
github.com/kamilmucik/api-gateway/pkg/question/pb/question.pb.go:471.51,473.2 1 0
github.com/kamilmucik/api-gateway/pkg/question/pb/question.pb.go:475.49,475.50 0 0
github.com/kamilmucik/api-gateway/pkg/question/pb/question.pb.go:477.71,479.41 2 0
github.com/kamilmucik/api-gateway/pkg/question/pb/question.pb.go:479.41,481.34 2 0
github.com/kamilmucik/api-gateway/pkg/question/pb/question.pb.go:481.34,483.4 1 0
github.com/kamilmucik/api-gateway/pkg/question/pb/question.pb.go:484.3,484.12 1 0
github.com/kamilmucik/api-gateway/pkg/question/pb/question.pb.go:486.2,486.24 1 0
github.com/kamilmucik/api-gateway/pkg/question/pb/question.pb.go:490.62,492.2 1 0
github.com/kamilmucik/api-gateway/pkg/question/pb/question.pb.go:494.49,495.14 1 0
github.com/kamilmucik/api-gateway/pkg/question/pb/question.pb.go:495.14,497.3 1 0
github.com/kamilmucik/api-gateway/pkg/question/pb/question.pb.go:498.2,498.10 1 0
github.com/kamilmucik/api-gateway/pkg/question/pb/question.pb.go:501.52,502.14 1 0
github.com/kamilmucik/api-gateway/pkg/question/pb/question.pb.go:502.14,504.3 1 0
github.com/kamilmucik/api-gateway/pkg/question/pb/question.pb.go:505.2,505.11 1 0
github.com/kamilmucik/api-gateway/pkg/question/pb/question.pb.go:508.57,509.14 1 0
github.com/kamilmucik/api-gateway/pkg/question/pb/question.pb.go:509.14,511.3 1 0
github.com/kamilmucik/api-gateway/pkg/question/pb/question.pb.go:512.2,512.10 1 0
github.com/kamilmucik/api-gateway/pkg/question/pb/question.pb.go:515.66,516.14 1 0
github.com/kamilmucik/api-gateway/pkg/question/pb/question.pb.go:516.14,518.3 1 0
github.com/kamilmucik/api-gateway/pkg/question/pb/question.pb.go:519.2,519.12 1 0
github.com/kamilmucik/api-gateway/pkg/question/pb/question.pb.go:532.46,534.29 2 0
github.com/kamilmucik/api-gateway/pkg/question/pb/question.pb.go:534.29,538.3 3 0
github.com/kamilmucik/api-gateway/pkg/question/pb/question.pb.go:541.54,543.2 1 0
github.com/kamilmucik/api-gateway/pkg/question/pb/question.pb.go:545.52,545.53 0 0
github.com/kamilmucik/api-gateway/pkg/question/pb/question.pb.go:547.74,549.41 2 0
github.com/kamilmucik/api-gateway/pkg/question/pb/question.pb.go:549.41,551.34 2 0
github.com/kamilmucik/api-gateway/pkg/question/pb/question.pb.go:551.34,553.4 1 0
github.com/kamilmucik/api-gateway/pkg/question/pb/question.pb.go:554.3,554.12 1 0
github.com/kamilmucik/api-gateway/pkg/question/pb/question.pb.go:556.2,556.24 1 0
github.com/kamilmucik/api-gateway/pkg/question/pb/question.pb.go:560.65,562.2 1 0
github.com/kamilmucik/api-gateway/pkg/question/pb/question.pb.go:564.60,565.14 1 0
github.com/kamilmucik/api-gateway/pkg/question/pb/question.pb.go:565.14,567.3 1 0
github.com/kamilmucik/api-gateway/pkg/question/pb/question.pb.go:568.2,568.10 1 0
github.com/kamilmucik/api-gateway/pkg/question/pb/question.pb.go:571.61,572.14 1 0
github.com/kamilmucik/api-gateway/pkg/question/pb/question.pb.go:572.14,574.3 1 0
github.com/kamilmucik/api-gateway/pkg/question/pb/question.pb.go:575.2,575.10 1 0
github.com/kamilmucik/api-gateway/pkg/question/pb/question.pb.go:578.58,579.14 1 0
github.com/kamilmucik/api-gateway/pkg/question/pb/question.pb.go:579.14,581.3 1 0
github.com/kamilmucik/api-gateway/pkg/question/pb/question.pb.go:582.2,582.10 1 0
github.com/kamilmucik/api-gateway/pkg/question/pb/question.pb.go:596.47,598.29 2 0
github.com/kamilmucik/api-gateway/pkg/question/pb/question.pb.go:598.29,602.3 3 0
github.com/kamilmucik/api-gateway/pkg/question/pb/question.pb.go:605.55,607.2 1 0
github.com/kamilmucik/api-gateway/pkg/question/pb/question.pb.go:609.53,609.54 0 0
github.com/kamilmucik/api-gateway/pkg/question/pb/question.pb.go:611.75,613.41 2 0
github.com/kamilmucik/api-gateway/pkg/question/pb/question.pb.go:613.41,615.34 2 0
github.com/kamilmucik/api-gateway/pkg/question/pb/question.pb.go:615.34,617.4 1 0
github.com/kamilmucik/api-gateway/pkg/question/pb/question.pb.go:618.3,618.12 1 0
github.com/kamilmucik/api-gateway/pkg/question/pb/question.pb.go:620.2,620.24 1 0
github.com/kamilmucik/api-gateway/pkg/question/pb/question.pb.go:624.66,626.2 1 0
github.com/kamilmucik/api-gateway/pkg/question/pb/question.pb.go:628.57,629.14 1 0
github.com/kamilmucik/api-gateway/pkg/question/pb/question.pb.go:629.14,631.3 1 0
github.com/kamilmucik/api-gateway/pkg/question/pb/question.pb.go:632.2,632.10 1 0
github.com/kamilmucik/api-gateway/pkg/question/pb/question.pb.go:635.57,636.14 1 0
github.com/kamilmucik/api-gateway/pkg/question/pb/question.pb.go:636.14,638.3 1 0
github.com/kamilmucik/api-gateway/pkg/question/pb/question.pb.go:639.2,639.11 1 0
github.com/kamilmucik/api-gateway/pkg/question/pb/question.pb.go:642.60,643.14 1 0
github.com/kamilmucik/api-gateway/pkg/question/pb/question.pb.go:643.14,645.3 1 0
github.com/kamilmucik/api-gateway/pkg/question/pb/question.pb.go:646.2,646.10 1 0
github.com/kamilmucik/api-gateway/pkg/question/pb/question.pb.go:649.69,650.14 1 0
github.com/kamilmucik/api-gateway/pkg/question/pb/question.pb.go:650.14,652.3 1 0
github.com/kamilmucik/api-gateway/pkg/question/pb/question.pb.go:653.2,653.12 1 0
github.com/kamilmucik/api-gateway/pkg/question/pb/question.pb.go:754.63,755.60 1 0
github.com/kamilmucik/api-gateway/pkg/question/pb/question.pb.go:755.60,757.3 1 0
github.com/kamilmucik/api-gateway/pkg/question/pb/question.pb.go:758.2,758.56 1 0
github.com/kamilmucik/api-gateway/pkg/question/pb/question.pb.go:791.13,791.59 1 0
github.com/kamilmucik/api-gateway/pkg/question/pb/question.pb.go:792.49,793.48 1 0
github.com/kamilmucik/api-gateway/pkg/question/pb/question.pb.go:793.48,795.3 1 0
github.com/kamilmucik/api-gateway/pkg/question/pb/question.pb.go:796.2,796.30 1 0
github.com/kamilmucik/api-gateway/pkg/question/pb/question.pb.go:796.30,797.101 1 0
github.com/kamilmucik/api-gateway/pkg/question/pb/question.pb.go:797.101,798.44 1 0
github.com/kamilmucik/api-gateway/pkg/question/pb/question.pb.go:799.11,800.20 1 0
github.com/kamilmucik/api-gateway/pkg/question/pb/question.pb.go:801.11,802.24 1 0
github.com/kamilmucik/api-gateway/pkg/question/pb/question.pb.go:803.11,804.28 1 0
github.com/kamilmucik/api-gateway/pkg/question/pb/question.pb.go:805.12,806.15 1 0
github.com/kamilmucik/api-gateway/pkg/question/pb/question.pb.go:809.3,809.101 1 0
github.com/kamilmucik/api-gateway/pkg/question/pb/question.pb.go:809.101,810.47 1 0
github.com/kamilmucik/api-gateway/pkg/question/pb/question.pb.go:811.11,812.20 1 0
github.com/kamilmucik/api-gateway/pkg/question/pb/question.pb.go:813.11,814.24 1 0
github.com/kamilmucik/api-gateway/pkg/question/pb/question.pb.go:815.11,816.28 1 0
github.com/kamilmucik/api-gateway/pkg/question/pb/question.pb.go:817.12,818.15 1 0
github.com/kamilmucik/api-gateway/pkg/question/pb/question.pb.go:821.3,821.101 1 0
github.com/kamilmucik/api-gateway/pkg/question/pb/question.pb.go:821.101,822.48 1 0
github.com/kamilmucik/api-gateway/pkg/question/pb/question.pb.go:823.11,824.20 1 0
github.com/kamilmucik/api-gateway/pkg/question/pb/question.pb.go:825.11,826.24 1 0
github.com/kamilmucik/api-gateway/pkg/question/pb/question.pb.go:827.11,828.28 1 0
github.com/kamilmucik/api-gateway/pkg/question/pb/question.pb.go:829.12,830.15 1 0
github.com/kamilmucik/api-gateway/pkg/question/pb/question.pb.go:833.3,833.101 1 0
github.com/kamilmucik/api-gateway/pkg/question/pb/question.pb.go:833.101,834.41 1 0
github.com/kamilmucik/api-gateway/pkg/question/pb/question.pb.go:835.11,836.20 1 0
github.com/kamilmucik/api-gateway/pkg/question/pb/question.pb.go:837.11,838.24 1 0
github.com/kamilmucik/api-gateway/pkg/question/pb/question.pb.go:839.11,840.28 1 0
github.com/kamilmucik/api-gateway/pkg/question/pb/question.pb.go:841.12,842.15 1 0
github.com/kamilmucik/api-gateway/pkg/question/pb/question.pb.go:845.3,845.101 1 0
github.com/kamilmucik/api-gateway/pkg/question/pb/question.pb.go:845.101,846.39 1 0
github.com/kamilmucik/api-gateway/pkg/question/pb/question.pb.go:847.11,848.20 1 0
github.com/kamilmucik/api-gateway/pkg/question/pb/question.pb.go:849.11,850.24 1 0
github.com/kamilmucik/api-gateway/pkg/question/pb/question.pb.go:851.11,852.28 1 0
github.com/kamilmucik/api-gateway/pkg/question/pb/question.pb.go:853.12,854.15 1 0
github.com/kamilmucik/api-gateway/pkg/question/pb/question.pb.go:857.3,857.101 1 0
github.com/kamilmucik/api-gateway/pkg/question/pb/question.pb.go:857.101,858.48 1 0
github.com/kamilmucik/api-gateway/pkg/question/pb/question.pb.go:859.11,860.20 1 0
github.com/kamilmucik/api-gateway/pkg/question/pb/question.pb.go:861.11,862.24 1 0
github.com/kamilmucik/api-gateway/pkg/question/pb/question.pb.go:863.11,864.28 1 0
github.com/kamilmucik/api-gateway/pkg/question/pb/question.pb.go:865.12,866.15 1 0
github.com/kamilmucik/api-gateway/pkg/question/pb/question.pb.go:869.3,869.101 1 0
github.com/kamilmucik/api-gateway/pkg/question/pb/question.pb.go:869.101,870.49 1 0
github.com/kamilmucik/api-gateway/pkg/question/pb/question.pb.go:871.11,872.20 1 0
github.com/kamilmucik/api-gateway/pkg/question/pb/question.pb.go:873.11,874.24 1 0
github.com/kamilmucik/api-gateway/pkg/question/pb/question.pb.go:875.11,876.28 1 0
github.com/kamilmucik/api-gateway/pkg/question/pb/question.pb.go:877.12,878.15 1 0
github.com/kamilmucik/api-gateway/pkg/question/pb/question.pb.go:881.3,881.101 1 0
github.com/kamilmucik/api-gateway/pkg/question/pb/question.pb.go:881.101,882.48 1 0
github.com/kamilmucik/api-gateway/pkg/question/pb/question.pb.go:883.11,884.20 1 0
github.com/kamilmucik/api-gateway/pkg/question/pb/question.pb.go:885.11,886.24 1 0
github.com/kamilmucik/api-gateway/pkg/question/pb/question.pb.go:887.11,888.28 1 0
github.com/kamilmucik/api-gateway/pkg/question/pb/question.pb.go:889.12,890.15 1 0
github.com/kamilmucik/api-gateway/pkg/question/pb/question.pb.go:893.3,893.101 1 0
github.com/kamilmucik/api-gateway/pkg/question/pb/question.pb.go:893.101,894.51 1 0
github.com/kamilmucik/api-gateway/pkg/question/pb/question.pb.go:895.11,896.20 1 0
github.com/kamilmucik/api-gateway/pkg/question/pb/question.pb.go:897.11,898.24 1 0
github.com/kamilmucik/api-gateway/pkg/question/pb/question.pb.go:899.11,900.28 1 0
github.com/kamilmucik/api-gateway/pkg/question/pb/question.pb.go:901.12,902.15 1 0
github.com/kamilmucik/api-gateway/pkg/question/pb/question.pb.go:905.3,905.101 1 0
github.com/kamilmucik/api-gateway/pkg/question/pb/question.pb.go:905.101,906.52 1 0
github.com/kamilmucik/api-gateway/pkg/question/pb/question.pb.go:907.11,908.20 1 0
github.com/kamilmucik/api-gateway/pkg/question/pb/question.pb.go:909.11,910.24 1 0
github.com/kamilmucik/api-gateway/pkg/question/pb/question.pb.go:911.11,912.28 1 0
github.com/kamilmucik/api-gateway/pkg/question/pb/question.pb.go:913.12,914.15 1 0
github.com/kamilmucik/api-gateway/pkg/question/pb/question.pb.go:918.2,935.51 6 0
github.com/kamilmucik/api-gateway/pkg/question/pb/question_grpc.pb.go:38.82,40.2 1 0
github.com/kamilmucik/api-gateway/pkg/question/pb/question_grpc.pb.go:42.160,45.16 3 0
github.com/kamilmucik/api-gateway/pkg/question/pb/question_grpc.pb.go:45.16,47.3 1 0
github.com/kamilmucik/api-gateway/pkg/question/pb/question_grpc.pb.go:48.2,48.17 1 0
github.com/kamilmucik/api-gateway/pkg/question/pb/question_grpc.pb.go:51.169,54.16 3 0
github.com/kamilmucik/api-gateway/pkg/question/pb/question_grpc.pb.go:54.16,56.3 1 0
github.com/kamilmucik/api-gateway/pkg/question/pb/question_grpc.pb.go:57.2,57.17 1 0
github.com/kamilmucik/api-gateway/pkg/question/pb/question_grpc.pb.go:72.138,74.2 1 0
github.com/kamilmucik/api-gateway/pkg/question/pb/question_grpc.pb.go:75.147,77.2 1 0
github.com/kamilmucik/api-gateway/pkg/question/pb/question_grpc.pb.go:86.88,88.2 1 0
github.com/kamilmucik/api-gateway/pkg/question/pb/question_grpc.pb.go:90.177,92.32 2 0
github.com/kamilmucik/api-gateway/pkg/question/pb/question_grpc.pb.go:92.32,94.3 1 0
github.com/kamilmucik/api-gateway/pkg/question/pb/question_grpc.pb.go:95.2,95.24 1 0
github.com/kamilmucik/api-gateway/pkg/question/pb/question_grpc.pb.go:95.24,97.3 1 0
github.com/kamilmucik/api-gateway/pkg/question/pb/question_grpc.pb.go:98.2,102.77 2 0
github.com/kamilmucik/api-gateway/pkg/question/pb/question_grpc.pb.go:102.77,104.3 1 0
github.com/kamilmucik/api-gateway/pkg/question/pb/question_grpc.pb.go:105.2,105.44 1 0
github.com/kamilmucik/api-gateway/pkg/question/pb/question_grpc.pb.go:108.180,110.32 2 0
github.com/kamilmucik/api-gateway/pkg/question/pb/question_grpc.pb.go:110.32,112.3 1 0
github.com/kamilmucik/api-gateway/pkg/question/pb/question_grpc.pb.go:113.2,113.24 1 0
github.com/kamilmucik/api-gateway/pkg/question/pb/question_grpc.pb.go:113.24,115.3 1 0
github.com/kamilmucik/api-gateway/pkg/question/pb/question_grpc.pb.go:116.2,120.77 2 0
github.com/kamilmucik/api-gateway/pkg/question/pb/question_grpc.pb.go:120.77,122.3 1 0
github.com/kamilmucik/api-gateway/pkg/question/pb/question_grpc.pb.go:123.2,123.44 1 0
github.com/kamilmucik/api-gateway/pkg/config/config.go:13.41,22.16 6 0
github.com/kamilmucik/api-gateway/pkg/config/config.go:22.16,24.3 1 0
github.com/kamilmucik/api-gateway/pkg/config/config.go:26.2,28.8 2 0
github.com/kamilmucik/api-gateway/pkg/department/client.go:15.69,19.16 2 0
github.com/kamilmucik/api-gateway/pkg/department/client.go:19.16,21.3 1 0
github.com/kamilmucik/api-gateway/pkg/department/client.go:23.2,23.42 1 0
github.com/kamilmucik/api-gateway/pkg/department/routes.go:10.83,25.2 9 0
github.com/kamilmucik/api-gateway/pkg/department/routes.go:27.53,29.2 1 0
github.com/kamilmucik/api-gateway/pkg/department/routes.go:30.53,32.2 1 0
github.com/kamilmucik/api-gateway/pkg/department/routes.go:33.56,35.2 1 0
github.com/kamilmucik/api-gateway/pkg/department/pb/deparment.pb.go:32.31,34.29 2 0
github.com/kamilmucik/api-gateway/pkg/department/pb/deparment.pb.go:34.29,38.3 3 0
github.com/kamilmucik/api-gateway/pkg/department/pb/deparment.pb.go:41.39,43.2 1 0
github.com/kamilmucik/api-gateway/pkg/department/pb/deparment.pb.go:45.37,45.38 0 0
github.com/kamilmucik/api-gateway/pkg/department/pb/deparment.pb.go:47.59,49.41 2 0
github.com/kamilmucik/api-gateway/pkg/department/pb/deparment.pb.go:49.41,51.34 2 0
github.com/kamilmucik/api-gateway/pkg/department/pb/deparment.pb.go:51.34,53.4 1 0
github.com/kamilmucik/api-gateway/pkg/department/pb/deparment.pb.go:54.3,54.12 1 0
github.com/kamilmucik/api-gateway/pkg/department/pb/deparment.pb.go:56.2,56.24 1 0
github.com/kamilmucik/api-gateway/pkg/department/pb/deparment.pb.go:60.50,62.2 1 0
github.com/kamilmucik/api-gateway/pkg/department/pb/deparment.pb.go:64.37,65.14 1 0
github.com/kamilmucik/api-gateway/pkg/department/pb/deparment.pb.go:65.14,67.3 1 0
github.com/kamilmucik/api-gateway/pkg/department/pb/deparment.pb.go:68.2,68.10 1 0
github.com/kamilmucik/api-gateway/pkg/department/pb/deparment.pb.go:71.40,72.14 1 0
github.com/kamilmucik/api-gateway/pkg/department/pb/deparment.pb.go:72.14,74.3 1 0
github.com/kamilmucik/api-gateway/pkg/department/pb/deparment.pb.go:75.2,75.11 1 0
github.com/kamilmucik/api-gateway/pkg/department/pb/deparment.pb.go:86.34,88.29 2 0
github.com/kamilmucik/api-gateway/pkg/department/pb/deparment.pb.go:88.29,92.3 3 0
github.com/kamilmucik/api-gateway/pkg/department/pb/deparment.pb.go:95.42,97.2 1 0
github.com/kamilmucik/api-gateway/pkg/department/pb/deparment.pb.go:99.40,99.41 0 0
github.com/kamilmucik/api-gateway/pkg/department/pb/deparment.pb.go:101.62,103.41 2 0
github.com/kamilmucik/api-gateway/pkg/department/pb/deparment.pb.go:103.41,105.34 2 0
github.com/kamilmucik/api-gateway/pkg/department/pb/deparment.pb.go:105.34,107.4 1 0
github.com/kamilmucik/api-gateway/pkg/department/pb/deparment.pb.go:108.3,108.12 1 0
github.com/kamilmucik/api-gateway/pkg/department/pb/deparment.pb.go:110.2,110.24 1 0
github.com/kamilmucik/api-gateway/pkg/department/pb/deparment.pb.go:114.53,116.2 1 0
github.com/kamilmucik/api-gateway/pkg/department/pb/deparment.pb.go:118.40,119.14 1 0
github.com/kamilmucik/api-gateway/pkg/department/pb/deparment.pb.go:119.14,121.3 1 0
github.com/kamilmucik/api-gateway/pkg/department/pb/deparment.pb.go:122.2,122.10 1 0
github.com/kamilmucik/api-gateway/pkg/department/pb/deparment.pb.go:135.35,137.29 2 0
github.com/kamilmucik/api-gateway/pkg/department/pb/deparment.pb.go:137.29,141.3 3 0
github.com/kamilmucik/api-gateway/pkg/department/pb/deparment.pb.go:144.43,146.2 1 0
github.com/kamilmucik/api-gateway/pkg/department/pb/deparment.pb.go:148.41,148.42 0 0
github.com/kamilmucik/api-gateway/pkg/department/pb/deparment.pb.go:150.63,152.41 2 0
github.com/kamilmucik/api-gateway/pkg/department/pb/deparment.pb.go:152.41,154.34 2 0
github.com/kamilmucik/api-gateway/pkg/department/pb/deparment.pb.go:154.34,156.4 1 0
github.com/kamilmucik/api-gateway/pkg/department/pb/deparment.pb.go:157.3,157.12 1 0
github.com/kamilmucik/api-gateway/pkg/department/pb/deparment.pb.go:159.2,159.24 1 0
github.com/kamilmucik/api-gateway/pkg/department/pb/deparment.pb.go:163.54,165.2 1 0
github.com/kamilmucik/api-gateway/pkg/department/pb/deparment.pb.go:167.45,168.14 1 0
github.com/kamilmucik/api-gateway/pkg/department/pb/deparment.pb.go:168.14,170.3 1 0
github.com/kamilmucik/api-gateway/pkg/department/pb/deparment.pb.go:171.2,171.10 1 0
github.com/kamilmucik/api-gateway/pkg/department/pb/deparment.pb.go:174.45,175.14 1 0
github.com/kamilmucik/api-gateway/pkg/department/pb/deparment.pb.go:175.14,177.3 1 0
github.com/kamilmucik/api-gateway/pkg/department/pb/deparment.pb.go:178.2,178.11 1 0
github.com/kamilmucik/api-gateway/pkg/department/pb/deparment.pb.go:181.50,182.14 1 0
github.com/kamilmucik/api-gateway/pkg/department/pb/deparment.pb.go:182.14,184.3 1 0
github.com/kamilmucik/api-gateway/pkg/department/pb/deparment.pb.go:185.2,185.12 1 0
github.com/kamilmucik/api-gateway/pkg/department/pb/deparment.pb.go:198.28,200.29 2 0
github.com/kamilmucik/api-gateway/pkg/department/pb/deparment.pb.go:200.29,204.3 3 0
github.com/kamilmucik/api-gateway/pkg/department/pb/deparment.pb.go:207.36,209.2 1 0
github.com/kamilmucik/api-gateway/pkg/department/pb/deparment.pb.go:211.34,211.35 0 0
github.com/kamilmucik/api-gateway/pkg/department/pb/deparment.pb.go:213.56,215.41 2 0
github.com/kamilmucik/api-gateway/pkg/department/pb/deparment.pb.go:215.41,217.34 2 0
github.com/kamilmucik/api-gateway/pkg/department/pb/deparment.pb.go:217.34,219.4 1 0
github.com/kamilmucik/api-gateway/pkg/department/pb/deparment.pb.go:220.3,220.12 1 0
github.com/kamilmucik/api-gateway/pkg/department/pb/deparment.pb.go:222.2,222.24 1 0
github.com/kamilmucik/api-gateway/pkg/department/pb/deparment.pb.go:226.47,228.2 1 0
github.com/kamilmucik/api-gateway/pkg/department/pb/deparment.pb.go:230.34,231.14 1 0
github.com/kamilmucik/api-gateway/pkg/department/pb/deparment.pb.go:231.14,233.3 1 0
github.com/kamilmucik/api-gateway/pkg/department/pb/deparment.pb.go:234.2,234.10 1 0
github.com/kamilmucik/api-gateway/pkg/department/pb/deparment.pb.go:237.37,238.14 1 0
github.com/kamilmucik/api-gateway/pkg/department/pb/deparment.pb.go:238.14,240.3 1 0
github.com/kamilmucik/api-gateway/pkg/department/pb/deparment.pb.go:241.2,241.11 1 0
github.com/kamilmucik/api-gateway/pkg/department/pb/deparment.pb.go:252.34,254.29 2 0
github.com/kamilmucik/api-gateway/pkg/department/pb/deparment.pb.go:254.29,258.3 3 0
github.com/kamilmucik/api-gateway/pkg/department/pb/deparment.pb.go:261.42,263.2 1 0
github.com/kamilmucik/api-gateway/pkg/department/pb/deparment.pb.go:265.40,265.41 0 0
github.com/kamilmucik/api-gateway/pkg/department/pb/deparment.pb.go:267.62,269.41 2 0
github.com/kamilmucik/api-gateway/pkg/department/pb/deparment.pb.go:269.41,271.34 2 0
github.com/kamilmucik/api-gateway/pkg/department/pb/deparment.pb.go:271.34,273.4 1 0
github.com/kamilmucik/api-gateway/pkg/department/pb/deparment.pb.go:274.3,274.12 1 0
github.com/kamilmucik/api-gateway/pkg/department/pb/deparment.pb.go:276.2,276.24 1 0
github.com/kamilmucik/api-gateway/pkg/department/pb/deparment.pb.go:280.53,282.2 1 0
github.com/kamilmucik/api-gateway/pkg/department/pb/deparment.pb.go:284.40,285.14 1 0
github.com/kamilmucik/api-gateway/pkg/department/pb/deparment.pb.go:285.14,287.3 1 0
github.com/kamilmucik/api-gateway/pkg/department/pb/deparment.pb.go:288.2,288.10 1 0
github.com/kamilmucik/api-gateway/pkg/department/pb/deparment.pb.go:301.35,303.29 2 0
github.com/kamilmucik/api-gateway/pkg/department/pb/deparment.pb.go:303.29,307.3 3 0
github.com/kamilmucik/api-gateway/pkg/department/pb/deparment.pb.go:310.43,312.2 1 0
github.com/kamilmucik/api-gateway/pkg/department/pb/deparment.pb.go:314.41,314.42 0 0
github.com/kamilmucik/api-gateway/pkg/department/pb/deparment.pb.go:316.63,318.41 2 0
github.com/kamilmucik/api-gateway/pkg/department/pb/deparment.pb.go:318.41,320.34 2 0
github.com/kamilmucik/api-gateway/pkg/department/pb/deparment.pb.go:320.34,322.4 1 0
github.com/kamilmucik/api-gateway/pkg/department/pb/deparment.pb.go:323.3,323.12 1 0
github.com/kamilmucik/api-gateway/pkg/department/pb/deparment.pb.go:325.2,325.24 1 0
github.com/kamilmucik/api-gateway/pkg/department/pb/deparment.pb.go:329.54,331.2 1 0
github.com/kamilmucik/api-gateway/pkg/department/pb/deparment.pb.go:333.45,334.14 1 0
github.com/kamilmucik/api-gateway/pkg/department/pb/deparment.pb.go:334.14,336.3 1 0
github.com/kamilmucik/api-gateway/pkg/department/pb/deparment.pb.go:337.2,337.10 1 0
github.com/kamilmucik/api-gateway/pkg/department/pb/deparment.pb.go:340.45,341.14 1 0
github.com/kamilmucik/api-gateway/pkg/department/pb/deparment.pb.go:341.14,343.3 1 0
github.com/kamilmucik/api-gateway/pkg/department/pb/deparment.pb.go:344.2,344.11 1 0
github.com/kamilmucik/api-gateway/pkg/department/pb/deparment.pb.go:347.49,348.14 1 0
github.com/kamilmucik/api-gateway/pkg/department/pb/deparment.pb.go:348.14,350.3 1 0
github.com/kamilmucik/api-gateway/pkg/department/pb/deparment.pb.go:351.2,351.12 1 0
github.com/kamilmucik/api-gateway/pkg/department/pb/deparment.pb.go:364.34,366.29 2 0
github.com/kamilmucik/api-gateway/pkg/department/pb/deparment.pb.go:366.29,370.3 3 0
github.com/kamilmucik/api-gateway/pkg/department/pb/deparment.pb.go:373.42,375.2 1 0
github.com/kamilmucik/api-gateway/pkg/department/pb/deparment.pb.go:377.40,377.41 0 0
github.com/kamilmucik/api-gateway/pkg/department/pb/deparment.pb.go:379.62,381.41 2 0
github.com/kamilmucik/api-gateway/pkg/department/pb/deparment.pb.go:381.41,383.34 2 0
github.com/kamilmucik/api-gateway/pkg/department/pb/deparment.pb.go:383.34,385.4 1 0
github.com/kamilmucik/api-gateway/pkg/department/pb/deparment.pb.go:386.3,386.12 1 0
github.com/kamilmucik/api-gateway/pkg/department/pb/deparment.pb.go:388.2,388.24 1 0
github.com/kamilmucik/api-gateway/pkg/department/pb/deparment.pb.go:392.53,394.2 1 0
github.com/kamilmucik/api-gateway/pkg/department/pb/deparment.pb.go:396.40,397.14 1 0
github.com/kamilmucik/api-gateway/pkg/department/pb/deparment.pb.go:397.14,399.3 1 0
github.com/kamilmucik/api-gateway/pkg/department/pb/deparment.pb.go:400.2,400.10 1 0
github.com/kamilmucik/api-gateway/pkg/department/pb/deparment.pb.go:403.43,404.14 1 0
github.com/kamilmucik/api-gateway/pkg/department/pb/deparment.pb.go:404.14,406.3 1 0
github.com/kamilmucik/api-gateway/pkg/department/pb/deparment.pb.go:407.2,407.11 1 0
github.com/kamilmucik/api-gateway/pkg/department/pb/deparment.pb.go:420.37,422.29 2 0
github.com/kamilmucik/api-gateway/pkg/department/pb/deparment.pb.go:422.29,426.3 3 0
github.com/kamilmucik/api-gateway/pkg/department/pb/deparment.pb.go:429.45,431.2 1 0
github.com/kamilmucik/api-gateway/pkg/department/pb/deparment.pb.go:433.43,433.44 0 0
github.com/kamilmucik/api-gateway/pkg/department/pb/deparment.pb.go:435.65,437.41 2 0
github.com/kamilmucik/api-gateway/pkg/department/pb/deparment.pb.go:437.41,439.34 2 0
github.com/kamilmucik/api-gateway/pkg/department/pb/deparment.pb.go:439.34,441.4 1 0
github.com/kamilmucik/api-gateway/pkg/department/pb/deparment.pb.go:442.3,442.12 1 0
github.com/kamilmucik/api-gateway/pkg/department/pb/deparment.pb.go:444.2,444.24 1 0
github.com/kamilmucik/api-gateway/pkg/department/pb/deparment.pb.go:448.56,450.2 1 0
github.com/kamilmucik/api-gateway/pkg/department/pb/deparment.pb.go:452.47,453.14 1 0
github.com/kamilmucik/api-gateway/pkg/department/pb/deparment.pb.go:453.14,455.3 1 0
github.com/kamilmucik/api-gateway/pkg/department/pb/deparment.pb.go:456.2,456.10 1 0
github.com/kamilmucik/api-gateway/pkg/department/pb/deparment.pb.go:459.52,460.14 1 0
github.com/kamilmucik/api-gateway/pkg/department/pb/deparment.pb.go:460.14,462.3 1 0
github.com/kamilmucik/api-gateway/pkg/department/pb/deparment.pb.go:463.2,463.10 1 0
github.com/kamilmucik/api-gateway/pkg/department/pb/deparment.pb.go:466.49,467.14 1 0
github.com/kamilmucik/api-gateway/pkg/department/pb/deparment.pb.go:467.14,469.3 1 0
github.com/kamilmucik/api-gateway/pkg/department/pb/deparment.pb.go:470.2,470.10 1 0
github.com/kamilmucik/api-gateway/pkg/department/pb/deparment.pb.go:484.38,486.29 2 0
github.com/kamilmucik/api-gateway/pkg/department/pb/deparment.pb.go:486.29,490.3 3 0
github.com/kamilmucik/api-gateway/pkg/department/pb/deparment.pb.go:493.46,495.2 1 0
github.com/kamilmucik/api-gateway/pkg/department/pb/deparment.pb.go:497.44,497.45 0 0
github.com/kamilmucik/api-gateway/pkg/department/pb/deparment.pb.go:499.66,501.41 2 0
github.com/kamilmucik/api-gateway/pkg/department/pb/deparment.pb.go:501.41,503.34 2 0
github.com/kamilmucik/api-gateway/pkg/department/pb/deparment.pb.go:503.34,505.4 1 0
github.com/kamilmucik/api-gateway/pkg/department/pb/deparment.pb.go:506.3,506.12 1 0
github.com/kamilmucik/api-gateway/pkg/department/pb/deparment.pb.go:508.2,508.24 1 0
github.com/kamilmucik/api-gateway/pkg/department/pb/deparment.pb.go:512.57,514.2 1 0
github.com/kamilmucik/api-gateway/pkg/department/pb/deparment.pb.go:516.48,517.14 1 0
github.com/kamilmucik/api-gateway/pkg/department/pb/deparment.pb.go:517.14,519.3 1 0
github.com/kamilmucik/api-gateway/pkg/department/pb/deparment.pb.go:520.2,520.10 1 0
github.com/kamilmucik/api-gateway/pkg/department/pb/deparment.pb.go:523.48,524.14 1 0
github.com/kamilmucik/api-gateway/pkg/department/pb/deparment.pb.go:524.14,526.3 1 0
github.com/kamilmucik/api-gateway/pkg/department/pb/deparment.pb.go:527.2,527.11 1 0
github.com/kamilmucik/api-gateway/pkg/department/pb/deparment.pb.go:530.51,531.14 1 0
github.com/kamilmucik/api-gateway/pkg/department/pb/deparment.pb.go:531.14,533.3 1 0
github.com/kamilmucik/api-gateway/pkg/department/pb/deparment.pb.go:534.2,534.10 1 0
github.com/kamilmucik/api-gateway/pkg/department/pb/deparment.pb.go:537.58,538.14 1 0
github.com/kamilmucik/api-gateway/pkg/department/pb/deparment.pb.go:538.14,540.3 1 0
github.com/kamilmucik/api-gateway/pkg/department/pb/deparment.pb.go:541.2,541.12 1 0
github.com/kamilmucik/api-gateway/pkg/department/pb/deparment.pb.go:618.66,619.63 1 0
github.com/kamilmucik/api-gateway/pkg/department/pb/deparment.pb.go:619.63,621.3 1 0
github.com/kamilmucik/api-gateway/pkg/department/pb/deparment.pb.go:622.2,622.59 1 0
github.com/kamilmucik/api-gateway/pkg/department/pb/deparment.pb.go:654.13,654.62 1 0
github.com/kamilmucik/api-gateway/pkg/department/pb/deparment.pb.go:655.52,656.51 1 0
github.com/kamilmucik/api-gateway/pkg/department/pb/deparment.pb.go:656.51,658.3 1 0
github.com/kamilmucik/api-gateway/pkg/department/pb/deparment.pb.go:659.2,659.30 1 0
github.com/kamilmucik/api-gateway/pkg/department/pb/deparment.pb.go:659.30,660.104 1 0
github.com/kamilmucik/api-gateway/pkg/department/pb/deparment.pb.go:660.104,661.36 1 0
github.com/kamilmucik/api-gateway/pkg/department/pb/deparment.pb.go:662.11,663.20 1 0
github.com/kamilmucik/api-gateway/pkg/department/pb/deparment.pb.go:664.11,665.24 1 0
github.com/kamilmucik/api-gateway/pkg/department/pb/deparment.pb.go:666.11,667.28 1 0
github.com/kamilmucik/api-gateway/pkg/department/pb/deparment.pb.go:668.12,669.15 1 0
github.com/kamilmucik/api-gateway/pkg/department/pb/deparment.pb.go:672.3,672.104 1 0
github.com/kamilmucik/api-gateway/pkg/department/pb/deparment.pb.go:672.104,673.39 1 0
github.com/kamilmucik/api-gateway/pkg/department/pb/deparment.pb.go:674.11,675.20 1 0
github.com/kamilmucik/api-gateway/pkg/department/pb/deparment.pb.go:676.11,677.24 1 0
github.com/kamilmucik/api-gateway/pkg/department/pb/deparment.pb.go:678.11,679.28 1 0
github.com/kamilmucik/api-gateway/pkg/department/pb/deparment.pb.go:680.12,681.15 1 0
github.com/kamilmucik/api-gateway/pkg/department/pb/deparment.pb.go:684.3,684.104 1 0
github.com/kamilmucik/api-gateway/pkg/department/pb/deparment.pb.go:684.104,685.40 1 0
github.com/kamilmucik/api-gateway/pkg/department/pb/deparment.pb.go:686.11,687.20 1 0
github.com/kamilmucik/api-gateway/pkg/department/pb/deparment.pb.go:688.11,689.24 1 0
github.com/kamilmucik/api-gateway/pkg/department/pb/deparment.pb.go:690.11,691.28 1 0
github.com/kamilmucik/api-gateway/pkg/department/pb/deparment.pb.go:692.12,693.15 1 0
github.com/kamilmucik/api-gateway/pkg/department/pb/deparment.pb.go:696.3,696.104 1 0
github.com/kamilmucik/api-gateway/pkg/department/pb/deparment.pb.go:696.104,697.33 1 0
github.com/kamilmucik/api-gateway/pkg/department/pb/deparment.pb.go:698.11,699.20 1 0
github.com/kamilmucik/api-gateway/pkg/department/pb/deparment.pb.go:700.11,701.24 1 0
github.com/kamilmucik/api-gateway/pkg/department/pb/deparment.pb.go:702.11,703.28 1 0
github.com/kamilmucik/api-gateway/pkg/department/pb/deparment.pb.go:704.12,705.15 1 0
github.com/kamilmucik/api-gateway/pkg/department/pb/deparment.pb.go:708.3,708.104 1 0
github.com/kamilmucik/api-gateway/pkg/department/pb/deparment.pb.go:708.104,709.39 1 0
github.com/kamilmucik/api-gateway/pkg/department/pb/deparment.pb.go:710.11,711.20 1 0
github.com/kamilmucik/api-gateway/pkg/department/pb/deparment.pb.go:712.11,713.24 1 0
github.com/kamilmucik/api-gateway/pkg/department/pb/deparment.pb.go:714.11,715.28 1 0
github.com/kamilmucik/api-gateway/pkg/department/pb/deparment.pb.go:716.12,717.15 1 0
github.com/kamilmucik/api-gateway/pkg/department/pb/deparment.pb.go:720.3,720.104 1 0
github.com/kamilmucik/api-gateway/pkg/department/pb/deparment.pb.go:720.104,721.40 1 0
github.com/kamilmucik/api-gateway/pkg/department/pb/deparment.pb.go:722.11,723.20 1 0
github.com/kamilmucik/api-gateway/pkg/department/pb/deparment.pb.go:724.11,725.24 1 0
github.com/kamilmucik/api-gateway/pkg/department/pb/deparment.pb.go:726.11,727.28 1 0
github.com/kamilmucik/api-gateway/pkg/department/pb/deparment.pb.go:728.12,729.15 1 0
github.com/kamilmucik/api-gateway/pkg/department/pb/deparment.pb.go:732.3,732.104 1 0
github.com/kamilmucik/api-gateway/pkg/department/pb/deparment.pb.go:732.104,733.39 1 0
github.com/kamilmucik/api-gateway/pkg/department/pb/deparment.pb.go:734.11,735.20 1 0
github.com/kamilmucik/api-gateway/pkg/department/pb/deparment.pb.go:736.11,737.24 1 0
github.com/kamilmucik/api-gateway/pkg/department/pb/deparment.pb.go:738.11,739.28 1 0
github.com/kamilmucik/api-gateway/pkg/department/pb/deparment.pb.go:740.12,741.15 1 0
github.com/kamilmucik/api-gateway/pkg/department/pb/deparment.pb.go:744.3,744.104 1 0
github.com/kamilmucik/api-gateway/pkg/department/pb/deparment.pb.go:744.104,745.42 1 0
github.com/kamilmucik/api-gateway/pkg/department/pb/deparment.pb.go:746.11,747.20 1 0
github.com/kamilmucik/api-gateway/pkg/department/pb/deparment.pb.go:748.11,749.24 1 0
github.com/kamilmucik/api-gateway/pkg/department/pb/deparment.pb.go:750.11,751.28 1 0
github.com/kamilmucik/api-gateway/pkg/department/pb/deparment.pb.go:752.12,753.15 1 0
github.com/kamilmucik/api-gateway/pkg/department/pb/deparment.pb.go:756.3,756.104 1 0
github.com/kamilmucik/api-gateway/pkg/department/pb/deparment.pb.go:756.104,757.43 1 0
github.com/kamilmucik/api-gateway/pkg/department/pb/deparment.pb.go:758.11,759.20 1 0
github.com/kamilmucik/api-gateway/pkg/department/pb/deparment.pb.go:760.11,761.24 1 0
github.com/kamilmucik/api-gateway/pkg/department/pb/deparment.pb.go:762.11,763.28 1 0
github.com/kamilmucik/api-gateway/pkg/department/pb/deparment.pb.go:764.12,765.15 1 0
github.com/kamilmucik/api-gateway/pkg/department/pb/deparment.pb.go:769.2,786.54 6 0
github.com/kamilmucik/api-gateway/pkg/department/pb/deparment_grpc.pb.go:40.86,42.2 1 0
github.com/kamilmucik/api-gateway/pkg/department/pb/deparment_grpc.pb.go:44.135,47.16 3 0
github.com/kamilmucik/api-gateway/pkg/department/pb/deparment_grpc.pb.go:47.16,49.3 1 0
github.com/kamilmucik/api-gateway/pkg/department/pb/deparment_grpc.pb.go:50.2,50.17 1 0
github.com/kamilmucik/api-gateway/pkg/department/pb/deparment_grpc.pb.go:53.135,56.16 3 0
github.com/kamilmucik/api-gateway/pkg/department/pb/deparment_grpc.pb.go:56.16,58.3 1 0
github.com/kamilmucik/api-gateway/pkg/department/pb/deparment_grpc.pb.go:59.2,59.17 1 0
github.com/kamilmucik/api-gateway/pkg/department/pb/deparment_grpc.pb.go:62.144,65.16 3 0
github.com/kamilmucik/api-gateway/pkg/department/pb/deparment_grpc.pb.go:65.16,67.3 1 0
github.com/kamilmucik/api-gateway/pkg/department/pb/deparment_grpc.pb.go:68.2,68.17 1 0
github.com/kamilmucik/api-gateway/pkg/department/pb/deparment_grpc.pb.go:84.113,86.2 1 0
github.com/kamilmucik/api-gateway/pkg/department/pb/deparment_grpc.pb.go:87.113,89.2 1 0
github.com/kamilmucik/api-gateway/pkg/department/pb/deparment_grpc.pb.go:90.122,92.2 1 0
github.com/kamilmucik/api-gateway/pkg/department/pb/deparment_grpc.pb.go:101.92,103.2 1 0
github.com/kamilmucik/api-gateway/pkg/department/pb/deparment_grpc.pb.go:105.170,107.32 2 0
github.com/kamilmucik/api-gateway/pkg/department/pb/deparment_grpc.pb.go:107.32,109.3 1 0
github.com/kamilmucik/api-gateway/pkg/department/pb/deparment_grpc.pb.go:110.2,110.24 1 0
github.com/kamilmucik/api-gateway/pkg/department/pb/deparment_grpc.pb.go:110.24,112.3 1 0
github.com/kamilmucik/api-gateway/pkg/department/pb/deparment_grpc.pb.go:113.2,117.77 2 0
github.com/kamilmucik/api-gateway/pkg/department/pb/deparment_grpc.pb.go:117.77,119.3 1 0
github.com/kamilmucik/api-gateway/pkg/department/pb/deparment_grpc.pb.go:120.2,120.44 1 0
github.com/kamilmucik/api-gateway/pkg/department/pb/deparment_grpc.pb.go:123.170,125.32 2 0
github.com/kamilmucik/api-gateway/pkg/department/pb/deparment_grpc.pb.go:125.32,127.3 1 0
github.com/kamilmucik/api-gateway/pkg/department/pb/deparment_grpc.pb.go:128.2,128.24 1 0
github.com/kamilmucik/api-gateway/pkg/department/pb/deparment_grpc.pb.go:128.24,130.3 1 0
github.com/kamilmucik/api-gateway/pkg/department/pb/deparment_grpc.pb.go:131.2,135.77 2 0
github.com/kamilmucik/api-gateway/pkg/department/pb/deparment_grpc.pb.go:135.77,137.3 1 0
github.com/kamilmucik/api-gateway/pkg/department/pb/deparment_grpc.pb.go:138.2,138.44 1 0
github.com/kamilmucik/api-gateway/pkg/department/pb/deparment_grpc.pb.go:141.173,143.32 2 0
github.com/kamilmucik/api-gateway/pkg/department/pb/deparment_grpc.pb.go:143.32,145.3 1 0
github.com/kamilmucik/api-gateway/pkg/department/pb/deparment_grpc.pb.go:146.2,146.24 1 0
github.com/kamilmucik/api-gateway/pkg/department/pb/deparment_grpc.pb.go:146.24,148.3 1 0
github.com/kamilmucik/api-gateway/pkg/department/pb/deparment_grpc.pb.go:149.2,153.77 2 0
github.com/kamilmucik/api-gateway/pkg/department/pb/deparment_grpc.pb.go:153.77,155.3 1 0
github.com/kamilmucik/api-gateway/pkg/department/pb/deparment_grpc.pb.go:156.2,156.44 1 0
github.com/kamilmucik/api-gateway/pkg/department/routes/find_all.go:12.62,19.16 3 0
github.com/kamilmucik/api-gateway/pkg/department/routes/find_all.go:19.16,22.3 2 0
github.com/kamilmucik/api-gateway/pkg/department/routes/find_all.go:24.2,24.36 1 0
github.com/kamilmucik/api-gateway/pkg/department/routes/find_one.go:12.62,19.16 3 0
github.com/kamilmucik/api-gateway/pkg/department/routes/find_one.go:19.16,22.3 2 0
github.com/kamilmucik/api-gateway/pkg/department/routes/find_one.go:24.2,24.36 1 0
github.com/kamilmucik/api-gateway/pkg/department/routes/find_pagged.go:12.65,23.16 5 0
github.com/kamilmucik/api-gateway/pkg/department/routes/find_pagged.go:23.16,26.3 2 0
github.com/kamilmucik/api-gateway/pkg/department/routes/find_pagged.go:28.2,28.31 1 0
github.com/kamilmucik/api-gateway/pkg/question/routes/find_all.go:12.69,19.16 2 0
github.com/kamilmucik/api-gateway/pkg/question/routes/find_all.go:19.16,22.3 2 0
github.com/kamilmucik/api-gateway/pkg/question/routes/find_all.go:24.2,24.31 1 0
github.com/kamilmucik/api-gateway/pkg/question/routes/find_pagged.go:12.72,23.16 5 0
github.com/kamilmucik/api-gateway/pkg/question/routes/find_pagged.go:23.16,26.3 2 0
github.com/kamilmucik/api-gateway/pkg/question/routes/find_pagged.go:28.2,28.31 1 0
github.com/kamilmucik/api-gateway/pkg/quiz/client.go:15.63,19.16 2 0
github.com/kamilmucik/api-gateway/pkg/quiz/client.go:19.16,21.3 1 0
github.com/kamilmucik/api-gateway/pkg/quiz/client.go:23.2,23.36 1 0
github.com/kamilmucik/api-gateway/pkg/quiz/routes.go:10.83,21.2 6 0
github.com/kamilmucik/api-gateway/pkg/quiz/routes.go:23.60,25.2 1 0
github.com/kamilmucik/api-gateway/pkg/quiz/pb/quiz.pb.go:35.38,37.29 2 0
github.com/kamilmucik/api-gateway/pkg/quiz/pb/quiz.pb.go:37.29,41.3 3 0
github.com/kamilmucik/api-gateway/pkg/quiz/pb/quiz.pb.go:44.46,46.2 1 0
github.com/kamilmucik/api-gateway/pkg/quiz/pb/quiz.pb.go:48.44,48.45 0 0
github.com/kamilmucik/api-gateway/pkg/quiz/pb/quiz.pb.go:50.66,52.41 2 0
github.com/kamilmucik/api-gateway/pkg/quiz/pb/quiz.pb.go:52.41,54.34 2 0
github.com/kamilmucik/api-gateway/pkg/quiz/pb/quiz.pb.go:54.34,56.4 1 0
github.com/kamilmucik/api-gateway/pkg/quiz/pb/quiz.pb.go:57.3,57.12 1 0
github.com/kamilmucik/api-gateway/pkg/quiz/pb/quiz.pb.go:59.2,59.24 1 0
github.com/kamilmucik/api-gateway/pkg/quiz/pb/quiz.pb.go:63.57,65.2 1 0
github.com/kamilmucik/api-gateway/pkg/quiz/pb/quiz.pb.go:67.44,68.14 1 0
github.com/kamilmucik/api-gateway/pkg/quiz/pb/quiz.pb.go:68.14,70.3 1 0
github.com/kamilmucik/api-gateway/pkg/quiz/pb/quiz.pb.go:71.2,71.10 1 0
github.com/kamilmucik/api-gateway/pkg/quiz/pb/quiz.pb.go:74.49,75.14 1 0
github.com/kamilmucik/api-gateway/pkg/quiz/pb/quiz.pb.go:75.14,77.3 1 0
github.com/kamilmucik/api-gateway/pkg/quiz/pb/quiz.pb.go:78.2,78.11 1 0
github.com/kamilmucik/api-gateway/pkg/quiz/pb/quiz.pb.go:81.50,82.14 1 0
github.com/kamilmucik/api-gateway/pkg/quiz/pb/quiz.pb.go:82.14,84.3 1 0
github.com/kamilmucik/api-gateway/pkg/quiz/pb/quiz.pb.go:85.2,85.11 1 0
github.com/kamilmucik/api-gateway/pkg/quiz/pb/quiz.pb.go:88.54,89.14 1 0
github.com/kamilmucik/api-gateway/pkg/quiz/pb/quiz.pb.go:89.14,91.3 1 0
github.com/kamilmucik/api-gateway/pkg/quiz/pb/quiz.pb.go:92.2,92.10 1 0
github.com/kamilmucik/api-gateway/pkg/quiz/pb/quiz.pb.go:107.38,109.29 2 0
github.com/kamilmucik/api-gateway/pkg/quiz/pb/quiz.pb.go:109.29,113.3 3 0
github.com/kamilmucik/api-gateway/pkg/quiz/pb/quiz.pb.go:116.46,118.2 1 0
github.com/kamilmucik/api-gateway/pkg/quiz/pb/quiz.pb.go:120.44,120.45 0 0
github.com/kamilmucik/api-gateway/pkg/quiz/pb/quiz.pb.go:122.66,124.41 2 0
github.com/kamilmucik/api-gateway/pkg/quiz/pb/quiz.pb.go:124.41,126.34 2 0
github.com/kamilmucik/api-gateway/pkg/quiz/pb/quiz.pb.go:126.34,128.4 1 0
github.com/kamilmucik/api-gateway/pkg/quiz/pb/quiz.pb.go:129.3,129.12 1 0
github.com/kamilmucik/api-gateway/pkg/quiz/pb/quiz.pb.go:131.2,131.24 1 0
github.com/kamilmucik/api-gateway/pkg/quiz/pb/quiz.pb.go:135.57,137.2 1 0
github.com/kamilmucik/api-gateway/pkg/quiz/pb/quiz.pb.go:139.44,140.14 1 0
github.com/kamilmucik/api-gateway/pkg/quiz/pb/quiz.pb.go:140.14,142.3 1 0
github.com/kamilmucik/api-gateway/pkg/quiz/pb/quiz.pb.go:143.2,143.10 1 0
github.com/kamilmucik/api-gateway/pkg/quiz/pb/quiz.pb.go:146.47,147.14 1 0
github.com/kamilmucik/api-gateway/pkg/quiz/pb/quiz.pb.go:147.14,149.3 1 0
github.com/kamilmucik/api-gateway/pkg/quiz/pb/quiz.pb.go:150.2,150.11 1 0
github.com/kamilmucik/api-gateway/pkg/quiz/pb/quiz.pb.go:153.51,154.14 1 0
github.com/kamilmucik/api-gateway/pkg/quiz/pb/quiz.pb.go:154.14,156.3 1 0
github.com/kamilmucik/api-gateway/pkg/quiz/pb/quiz.pb.go:157.2,157.11 1 0
github.com/kamilmucik/api-gateway/pkg/quiz/pb/quiz.pb.go:160.52,161.14 1 0
github.com/kamilmucik/api-gateway/pkg/quiz/pb/quiz.pb.go:161.14,163.3 1 0
github.com/kamilmucik/api-gateway/pkg/quiz/pb/quiz.pb.go:164.2,164.10 1 0
github.com/kamilmucik/api-gateway/pkg/quiz/pb/quiz.pb.go:167.65,168.14 1 0
github.com/kamilmucik/api-gateway/pkg/quiz/pb/quiz.pb.go:168.14,170.3 1 0
github.com/kamilmucik/api-gateway/pkg/quiz/pb/quiz.pb.go:171.2,171.12 1 0
github.com/kamilmucik/api-gateway/pkg/quiz/pb/quiz.pb.go:184.41,186.29 2 0
github.com/kamilmucik/api-gateway/pkg/quiz/pb/quiz.pb.go:186.29,190.3 3 0
github.com/kamilmucik/api-gateway/pkg/quiz/pb/quiz.pb.go:193.49,195.2 1 0
github.com/kamilmucik/api-gateway/pkg/quiz/pb/quiz.pb.go:197.47,197.48 0 0
github.com/kamilmucik/api-gateway/pkg/quiz/pb/quiz.pb.go:199.69,201.41 2 0
github.com/kamilmucik/api-gateway/pkg/quiz/pb/quiz.pb.go:201.41,203.34 2 0
github.com/kamilmucik/api-gateway/pkg/quiz/pb/quiz.pb.go:203.34,205.4 1 0
github.com/kamilmucik/api-gateway/pkg/quiz/pb/quiz.pb.go:206.3,206.12 1 0
github.com/kamilmucik/api-gateway/pkg/quiz/pb/quiz.pb.go:208.2,208.24 1 0
github.com/kamilmucik/api-gateway/pkg/quiz/pb/quiz.pb.go:212.60,214.2 1 0
github.com/kamilmucik/api-gateway/pkg/quiz/pb/quiz.pb.go:216.55,217.14 1 0
github.com/kamilmucik/api-gateway/pkg/quiz/pb/quiz.pb.go:217.14,219.3 1 0
github.com/kamilmucik/api-gateway/pkg/quiz/pb/quiz.pb.go:220.2,220.10 1 0
github.com/kamilmucik/api-gateway/pkg/quiz/pb/quiz.pb.go:223.56,224.14 1 0
github.com/kamilmucik/api-gateway/pkg/quiz/pb/quiz.pb.go:224.14,226.3 1 0
github.com/kamilmucik/api-gateway/pkg/quiz/pb/quiz.pb.go:227.2,227.10 1 0
github.com/kamilmucik/api-gateway/pkg/quiz/pb/quiz.pb.go:230.53,231.14 1 0
github.com/kamilmucik/api-gateway/pkg/quiz/pb/quiz.pb.go:231.14,233.3 1 0
github.com/kamilmucik/api-gateway/pkg/quiz/pb/quiz.pb.go:234.2,234.10 1 0
github.com/kamilmucik/api-gateway/pkg/quiz/pb/quiz.pb.go:248.42,250.29 2 0
github.com/kamilmucik/api-gateway/pkg/quiz/pb/quiz.pb.go:250.29,254.3 3 0
github.com/kamilmucik/api-gateway/pkg/quiz/pb/quiz.pb.go:257.50,259.2 1 0
github.com/kamilmucik/api-gateway/pkg/quiz/pb/quiz.pb.go:261.48,261.49 0 0
github.com/kamilmucik/api-gateway/pkg/quiz/pb/quiz.pb.go:263.70,265.41 2 0
github.com/kamilmucik/api-gateway/pkg/quiz/pb/quiz.pb.go:265.41,267.34 2 0
github.com/kamilmucik/api-gateway/pkg/quiz/pb/quiz.pb.go:267.34,269.4 1 0
github.com/kamilmucik/api-gateway/pkg/quiz/pb/quiz.pb.go:270.3,270.12 1 0
github.com/kamilmucik/api-gateway/pkg/quiz/pb/quiz.pb.go:272.2,272.24 1 0
github.com/kamilmucik/api-gateway/pkg/quiz/pb/quiz.pb.go:276.61,278.2 1 0
github.com/kamilmucik/api-gateway/pkg/quiz/pb/quiz.pb.go:280.52,281.14 1 0
github.com/kamilmucik/api-gateway/pkg/quiz/pb/quiz.pb.go:281.14,283.3 1 0
github.com/kamilmucik/api-gateway/pkg/quiz/pb/quiz.pb.go:284.2,284.10 1 0
github.com/kamilmucik/api-gateway/pkg/quiz/pb/quiz.pb.go:287.52,288.14 1 0
github.com/kamilmucik/api-gateway/pkg/quiz/pb/quiz.pb.go:288.14,290.3 1 0
github.com/kamilmucik/api-gateway/pkg/quiz/pb/quiz.pb.go:291.2,291.11 1 0
github.com/kamilmucik/api-gateway/pkg/quiz/pb/quiz.pb.go:294.55,295.14 1 0
github.com/kamilmucik/api-gateway/pkg/quiz/pb/quiz.pb.go:295.14,297.3 1 0
github.com/kamilmucik/api-gateway/pkg/quiz/pb/quiz.pb.go:298.2,298.10 1 0
github.com/kamilmucik/api-gateway/pkg/quiz/pb/quiz.pb.go:301.66,302.14 1 0
github.com/kamilmucik/api-gateway/pkg/quiz/pb/quiz.pb.go:302.14,304.3 1 0
github.com/kamilmucik/api-gateway/pkg/quiz/pb/quiz.pb.go:305.2,305.12 1 0
github.com/kamilmucik/api-gateway/pkg/quiz/pb/quiz.pb.go:363.55,364.52 1 0
github.com/kamilmucik/api-gateway/pkg/quiz/pb/quiz.pb.go:364.52,366.3 1 0
github.com/kamilmucik/api-gateway/pkg/quiz/pb/quiz.pb.go:367.2,367.48 1 0
github.com/kamilmucik/api-gateway/pkg/quiz/pb/quiz.pb.go:389.13,389.51 1 0
github.com/kamilmucik/api-gateway/pkg/quiz/pb/quiz.pb.go:390.41,391.40 1 0
github.com/kamilmucik/api-gateway/pkg/quiz/pb/quiz.pb.go:391.40,393.3 1 0
github.com/kamilmucik/api-gateway/pkg/quiz/pb/quiz.pb.go:394.2,394.30 1 0
github.com/kamilmucik/api-gateway/pkg/quiz/pb/quiz.pb.go:394.30,395.93 1 0
github.com/kamilmucik/api-gateway/pkg/quiz/pb/quiz.pb.go:395.93,396.43 1 0
github.com/kamilmucik/api-gateway/pkg/quiz/pb/quiz.pb.go:397.11,398.20 1 0
github.com/kamilmucik/api-gateway/pkg/quiz/pb/quiz.pb.go:399.11,400.24 1 0
github.com/kamilmucik/api-gateway/pkg/quiz/pb/quiz.pb.go:401.11,402.28 1 0
github.com/kamilmucik/api-gateway/pkg/quiz/pb/quiz.pb.go:403.12,404.15 1 0
github.com/kamilmucik/api-gateway/pkg/quiz/pb/quiz.pb.go:407.3,407.93 1 0
github.com/kamilmucik/api-gateway/pkg/quiz/pb/quiz.pb.go:407.93,408.43 1 0
github.com/kamilmucik/api-gateway/pkg/quiz/pb/quiz.pb.go:409.11,410.20 1 0
github.com/kamilmucik/api-gateway/pkg/quiz/pb/quiz.pb.go:411.11,412.24 1 0
github.com/kamilmucik/api-gateway/pkg/quiz/pb/quiz.pb.go:413.11,414.28 1 0
github.com/kamilmucik/api-gateway/pkg/quiz/pb/quiz.pb.go:415.12,416.15 1 0
github.com/kamilmucik/api-gateway/pkg/quiz/pb/quiz.pb.go:419.3,419.93 1 0
github.com/kamilmucik/api-gateway/pkg/quiz/pb/quiz.pb.go:419.93,420.46 1 0
github.com/kamilmucik/api-gateway/pkg/quiz/pb/quiz.pb.go:421.11,422.20 1 0
github.com/kamilmucik/api-gateway/pkg/quiz/pb/quiz.pb.go:423.11,424.24 1 0
github.com/kamilmucik/api-gateway/pkg/quiz/pb/quiz.pb.go:425.11,426.28 1 0
github.com/kamilmucik/api-gateway/pkg/quiz/pb/quiz.pb.go:427.12,428.15 1 0
github.com/kamilmucik/api-gateway/pkg/quiz/pb/quiz.pb.go:431.3,431.93 1 0
github.com/kamilmucik/api-gateway/pkg/quiz/pb/quiz.pb.go:431.93,432.47 1 0
github.com/kamilmucik/api-gateway/pkg/quiz/pb/quiz.pb.go:433.11,434.20 1 0
github.com/kamilmucik/api-gateway/pkg/quiz/pb/quiz.pb.go:435.11,436.24 1 0
github.com/kamilmucik/api-gateway/pkg/quiz/pb/quiz.pb.go:437.11,438.28 1 0
github.com/kamilmucik/api-gateway/pkg/quiz/pb/quiz.pb.go:439.12,440.15 1 0
github.com/kamilmucik/api-gateway/pkg/quiz/pb/quiz.pb.go:444.2,461.43 6 0
github.com/kamilmucik/api-gateway/pkg/quiz/pb/quiz_grpc.pb.go:36.74,38.2 1 0
github.com/kamilmucik/api-gateway/pkg/quiz/pb/quiz_grpc.pb.go:40.150,43.16 3 0
github.com/kamilmucik/api-gateway/pkg/quiz/pb/quiz_grpc.pb.go:43.16,45.3 1 0
github.com/kamilmucik/api-gateway/pkg/quiz/pb/quiz_grpc.pb.go:46.2,46.17 1 0
github.com/kamilmucik/api-gateway/pkg/quiz/pb/quiz_grpc.pb.go:60.128,62.2 1 0
github.com/kamilmucik/api-gateway/pkg/quiz/pb/quiz_grpc.pb.go:71.80,73.2 1 0
github.com/kamilmucik/api-gateway/pkg/quiz/pb/quiz_grpc.pb.go:75.171,77.32 2 0
github.com/kamilmucik/api-gateway/pkg/quiz/pb/quiz_grpc.pb.go:77.32,79.3 1 0
github.com/kamilmucik/api-gateway/pkg/quiz/pb/quiz_grpc.pb.go:80.2,80.24 1 0
github.com/kamilmucik/api-gateway/pkg/quiz/pb/quiz_grpc.pb.go:80.24,82.3 1 0
github.com/kamilmucik/api-gateway/pkg/quiz/pb/quiz_grpc.pb.go:83.2,87.77 2 0
github.com/kamilmucik/api-gateway/pkg/quiz/pb/quiz_grpc.pb.go:87.77,89.3 1 0
github.com/kamilmucik/api-gateway/pkg/quiz/pb/quiz_grpc.pb.go:90.2,90.44 1 0
github.com/kamilmucik/api-gateway/pkg/quiz/routes/find_pagged.go:12.63,23.16 5 0
github.com/kamilmucik/api-gateway/pkg/quiz/routes/find_pagged.go:23.16,26.3 2 0
github.com/kamilmucik/api-gateway/pkg/quiz/routes/find_pagged.go:28.2,28.31 1 0
